Archive member included because of file (symbol)

C:\Program Files (x86)\VEX Robotics\VEXcode Pro V5\sdk/vexv5\libv5rt.a(v5_startup.c.obj)
                              (vexStartup)
C:\Program Files (x86)\VEX Robotics\VEXcode Pro V5\sdk/vexv5\libv5rt.a(v5_util.c.obj)
                              C:\Program Files (x86)\VEX Robotics\VEXcode Pro V5\sdk/vexv5\libv5rt.a(v5_startup.c.obj) (vexStdlibVersionLinked)
C:\Program Files (x86)\VEX Robotics\VEXcode Pro V5\sdk/vexv5\libv5rt.a(v5_apijump.c.obj)
                              C:\Program Files (x86)\VEX Robotics\VEXcode Pro V5\sdk/vexv5\libv5rt.a(v5_startup.c.obj) (vexPrivateApiEnable)
C:\Program Files (x86)\VEX Robotics\VEXcode Pro V5\sdk/vexv5\libv5rt.a(v5_apiversions.c.obj)
                              C:\Program Files (x86)\VEX Robotics\VEXcode Pro V5\sdk/vexv5\libv5rt.a(v5_apijump.c.obj) (vexSystemVersion)
C:\Program Files (x86)\VEX Robotics\VEXcode Pro V5\sdk/vexv5\libv5rt.a(vex_global.cpp.obj)
                              build/src/progskills.o (vex::wait(double, vex::timeUnits))
C:\Program Files (x86)\VEX Robotics\VEXcode Pro V5\sdk/vexv5\libv5rt.a(vex_motor.cpp.obj)
                              build/src/progskills.o (vex::motor::~motor())
C:\Program Files (x86)\VEX Robotics\VEXcode Pro V5\sdk/vexv5\libv5rt.a(vex_optical.cpp.obj)
                              build/src/robot-config.o (vex::optical::~optical())
C:\Program Files (x86)\VEX Robotics\VEXcode Pro V5\sdk/vexv5\libv5rt.a(vex_distance.cpp.obj)
                              build/src/robot-config.o (vex::distance::~distance())
C:\Program Files (x86)\VEX Robotics\VEXcode Pro V5\sdk/vexv5\libv5rt.a(vex_controller.cpp.obj)
                              build/src/main.o (vex::controller::~controller())
C:\Program Files (x86)\VEX Robotics\VEXcode Pro V5\sdk/vexv5\libv5rt.a(vex_thread.cpp.obj)
                              C:\Program Files (x86)\VEX Robotics\VEXcode Pro V5\sdk/vexv5\libv5rt.a(vex_global.cpp.obj) (vex::this_thread::sleep_for(unsigned long))
C:\Program Files (x86)\VEX Robotics\VEXcode Pro V5\sdk/vexv5\libv5rt.a(vex_event.cpp.obj)
                              build/src/progskills.o (vex::event::event(void (*)()))
C:\Program Files (x86)\VEX Robotics\VEXcode Pro V5\sdk/vexv5\libv5rt.a(vex_mevent.cpp.obj)
                              C:\Program Files (x86)\VEX Robotics\VEXcode Pro V5\sdk/vexv5\libv5rt.a(vex_controller.cpp.obj) (vex::mevent::mevent(unsigned long, unsigned long))
C:\Program Files (x86)\VEX Robotics\VEXcode Pro V5\sdk/vexv5\libv5rt.a(vex_brain.cpp.obj)
                              build/src/progskills.o (vex::brain::lcd::setFont(vex::fontType))
C:\Program Files (x86)\VEX Robotics\VEXcode Pro V5\sdk/vexv5\libv5rt.a(vex_competition.cpp.obj)
                              build/src/main.o (vex::competition::competition())
C:\Program Files (x86)\VEX Robotics\VEXcode Pro V5\sdk/vexv5\libv5rt.a(vex_triport.cpp.obj)
                              C:\Program Files (x86)\VEX Robotics\VEXcode Pro V5\sdk/vexv5\libv5rt.a(vex_brain.cpp.obj) (vex::triport::~triport())
C:\Program Files (x86)\VEX Robotics\VEXcode Pro V5\sdk/vexv5\libv5rt.a(vex_color.cpp.obj)
                              C:\Program Files (x86)\VEX Robotics\VEXcode Pro V5\sdk/vexv5\libv5rt.a(vex_optical.cpp.obj) (vex::color::~color())
C:\Program Files (x86)\VEX Robotics\VEXcode Pro V5\sdk/vexv5\libv5rt.a(vex_timer.cpp.obj)
                              C:\Program Files (x86)\VEX Robotics\VEXcode Pro V5\sdk/vexv5\libv5rt.a(vex_brain.cpp.obj) (vex::timer::~timer())
C:\Program Files (x86)\VEX Robotics\VEXcode Pro V5\sdk/vexv5\libv5rt.a(v5_apiuser.c.obj)
                              C:\Program Files (x86)\VEX Robotics\VEXcode Pro V5\sdk/vexv5\libv5rt.a(vex_triport.cpp.obj) (vexAdiPortConfigSet)
C:\Program Files (x86)\VEX Robotics\VEXcode Pro V5\sdk/vexv5\libv5rt.a(vex_device.cpp.obj)
                              C:\Program Files (x86)\VEX Robotics\VEXcode Pro V5\sdk/vexv5\libv5rt.a(vex_motor.cpp.obj) (vex::device::~device())
C:\Program Files (x86)\VEX Robotics\VEXcode Pro V5\sdk/vexv5\libv5rt.a(vex_task.cpp.obj)
                              C:\Program Files (x86)\VEX Robotics\VEXcode Pro V5\sdk/vexv5\libv5rt.a(vex_competition.cpp.obj) (vex::task::task(int (*)()))
C:\Program Files (x86)\VEX Robotics\VEXcode Pro V5\sdk/vexv5/gcc/libs\libc.a(lib_a-fini.o)
                              C:\Program Files (x86)\VEX Robotics\VEXcode Pro V5\sdk/vexv5\libv5rt.a(v5_startup.c.obj) (__libc_fini_array)
C:\Program Files (x86)\VEX Robotics\VEXcode Pro V5\sdk/vexv5/gcc/libs\libc.a(lib_a-impure.o)
                              C:\Program Files (x86)\VEX Robotics\VEXcode Pro V5\sdk/vexv5\libv5rt.a(v5_startup.c.obj) (_impure_ptr)
C:\Program Files (x86)\VEX Robotics\VEXcode Pro V5\sdk/vexv5/gcc/libs\libc.a(lib_a-init.o)
                              C:\Program Files (x86)\VEX Robotics\VEXcode Pro V5\sdk/vexv5\libv5rt.a(v5_startup.c.obj) (__libc_init_array)
[...]
Memory Configuration

Name             Origin             Length             Attributes
ps7_ddr_0_S_AXI_BASEADDR 0x03800000         0x04800000
*default*        0x00000000         0xffffffff

Linker script and memory map

                0x00002000                _STACK_SIZE = DEFINED (_STACK_SIZE)?_STACK_SIZE:0x2000
                0x00100000                _HEAP_SIZE = DEFINED (_HEAP_SIZE)?_HEAP_SIZE:0x100000
                0x00000400                _ABORT_STACK_SIZE = DEFINED (_ABORT_STACK_SIZE)?_ABORT_STACK_SIZE:0x400
                0x00000800                _SUPERVISOR_STACK_SIZE = DEFINED (_SUPERVISOR_STACK_SIZE)?_SUPERVISOR_STACK_SIZE:0x800
                0x00000400                _IRQ_STACK_SIZE = DEFINED (_IRQ_STACK_SIZE)?_IRQ_STACK_SIZE:0x400
                0x00000400                _FIQ_STACK_SIZE = DEFINED (_FIQ_STACK_SIZE)?_FIQ_STACK_SIZE:0x400
                0x00000400                _UNDEF_STACK_SIZE = DEFINED (_UNDEF_STACK_SIZE)?_UNDEF_STACK_SIZE:0x400

.text           0x03800000     0x4fd0
 *(.vectors)
 *(.boot_data)
 .boot_data     0x03800000       0x20 C:\Program Files (x86)\VEX Robotics\VEXcode Pro V5\sdk/vexv5\libv5rt.a(v5_startup.c.obj)
                0x03800000                vexCodeSig
                0x00000020                . = 0x20
 *(.boot)
 .boot          0x03800020       0xbc C:\Program Files (x86)\VEX Robotics\VEXcode Pro V5\sdk/vexv5\libv5rt.a(v5_startup.c.obj)
                0x03800020                vexStartup
                0x03800100                . = ALIGN (0x40)
 *fill*         0x038000dc       0x24 
 *(.freertos_vectors)
 *(.text)
 *(.text.*)
 .text._Z11intakeDrivev
                0x03800100      0x100 build/src/intakes.o
                0x03800100                intakeDrive()
 .text._Z4moveddb
                0x03800200       0xd8 build/src/progskills.o
                0x03800200                move(double, double, bool)
 .text._Z11strafeRightddb
                0x038002d8       0xe8 build/src/progskills.o
                0x038002d8                strafeRight(double, double, bool)
 .text._Z9spinRobotdbdb
                0x038003c0      0x108 build/src/progskills.o
                0x038003c0                spinRobot(double, bool, double, bool)
 .text._Z6intakev
                0x038004c8       0x60 build/src/progskills.o
                0x038004c8                intake()
 .text._Z7outtakei
                0x03800528       0x5c build/src/progskills.o
                0x03800528                outtake(int)
 .text._Z10brakeMotorN3vex5motorE
                0x03800584        0x8 build/src/progskills.o
                0x03800584                brakeMotor(vex::motor)
 .text._Z10alignRobotv
                0x0380058c       0x30 build/src/progskills.o
                0x0380058c                alignRobot()
 .text._Z9alignBackv
                0x038005bc       0x30 build/src/progskills.o
                0x038005bc                alignBack()
 *fill*         0x038005ec        0x4 
 .text._Z11stopRollersv
                0x038005f0       0xa8 build/src/progskills.o
                0x038005f0                stopRollers()
 .text._Z6alignLv
                0x03800698       0x30 build/src/progskills.o
                0x03800698                alignL()
 .text._Z9trackTimev
                0x038006c8       0x90 build/src/progskills.o
                0x038006c8                trackTime()
 .text._GLOBAL__sub_I_progskills.cpp
                0x03800758      0x118 build/src/progskills.o
 .text._Z9pre_autonv
                0x03800870       0xc0 build/src/main.o
                0x03800870                pre_auton()
 .text._Z10autonomousv
                0x03800930        0x4 build/src/main.o
                0x03800930                autonomous()
 .text._Z11usercontrolv
                0x03800934       0x5c build/src/main.o
                0x03800934                usercontrol()
 .text.main     0x03800990       0x68 build/src/main.o
                0x03800990                main
 .text._GLOBAL__sub_I_main.cpp
                0x038009f8      0x1d8 build/src/main.o
 .text._Z7movePiddd
                0x03800bd0      0x348 build/src/pid.o
                0x03800bd0                movePid(double, double)
 .text._Z11vexcodeInitv
                0x03800f18        0x4 build/src/robot-config.o
                0x03800f18                vexcodeInit()
 .text._GLOBAL__sub_I_robot_config.cpp
                0x03800f1c      0x164 build/src/robot-config.o
 .text._Z7releasev
                0x03801080       0xc0 build/src/autonselect.o
                0x03801080                release()
 .text._Z5autonv
                0x03801140        0x8 build/src/autonselect.o
                0x03801140                auton()
 .text._Z7rollersv
                0x03801148      0x12c build/src/rollers.o
                0x03801148                rollers()
 *fill*         0x03801274        0x4 
 .text._Z18calcPowerReductiondd
                0x03801278      0x128 build/src/drive-spline.o
                0x03801278                calcPowerReduction(double, double)
 .text._Z5drivev
                0x038013a0      0x8f0 build/src/drive-spline.o
                0x038013a0                drive()
 .text._GLOBAL__sub_I_drive_spline.cpp
                0x03801c90       0x44 build/src/drive-spline.o
 .text._Z9motorInfov
                0x03801cd4       0xf0 build/src/motorinfo.o
                0x03801cd4                motorInfo()
 .text._Z8keepTimev
                0x03801dc4       0x44 build/src/matchauton.o
                0x03801dc4                keepTime()
 .text._Z6alignFv
                0x03801e08       0x30 build/src/matchauton.o
                0x03801e08                alignF()
 .text._Z10alignRightv
                0x03801e38       0x98 build/src/matchauton.o
                0x03801e38                alignRight()
 .text._Z12autonRowBlueb
                0x03801ed0      0x6e0 build/src/matchauton.o
                0x03801ed0                autonRowBlue(bool)
 .text._GLOBAL__sub_I_matchauton.cpp
                0x038025b0       0x94 build/src/matchauton.o
 .text.vexMain  0x03802644       0xb0 C:\Program Files (x86)\VEX Robotics\VEXcode Pro V5\sdk/vexv5\libv5rt.a(v5_startup.c.obj)
                0x03802644                vexMain
 .text.__vex_function_prolog
                0x038026f4       0x18 C:\Program Files (x86)\VEX Robotics\VEXcode Pro V5\sdk/vexv5\libv5rt.a(v5_startup.c.obj)
                0x038026f4                __vex_function_prolog
 .text._init    0x0380270c        0x4 C:\Program Files (x86)\VEX Robotics\VEXcode Pro V5\sdk/vexv5\libv5rt.a(v5_startup.c.obj)
                0x0380270c                _init
 .text._fini    0x03802710        0x4 C:\Program Files (x86)\VEX Robotics\VEXcode Pro V5\sdk/vexv5\libv5rt.a(v5_startup.c.obj)
                0x03802710                _fini
 .text.vexStdlibVersionLinked
                0x03802714        0xc C:\Program Files (x86)\VEX Robotics\VEXcode Pro V5\sdk/vexv5\libv5rt.a(v5_util.c.obj)
                0x03802714                vexStdlibVersionLinked
 .text.vexStdlibVersionVerify
                0x03802720       0x30 C:\Program Files (x86)\VEX Robotics\VEXcode Pro V5\sdk/vexv5\libv5rt.a(v5_util.c.obj)
                0x03802720                vexStdlibVersionVerify
 .text.vexPrivateApiEnable
                0x03802750       0x10 C:\Program Files (x86)\VEX Robotics\VEXcode Pro V5\sdk/vexv5\libv5rt.a(v5_apijump.c.obj)
                0x03802750                vexPrivateApiEnable
 .text.vexStdlibMismatchError
                0x03802760       0x3c C:\Program Files (x86)\VEX Robotics\VEXcode Pro V5\sdk/vexv5\libv5rt.a(v5_apijump.c.obj)
                0x03802760                vexStdlibMismatchError
 .text.vexTaskAdd
                0x0380279c       0x10 C:\Program Files (x86)\VEX Robotics\VEXcode Pro V5\sdk/vexv5\libv5rt.a(v5_apijump.c.obj)
                0x0380279c                vexTaskAdd
 .text.vexTasksRun
                0x038027ac       0x10 C:\Program Files (x86)\VEX Robotics\VEXcode Pro V5\sdk/vexv5\libv5rt.a(v5_apijump.c.obj)
                0x038027ac                vexTasksRun
 .text.vexTaskYield
                0x038027bc       0x10 C:\Program Files (x86)\VEX Robotics\VEXcode Pro V5\sdk/vexv5\libv5rt.a(v5_apijump.c.obj)
                0x038027bc                vexTaskYield
 .text.vexTaskCheckTimeslice
                0x038027cc       0x10 C:\Program Files (x86)\VEX Robotics\VEXcode Pro V5\sdk/vexv5\libv5rt.a(v5_apijump.c.obj)
                0x038027cc                vexTaskCheckTimeslice
 .text.vexTaskSleep
                0x038027dc       0x10 C:\Program Files (x86)\VEX Robotics\VEXcode Pro V5\sdk/vexv5\libv5rt.a(v5_apijump.c.obj)
                0x038027dc                vexTaskSleep
 .text.vexTasksDump
                0x038027ec       0x1c C:\Program Files (x86)\VEX Robotics\VEXcode Pro V5\sdk/vexv5\libv5rt.a(v5_apijump.c.obj)
                0x038027ec                vexTasksDump
 .text.vexTaskGetTaskIndex
                0x03802808       0x10 C:\Program Files (x86)\VEX Robotics\VEXcode Pro V5\sdk/vexv5\libv5rt.a(v5_apijump.c.obj)
                0x03802808                vexTaskGetTaskIndex
 .text.vexTaskStopAll
                0x03802818       0x10 C:\Program Files (x86)\VEX Robotics\VEXcode Pro V5\sdk/vexv5\libv5rt.a(v5_apijump.c.obj)
                0x03802818                vexTaskStopAll
 .text.vexTaskRemoveAllUser
                0x03802828       0x34 C:\Program Files (x86)\VEX Robotics\VEXcode Pro V5\sdk/vexv5\libv5rt.a(v5_apijump.c.obj)
                0x03802828                vexTaskRemoveAllUser
 .text.vexTaskCompletionIdSet
                0x0380285c       0x10 C:\Program Files (x86)\VEX Robotics\VEXcode Pro V5\sdk/vexv5\libv5rt.a(v5_apijump.c.obj)
                0x0380285c                vexTaskCompletionIdSet
 .text.vexTaskStopWithId
                0x0380286c       0x10 C:\Program Files (x86)\VEX Robotics\VEXcode Pro V5\sdk/vexv5\libv5rt.a(v5_apijump.c.obj)
                0x0380286c                vexTaskStopWithId
 .text.vexCriticalSection
                0x0380287c       0x2c C:\Program Files (x86)\VEX Robotics\VEXcode Pro V5\sdk/vexv5\libv5rt.a(v5_apijump.c.obj)
                0x0380287c                vexCriticalSection
 .text.vexEventBroadcast
                0x038028a8       0x24 C:\Program Files (x86)\VEX Robotics\VEXcode Pro V5\sdk/vexv5\libv5rt.a(v5_apijump.c.obj)
                0x038028a8                vexEventBroadcast
 .text.vexEventAdd
                0x038028cc       0x34 C:\Program Files (x86)\VEX Robotics\VEXcode Pro V5\sdk/vexv5\libv5rt.a(v5_apijump.c.obj)
                0x038028cc                vexEventAdd
 .text.vexEventUserIndexGet
                0x03802900       0x1c C:\Program Files (x86)\VEX Robotics\VEXcode Pro V5\sdk/vexv5\libv5rt.a(v5_apijump.c.obj)
                0x03802900                vexEventUserIndexGet
 .text.vexEventAddWithArg
                0x0380291c       0x3c C:\Program Files (x86)\VEX Robotics\VEXcode Pro V5\sdk/vexv5\libv5rt.a(v5_apijump.c.obj)
                0x0380291c                vexEventAddWithArg
 .text.vexEventsCleanup
                0x03802958       0x2c C:\Program Files (x86)\VEX Robotics\VEXcode Pro V5\sdk/vexv5\libv5rt.a(v5_apijump.c.obj)
                0x03802958                vexEventsCleanup
 .text.vexDebug
                0x03802984       0x38 C:\Program Files (x86)\VEX Robotics\VEXcode Pro V5\sdk/vexv5\libv5rt.a(v5_apijump.c.obj)
                0x03802984                vexDebug
 .text.vex_sprintf
                0x038029bc       0x40 C:\Program Files (x86)\VEX Robotics\VEXcode Pro V5\sdk/vexv5\libv5rt.a(v5_apijump.c.obj)
                0x038029bc                vex_sprintf
 .text.vex_vsnprintf
                0x038029fc       0x3c C:\Program Files (x86)\VEX Robotics\VEXcode Pro V5\sdk/vexv5\libv5rt.a(v5_apijump.c.obj)
                0x038029fc                vex_vsnprintf
 .text.vexSystemTimeGet
                0x03802a38       0x1c C:\Program Files (x86)\VEX Robotics\VEXcode Pro V5\sdk/vexv5\libv5rt.a(v5_apijump.c.obj)
                0x03802a38                vexSystemTimeGet
 .text.vexSystemExitRequest
                0x03802a54       0x1c C:\Program Files (x86)\VEX Robotics\VEXcode Pro V5\sdk/vexv5\libv5rt.a(v5_apijump.c.obj)
                0x03802a54                vexSystemExitRequest
 .text.vexDeviceGetByIndex
                0x03802a70       0x24 C:\Program Files (x86)\VEX Robotics\VEXcode Pro V5\sdk/vexv5\libv5rt.a(v5_apijump.c.obj)
                0x03802a70                vexDeviceGetByIndex
 .text.vexControllerGet
                0x03802a94       0x2c C:\Program Files (x86)\VEX Robotics\VEXcode Pro V5\sdk/vexv5\libv5rt.a(v5_apijump.c.obj)
                0x03802a94                vexControllerGet
 .text.vexDeviceAdiPortConfigSet
                0x03802ac0       0x34 C:\Program Files (x86)\VEX Robotics\VEXcode Pro V5\sdk/vexv5\libv5rt.a(v5_apijump.c.obj)
                0x03802ac0                vexDeviceAdiPortConfigSet
 .text.vexDeviceAdiPortConfigGet
                0x03802af4       0x2c C:\Program Files (x86)\VEX Robotics\VEXcode Pro V5\sdk/vexv5\libv5rt.a(v5_apijump.c.obj)
                0x03802af4                vexDeviceAdiPortConfigGet
 .text.vexDeviceAdiValueSet
                0x03802b20       0x34 C:\Program Files (x86)\VEX Robotics\VEXcode Pro V5\sdk/vexv5\libv5rt.a(v5_apijump.c.obj)
                0x03802b20                vexDeviceAdiValueSet
 .text.vexDeviceAdiValueGet
                0x03802b54       0x2c C:\Program Files (x86)\VEX Robotics\VEXcode Pro V5\sdk/vexv5\libv5rt.a(v5_apijump.c.obj)
                0x03802b54                vexDeviceAdiValueGet
 .text.vexDeviceMotorVelocitySet
                0x03802b80       0x2c C:\Program Files (x86)\VEX Robotics\VEXcode Pro V5\sdk/vexv5\libv5rt.a(v5_apijump.c.obj)
                0x03802b80                vexDeviceMotorVelocitySet
 .text.vexDeviceMotorVoltageSet
                0x03802bac       0x2c C:\Program Files (x86)\VEX Robotics\VEXcode Pro V5\sdk/vexv5\libv5rt.a(v5_apijump.c.obj)
                0x03802bac                vexDeviceMotorVoltageSet
 .text.vexDeviceMotorActualVelocityGet
                0x03802bd8       0x24 C:\Program Files (x86)\VEX Robotics\VEXcode Pro V5\sdk/vexv5\libv5rt.a(v5_apijump.c.obj)
                0x03802bd8                vexDeviceMotorActualVelocityGet
 .text.vexDeviceMotorTemperatureGet
                0x03802bfc       0x24 C:\Program Files (x86)\VEX Robotics\VEXcode Pro V5\sdk/vexv5\libv5rt.a(v5_apijump.c.obj)
                0x03802bfc                vexDeviceMotorTemperatureGet
 .text.vexDeviceMotorZeroPositionFlagGet
                0x03802c20       0x24 C:\Program Files (x86)\VEX Robotics\VEXcode Pro V5\sdk/vexv5\libv5rt.a(v5_apijump.c.obj)
                0x03802c20                vexDeviceMotorZeroPositionFlagGet
 .text.vexDeviceMotorReverseFlagSet
                0x03802c44       0x2c C:\Program Files (x86)\VEX Robotics\VEXcode Pro V5\sdk/vexv5\libv5rt.a(v5_apijump.c.obj)
                0x03802c44                vexDeviceMotorReverseFlagSet
 .text.vexDeviceMotorEncoderUnitsSet
                0x03802c70       0x2c C:\Program Files (x86)\VEX Robotics\VEXcode Pro V5\sdk/vexv5\libv5rt.a(v5_apijump.c.obj)
                0x03802c70                vexDeviceMotorEncoderUnitsSet
 .text.vexDeviceMotorBrakeModeSet
                0x03802c9c       0x2c C:\Program Files (x86)\VEX Robotics\VEXcode Pro V5\sdk/vexv5\libv5rt.a(v5_apijump.c.obj)
                0x03802c9c                vexDeviceMotorBrakeModeSet
 .text.vexDeviceMotorPositionSet
                0x03802cc8       0x34 C:\Program Files (x86)\VEX Robotics\VEXcode Pro V5\sdk/vexv5\libv5rt.a(v5_apijump.c.obj)
                0x03802cc8                vexDeviceMotorPositionSet
 .text.vexDeviceMotorRelativeTargetSet
                0x03802cfc       0x3c C:\Program Files (x86)\VEX Robotics\VEXcode Pro V5\sdk/vexv5\libv5rt.a(v5_apijump.c.obj)
                0x03802cfc                vexDeviceMotorRelativeTargetSet
 .text.vexDeviceMotorGearingGet
                0x03802d38       0x24 C:\Program Files (x86)\VEX Robotics\VEXcode Pro V5\sdk/vexv5\libv5rt.a(v5_apijump.c.obj)
                0x03802d38                vexDeviceMotorGearingGet
 .text.vexDeviceOpticalHueGet
                0x03802d5c       0x24 C:\Program Files (x86)\VEX Robotics\VEXcode Pro V5\sdk/vexv5\libv5rt.a(v5_apijump.c.obj)
                0x03802d5c                vexDeviceOpticalHueGet
 .text.vexDeviceOpticalGestureEnable
                0x03802d80       0x24 C:\Program Files (x86)\VEX Robotics\VEXcode Pro V5\sdk/vexv5\libv5rt.a(v5_apijump.c.obj)
                0x03802d80                vexDeviceOpticalGestureEnable
 .text.vexDeviceOpticalGestureDisable
                0x03802da4       0x24 C:\Program Files (x86)\VEX Robotics\VEXcode Pro V5\sdk/vexv5\libv5rt.a(v5_apijump.c.obj)
                0x03802da4                vexDeviceOpticalGestureDisable
 .text.vexDeviceOpticalProximityThreshold
                0x03802dc8       0x2c C:\Program Files (x86)\VEX Robotics\VEXcode Pro V5\sdk/vexv5\libv5rt.a(v5_apijump.c.obj)
                0x03802dc8                vexDeviceOpticalProximityThreshold
 .text.vexDeviceDistanceDistanceGet
                0x03802df4       0x24 C:\Program Files (x86)\VEX Robotics\VEXcode Pro V5\sdk/vexv5\libv5rt.a(v5_apijump.c.obj)
                0x03802df4                vexDeviceDistanceDistanceGet
 .text.vexDisplayForegroundColor
                0x03802e18       0x24 C:\Program Files (x86)\VEX Robotics\VEXcode Pro V5\sdk/vexv5\libv5rt.a(v5_apijump.c.obj)
                0x03802e18                vexDisplayForegroundColor
 .text.vexDisplayBackgroundColor
                0x03802e3c       0x24 C:\Program Files (x86)\VEX Robotics\VEXcode Pro V5\sdk/vexv5\libv5rt.a(v5_apijump.c.obj)
                0x03802e3c                vexDisplayBackgroundColor
 .text.vexDisplayBackgroundColorGet
                0x03802e60       0x1c C:\Program Files (x86)\VEX Robotics\VEXcode Pro V5\sdk/vexv5\libv5rt.a(v5_apijump.c.obj)
                0x03802e60                vexDisplayBackgroundColorGet
 .text.vexDisplayRectClear
                0x03802e7c       0x4c C:\Program Files (x86)\VEX Robotics\VEXcode Pro V5\sdk/vexv5\libv5rt.a(v5_apijump.c.obj)
                0x03802e7c                vexDisplayRectClear
 .text.vexDisplayPrintf
                0x03802ec8       0x68 C:\Program Files (x86)\VEX Robotics\VEXcode Pro V5\sdk/vexv5\libv5rt.a(v5_apijump.c.obj)
                0x03802ec8                vexDisplayPrintf
 .text.vexDisplayTextReference
                0x03802f30       0x24 C:\Program Files (x86)\VEX Robotics\VEXcode Pro V5\sdk/vexv5\libv5rt.a(v5_apijump.c.obj)
                0x03802f30                vexDisplayTextReference
 .text.vexDisplayTextSize
                0x03802f54       0x2c C:\Program Files (x86)\VEX Robotics\VEXcode Pro V5\sdk/vexv5\libv5rt.a(v5_apijump.c.obj)
                0x03802f54                vexDisplayTextSize
 .text.vexDisplayFontNamedSet
                0x03802f80       0x24 C:\Program Files (x86)\VEX Robotics\VEXcode Pro V5\sdk/vexv5\libv5rt.a(v5_apijump.c.obj)
                0x03802f80                vexDisplayFontNamedSet
 .text.vexSystemStdlibImpureDataAddr
                0x03802fa4       0x28 C:\Program Files (x86)\VEX Robotics\VEXcode Pro V5\sdk/vexv5\libv5rt.a(v5_apijump.c.obj)
                0x03802fa4                vexSystemStdlibImpureDataAddr
 .text.vexSystemStdlibImpureDataSize
                0x03802fcc       0x28 C:\Program Files (x86)\VEX Robotics\VEXcode Pro V5\sdk/vexv5\libv5rt.a(v5_apijump.c.obj)
                0x03802fcc                vexSystemStdlibImpureDataSize
 .text.vexSystemSaveUserData
                0x03802ff4       0x3c C:\Program Files (x86)\VEX Robotics\VEXcode Pro V5\sdk/vexv5\libv5rt.a(v5_apijump.c.obj)
                0x03802ff4                vexSystemSaveUserData
 .text.vexDisplayThemeIdGet
                0x03803030       0x38 C:\Program Files (x86)\VEX Robotics\VEXcode Pro V5\sdk/vexv5\libv5rt.a(v5_apijump.c.obj)
                0x03803030                vexDisplayThemeIdGet
 .text.vexDeviceEventMaskSet
                0x03803068       0x48 C:\Program Files (x86)\VEX Robotics\VEXcode Pro V5\sdk/vexv5\libv5rt.a(v5_apijump.c.obj)
                0x03803068                vexDeviceEventMaskSet
 .text.vexDeviceEventMaskGet
                0x038030b0       0x3c C:\Program Files (x86)\VEX Robotics\VEXcode Pro V5\sdk/vexv5\libv5rt.a(v5_apijump.c.obj)
                0x038030b0                vexDeviceEventMaskGet
 .text.vexSystemVersion
                0x038030ec       0x10 C:\Program Files (x86)\VEX Robotics\VEXcode Pro V5\sdk/vexv5\libv5rt.a(v5_apiversions.c.obj)
                0x038030ec                vexSystemVersion
 .text.vexStdlibVersion
                0x038030fc       0x10 C:\Program Files (x86)\VEX Robotics\VEXcode Pro V5\sdk/vexv5\libv5rt.a(v5_apiversions.c.obj)
                0x038030fc                vexStdlibVersion
 *fill*         0x0380310c        0x4 
 .text._ZN3vex4waitEdNS_9timeUnitsE
                0x03803110       0x30 C:\Program Files (x86)\VEX Robotics\VEXcode Pro V5\sdk/vexv5\libv5rt.a(vex_global.cpp.obj)
                0x03803110                vex::wait(double, vex::timeUnits)
 .text._ZN3vex5motorD2Ev
                0x03803140       0x20 C:\Program Files (x86)\VEX Robotics\VEXcode Pro V5\sdk/vexv5\libv5rt.a(vex_motor.cpp.obj)
                0x03803140                vex::motor::~motor()
                0x03803140                vex::motor::~motor()
 .text._ZN3vex5motorD0Ev
                0x03803160       0x1c C:\Program Files (x86)\VEX Robotics\VEXcode Pro V5\sdk/vexv5\libv5rt.a(vex_motor.cpp.obj)
                0x03803160                vex::motor::~motor()
 .text._ZN3vex5motor9installedEv
                0x0380317c       0x18 C:\Program Files (x86)\VEX Robotics\VEXcode Pro V5\sdk/vexv5\libv5rt.a(vex_motor.cpp.obj)
                0x0380317c                vex::motor::installed()
 .text._ZN3vex5motor15defaultStoppingENS_9brakeTypeE
                0x03803194       0x30 C:\Program Files (x86)\VEX Robotics\VEXcode Pro V5\sdk/vexv5\libv5rt.a(vex_motor.cpp.obj)
                0x03803194                vex::motor::defaultStopping(vex::brakeType)
 .text._ZN3vex5motor8setBrakeENS_9brakeTypeE
                0x038031c4        0x4 C:\Program Files (x86)\VEX Robotics\VEXcode Pro V5\sdk/vexv5\libv5rt.a(vex_motor.cpp.obj)
                0x038031c4                vex::motor::setBrake(vex::brakeType)
 .text._ZN3vex5motorC2El
                0x038031c8       0x78 C:\Program Files (x86)\VEX Robotics\VEXcode Pro V5\sdk/vexv5\libv5rt.a(vex_motor.cpp.obj)
                0x038031c8                vex::motor::motor(long)
                0x038031c8                vex::motor::motor(long)
 .text._ZN3vex5motorC2Elb
                0x03803240       0x24 C:\Program Files (x86)\VEX Robotics\VEXcode Pro V5\sdk/vexv5\libv5rt.a(vex_motor.cpp.obj)
                0x03803240                vex::motor::motor(long, bool)
                0x03803240                vex::motor::motor(long, bool)
 *fill*         0x03803264        0x4 
 .text._ZN3vex5motor4spinENS_13directionTypeEdNS_12voltageUnitsE
                0x03803268       0x50 C:\Program Files (x86)\VEX Robotics\VEXcode Pro V5\sdk/vexv5\libv5rt.a(vex_motor.cpp.obj)
                0x03803268                vex::motor::spin(vex::directionType, double, vex::voltageUnits)
 .text._ZN3vex5motor4stopENS_9brakeTypeE
                0x038032b8       0x30 C:\Program Files (x86)\VEX Robotics\VEXcode Pro V5\sdk/vexv5\libv5rt.a(vex_motor.cpp.obj)
                0x038032b8                vex::motor::stop(vex::brakeType)
 .text._ZN3vex5motor4stopEv
                0x038032e8        0x8 C:\Program Files (x86)\VEX Robotics\VEXcode Pro V5\sdk/vexv5\libv5rt.a(vex_motor.cpp.obj)
                0x038032e8                vex::motor::stop()
 .text._ZN3vex5motor11temperatureENS_16temperatureUnitsE
                0x038032f0       0x40 C:\Program Files (x86)\VEX Robotics\VEXcode Pro V5\sdk/vexv5\libv5rt.a(vex_motor.cpp.obj)
                0x038032f0                vex::motor::temperature(vex::temperatureUnits)
 .text._ZN3vex5motor16velocityToScaledEdNS_13velocityUnitsE
                0x03803330       0x5c C:\Program Files (x86)\VEX Robotics\VEXcode Pro V5\sdk/vexv5\libv5rt.a(vex_motor.cpp.obj)
                0x03803330                vex::motor::velocityToScaled(double, vex::velocityUnits)
 .text._ZN3vex5motor8velocityENS_13velocityUnitsE
                0x0380338c       0x30 C:\Program Files (x86)\VEX Robotics\VEXcode Pro V5\sdk/vexv5\libv5rt.a(vex_motor.cpp.obj)
                0x0380338c                vex::motor::velocity(vex::velocityUnits)
 .text._ZN3vex5motor5valueEv
                0x038033bc       0x1c C:\Program Files (x86)\VEX Robotics\VEXcode Pro V5\sdk/vexv5\libv5rt.a(vex_motor.cpp.obj)
                0x038033bc                vex::motor::value()
 .text._ZN3vex5motor16scaledToVelocityEdNS_13velocityUnitsE
                0x038033d8       0xa4 C:\Program Files (x86)\VEX Robotics\VEXcode Pro V5\sdk/vexv5\libv5rt.a(vex_motor.cpp.obj)
                0x038033d8                vex::motor::scaledToVelocity(double, vex::velocityUnits)
 .text._ZN3vex5motor4spinENS_13directionTypeEdNS_13velocityUnitsE
                0x0380347c       0x5c C:\Program Files (x86)\VEX Robotics\VEXcode Pro V5\sdk/vexv5\libv5rt.a(vex_motor.cpp.obj)
                0x0380347c                vex::motor::spin(vex::directionType, double, vex::velocityUnits)
 .text._ZN3vex5motor9rotateForEdNS_9timeUnitsEdNS_13velocityUnitsE
                0x038034d8       0x78 C:\Program Files (x86)\VEX Robotics\VEXcode Pro V5\sdk/vexv5\libv5rt.a(vex_motor.cpp.obj)
                0x038034d8                vex::motor::rotateFor(double, vex::timeUnits, double, vex::velocityUnits)
 .text._ZN3vex5motor7spinForEdNS_9timeUnitsEdNS_13velocityUnitsE
                0x03803550        0xc C:\Program Files (x86)\VEX Robotics\VEXcode Pro V5\sdk/vexv5\libv5rt.a(vex_motor.cpp.obj)
                0x03803550                vex::motor::spinFor(double, vex::timeUnits, double, vex::velocityUnits)
 .text._ZN3vex5motor16setRotationUnitsENS_13rotationUnitsE
                0x0380355c       0x1c C:\Program Files (x86)\VEX Robotics\VEXcode Pro V5\sdk/vexv5\libv5rt.a(vex_motor.cpp.obj)
                0x0380355c                vex::motor::setRotationUnits(vex::rotationUnits)
 .text._ZN3vex5motor9rotateForEdNS_13rotationUnitsEdNS_13velocityUnitsEb
                0x03803578       0xe0 C:\Program Files (x86)\VEX Robotics\VEXcode Pro V5\sdk/vexv5\libv5rt.a(vex_motor.cpp.obj)
                0x03803578                vex::motor::rotateFor(double, vex::rotationUnits, double, vex::velocityUnits, bool)
 .text._ZN3vex5motor7spinForEdNS_13rotationUnitsEdNS_13velocityUnitsEb
                0x03803658       0x14 C:\Program Files (x86)\VEX Robotics\VEXcode Pro V5\sdk/vexv5\libv5rt.a(vex_motor.cpp.obj)
                0x03803658                vex::motor::spinFor(double, vex::rotationUnits, double, vex::velocityUnits, bool)
 .text._ZN3vex5motor7spinForEdNS_13rotationUnitsEb
                0x0380366c       0x34 C:\Program Files (x86)\VEX Robotics\VEXcode Pro V5\sdk/vexv5\libv5rt.a(vex_motor.cpp.obj)
                0x0380366c                vex::motor::spinFor(double, vex::rotationUnits, bool)
 .text._ZN3vex7opticalD2Ev
                0x038036a0       0x20 C:\Program Files (x86)\VEX Robotics\VEXcode Pro V5\sdk/vexv5\libv5rt.a(vex_optical.cpp.obj)
                0x038036a0                vex::optical::~optical()
                0x038036a0                vex::optical::~optical()
 .text._ZN3vex7opticalD0Ev
                0x038036c0       0x1c C:\Program Files (x86)\VEX Robotics\VEXcode Pro V5\sdk/vexv5\libv5rt.a(vex_optical.cpp.obj)
                0x038036c0                vex::optical::~optical()
 .text._ZN3vex7optical9installedEv
                0x038036dc       0x18 C:\Program Files (x86)\VEX Robotics\VEXcode Pro V5\sdk/vexv5\libv5rt.a(vex_optical.cpp.obj)
                0x038036dc                vex::optical::installed()
 .text._ZN3vex7optical3hueEv
                0x038036f4        0x8 C:\Program Files (x86)\VEX Robotics\VEXcode Pro V5\sdk/vexv5\libv5rt.a(vex_optical.cpp.obj)
                0x038036f4                vex::optical::hue()
 .text._ZN3vex7optical5valueEv
                0x038036fc       0x18 C:\Program Files (x86)\VEX Robotics\VEXcode Pro V5\sdk/vexv5\libv5rt.a(vex_optical.cpp.obj)
                0x038036fc                vex::optical::value()
 .text._ZN3vex7optical13gestureEnableEv
                0x03803714        0x8 C:\Program Files (x86)\VEX Robotics\VEXcode Pro V5\sdk/vexv5\libv5rt.a(vex_optical.cpp.obj)
                0x03803714                vex::optical::gestureEnable()
 .text._ZN3vex7optical14gestureDisableEv
                0x0380371c        0x8 C:\Program Files (x86)\VEX Robotics\VEXcode Pro V5\sdk/vexv5\libv5rt.a(vex_optical.cpp.obj)
                0x0380371c                vex::optical::gestureDisable()
 .text._ZN3vex7opticalC2Elb
                0x03803724       0x54 C:\Program Files (x86)\VEX Robotics\VEXcode Pro V5\sdk/vexv5\libv5rt.a(vex_optical.cpp.obj)
                0x03803724                vex::optical::optical(long, bool)
                0x03803724                vex::optical::optical(long, bool)
 .text._ZN3vex8distanceD2Ev
                0x03803778       0x20 C:\Program Files (x86)\VEX Robotics\VEXcode Pro V5\sdk/vexv5\libv5rt.a(vex_distance.cpp.obj)
                0x03803778                vex::distance::~distance()
                0x03803778                vex::distance::~distance()
 .text._ZN3vex8distanceD0Ev
                0x03803798       0x1c C:\Program Files (x86)\VEX Robotics\VEXcode Pro V5\sdk/vexv5\libv5rt.a(vex_distance.cpp.obj)
                0x03803798                vex::distance::~distance()
 .text._ZN3vex8distance9installedEv
                0x038037b4       0x18 C:\Program Files (x86)\VEX Robotics\VEXcode Pro V5\sdk/vexv5\libv5rt.a(vex_distance.cpp.obj)
                0x038037b4                vex::distance::installed()
 .text._ZN3vex8distance5valueEv
                0x038037cc        0x8 C:\Program Files (x86)\VEX Robotics\VEXcode Pro V5\sdk/vexv5\libv5rt.a(vex_distance.cpp.obj)
                0x038037cc                vex::distance::value()
 .text._ZN3vex8distanceC2El
                0x038037d4       0x20 C:\Program Files (x86)\VEX Robotics\VEXcode Pro V5\sdk/vexv5\libv5rt.a(vex_distance.cpp.obj)
                0x038037d4                vex::distance::distance(long)
                0x038037d4                vex::distance::distance(long)
 .text._ZN3vex10controllerD2Ev
                0x038037f4        0x4 C:\Program Files (x86)\VEX Robotics\VEXcode Pro V5\sdk/vexv5\libv5rt.a(vex_controller.cpp.obj)
                0x038037f4                vex::controller::~controller()
                0x038037f4                vex::controller::~controller()
 .text._ZN3vex10controller5valueE19_V5_ControllerIndex
                0x038037f8        0x8 C:\Program Files (x86)\VEX Robotics\VEXcode Pro V5\sdk/vexv5\libv5rt.a(vex_controller.cpp.obj)
                0x038037f8                vex::controller::value(_V5_ControllerIndex)
 .text._ZN3vex10controller6button8pressingEv
                0x03803800       0xc8 C:\Program Files (x86)\VEX Robotics\VEXcode Pro V5\sdk/vexv5\libv5rt.a(vex_controller.cpp.obj)
                0x03803800                vex::controller::button::pressing()
 .text._ZN3vex10controller6button21_buttonToPressedEventEv
                0x038038c8       0x20 C:\Program Files (x86)\VEX Robotics\VEXcode Pro V5\sdk/vexv5\libv5rt.a(vex_controller.cpp.obj)
                0x038038c8                vex::controller::button::_buttonToPressedEvent()
 .text._ZN3vex10controller6button22_buttonToReleasedEventEv
                0x038038e8       0x20 C:\Program Files (x86)\VEX Robotics\VEXcode Pro V5\sdk/vexv5\libv5rt.a(vex_controller.cpp.obj)
                0x038038e8                vex::controller::button::_buttonToReleasedEvent()
 .text._ZN3vex10controller6buttonC2ENS0_11tButtonTypeEPS0_
                0x03803908       0x48 C:\Program Files (x86)\VEX Robotics\VEXcode Pro V5\sdk/vexv5\libv5rt.a(vex_controller.cpp.obj)
                0x03803908                vex::controller::button::button(vex::controller::tButtonType, vex::controller*)
                0x03803908                vex::controller::button::button(vex::controller::tButtonType, vex::controller*)
 .text._ZN3vex10controller4axis5valueEv
                0x03803950       0x58 C:\Program Files (x86)\VEX Robotics\VEXcode Pro V5\sdk/vexv5\libv5rt.a(vex_controller.cpp.obj)
                0x03803950                vex::controller::axis::value()
 .text._ZN3vex10controller4axis8positionENS_12percentUnitsE
                0x038039a8       0x1c C:\Program Files (x86)\VEX Robotics\VEXcode Pro V5\sdk/vexv5\libv5rt.a(vex_controller.cpp.obj)
                0x038039a8                vex::controller::axis::position(vex::percentUnits)
 .text._ZN3vex10controller4axis23_joystickToChangedEventEv
                0x038039c4       0x20 C:\Program Files (x86)\VEX Robotics\VEXcode Pro V5\sdk/vexv5\libv5rt.a(vex_controller.cpp.obj)
                0x038039c4                vex::controller::axis::_joystickToChangedEvent()
 .text._ZN3vex10controller4axisC2ENS0_9tAxisTypeEPS0_
                0x038039e4       0x2c C:\Program Files (x86)\VEX Robotics\VEXcode Pro V5\sdk/vexv5\libv5rt.a(vex_controller.cpp.obj)
                0x038039e4                vex::controller::axis::axis(vex::controller::tAxisType, vex::controller*)
                0x038039e4                vex::controller::axis::axis(vex::controller::tAxisType, vex::controller*)
 .text._ZN3vex10controllerC2Ev
                0x03803a10      0x204 C:\Program Files (x86)\VEX Robotics\VEXcode Pro V5\sdk/vexv5\libv5rt.a(vex_controller.cpp.obj)
                0x03803a10                vex::controller::controller()
                0x03803a10                vex::controller::controller()
 .text._ZN3vex11this_thread9sleep_forEm
                0x03803c14        0x4 C:\Program Files (x86)\VEX Robotics\VEXcode Pro V5\sdk/vexv5\libv5rt.a(vex_thread.cpp.obj)
                0x03803c14                vex::this_thread::sleep_for(unsigned long)
 .text._ZN3vex5eventC2EPFvvE
                0x03803c18       0x3c C:\Program Files (x86)\VEX Robotics\VEXcode Pro V5\sdk/vexv5\libv5rt.a(vex_event.cpp.obj)
                0x03803c18                vex::event::event(void (*)())
                0x03803c18                vex::event::event(void (*)())
 .text._ZN3vex5eventD2Ev
                0x03803c54        0x4 C:\Program Files (x86)\VEX Robotics\VEXcode Pro V5\sdk/vexv5\libv5rt.a(vex_event.cpp.obj)
                0x03803c54                vex::event::~event()
                0x03803c54                vex::event::~event()
 .text._ZN3vex5event4initEmmPFvvE
                0x03803c58        0x4 C:\Program Files (x86)\VEX Robotics\VEXcode Pro V5\sdk/vexv5\libv5rt.a(vex_event.cpp.obj)
                0x03803c58                vex::event::init(unsigned long, unsigned long, void (*)())
 .text._ZN3vex5event4initEmmPFvPvES1_
                0x03803c5c        0x4 C:\Program Files (x86)\VEX Robotics\VEXcode Pro V5\sdk/vexv5\libv5rt.a(vex_event.cpp.obj)
                0x03803c5c                vex::event::init(unsigned long, unsigned long, void (*)(void*), void*)
 .text._ZN3vex5event9userindexEv
                0x03803c60        0x4 C:\Program Files (x86)\VEX Robotics\VEXcode Pro V5\sdk/vexv5\libv5rt.a(vex_event.cpp.obj)
                0x03803c60                vex::event::userindex()
 .text._ZN3vex5event9broadcastEv
                0x03803c64       0x10 C:\Program Files (x86)\VEX Robotics\VEXcode Pro V5\sdk/vexv5\libv5rt.a(vex_event.cpp.obj)
                0x03803c64                vex::event::broadcast()
 .text._ZZN3vex6meventC4EmmENUlvE_4_FUNEv
                0x03803c74        0x4 C:\Program Files (x86)\VEX Robotics\VEXcode Pro V5\sdk/vexv5\libv5rt.a(vex_mevent.cpp.obj)
 .text._ZN3vex6meventC2Emm
                0x03803c78       0x70 C:\Program Files (x86)\VEX Robotics\VEXcode Pro V5\sdk/vexv5\libv5rt.a(vex_mevent.cpp.obj)
                0x03803c78                vex::mevent::mevent(unsigned long, unsigned long)
                0x03803c78                vex::mevent::mevent(unsigned long, unsigned long)
 .text._ZN3vex5brain9_getIndexEv
                0x03803ce8       0x10 C:\Program Files (x86)\VEX Robotics\VEXcode Pro V5\sdk/vexv5\libv5rt.a(vex_brain.cpp.obj)
                0x03803ce8                vex::brain::_getIndex()
 .text._ZN3vex5brain3lcd9setCursorEll
                0x03803cf8       0x44 C:\Program Files (x86)\VEX Robotics\VEXcode Pro V5\sdk/vexv5\libv5rt.a(vex_brain.cpp.obj)
                0x03803cf8                vex::brain::lcd::setCursor(long, long)
 .text._ZN3vex5brain3lcd7setFontENS_8fontTypeE
                0x03803d3c      0x23c C:\Program Files (x86)\VEX Robotics\VEXcode Pro V5\sdk/vexv5\libv5rt.a(vex_brain.cpp.obj)
                0x03803d3c                vex::brain::lcd::setFont(vex::fontType)
 .text._ZN3vex5brain3lcdC2Ev
                0x03803f78       0x94 C:\Program Files (x86)\VEX Robotics\VEXcode Pro V5\sdk/vexv5\libv5rt.a(vex_brain.cpp.obj)
                0x03803f78                vex::brain::lcd::lcd()
                0x03803f78                vex::brain::lcd::lcd()
 .text._ZN3vex5brainC2Ev
                0x0380400c       0x38 C:\Program Files (x86)\VEX Robotics\VEXcode Pro V5\sdk/vexv5\libv5rt.a(vex_brain.cpp.obj)
                0x0380400c                vex::brain::brain()
                0x0380400c                vex::brain::brain()
 .text._ZN3vex5brain3lcd7printAtEllPKcz
                0x03804044       0x6c C:\Program Files (x86)\VEX Robotics\VEXcode Pro V5\sdk/vexv5\libv5rt.a(vex_brain.cpp.obj)
                0x03804044                vex::brain::lcd::printAt(long, long, char const*, ...)
 .text._ZN3vex5brain3lcd12_clearScreenEm
                0x038040b0       0x38 C:\Program Files (x86)\VEX Robotics\VEXcode Pro V5\sdk/vexv5\libv5rt.a(vex_brain.cpp.obj)
                0x038040b0                vex::brain::lcd::_clearScreen(unsigned long)
 .text._ZN3vex5brain3lcd11clearScreenERKNS_5colorE
                0x038040e8       0x20 C:\Program Files (x86)\VEX Robotics\VEXcode Pro V5\sdk/vexv5\libv5rt.a(vex_brain.cpp.obj)
                0x038040e8                vex::brain::lcd::clearScreen(vex::color const&)
 .text._ZN3vex5brain3lcd11clearScreenEv
                0x03804108       0x2c C:\Program Files (x86)\VEX Robotics\VEXcode Pro V5\sdk/vexv5\libv5rt.a(vex_brain.cpp.obj)
                0x03804108                vex::brain::lcd::clearScreen()
 .text._ZN3vex5brainD2Ev
                0x03804134       0x20 C:\Program Files (x86)\VEX Robotics\VEXcode Pro V5\sdk/vexv5\libv5rt.a(vex_brain.cpp.obj)
                0x03804134                vex::brain::~brain()
                0x03804134                vex::brain::~brain()
 .text._ZN3vex11competition11_autonomousEv
                0x03804154       0x90 C:\Program Files (x86)\VEX Robotics\VEXcode Pro V5\sdk/vexv5\libv5rt.a(vex_competition.cpp.obj)
                0x03804154                vex::competition::_autonomous()
 .text._ZN3vex11competition14_drivercontrolEv
                0x038041e4       0x90 C:\Program Files (x86)\VEX Robotics\VEXcode Pro V5\sdk/vexv5\libv5rt.a(vex_competition.cpp.obj)
                0x038041e4                vex::competition::_drivercontrol()
 .text._ZN3vex11competition8_disableEPv
                0x03804274       0xc8 C:\Program Files (x86)\VEX Robotics\VEXcode Pro V5\sdk/vexv5\libv5rt.a(vex_competition.cpp.obj)
                0x03804274                vex::competition::_disable(void*)
 .text._ZN3vex11competitionC2Ev
                0x0380433c      0x13c C:\Program Files (x86)\VEX Robotics\VEXcode Pro V5\sdk/vexv5\libv5rt.a(vex_competition.cpp.obj)
                0x0380433c                vex::competition::competition()
                0x0380433c                vex::competition::competition()
 .text._ZN3vex11competitionD2Ev
                0x03804478        0x4 C:\Program Files (x86)\VEX Robotics\VEXcode Pro V5\sdk/vexv5\libv5rt.a(vex_competition.cpp.obj)
                0x03804478                vex::competition::~competition()
                0x03804478                vex::competition::~competition()
 .text._ZN3vex11competition10autonomousEPFvvE
                0x0380447c       0x44 C:\Program Files (x86)\VEX Robotics\VEXcode Pro V5\sdk/vexv5\libv5rt.a(vex_competition.cpp.obj)
                0x0380447c                vex::competition::autonomous(void (*)())
 .text._ZN3vex11competition13drivercontrolEPFvvE
                0x038044c0       0x44 C:\Program Files (x86)\VEX Robotics\VEXcode Pro V5\sdk/vexv5\libv5rt.a(vex_competition.cpp.obj)
                0x038044c0                vex::competition::drivercontrol(void (*)())
 .text._ZN3vex7triportD2Ev
                0x03804504       0x38 C:\Program Files (x86)\VEX Robotics\VEXcode Pro V5\sdk/vexv5\libv5rt.a(vex_triport.cpp.obj)
                0x03804504                vex::triport::~triport()
                0x03804504                vex::triport::~triport()
 .text._ZN3vex7triportD0Ev
                0x0380453c       0x1c C:\Program Files (x86)\VEX Robotics\VEXcode Pro V5\sdk/vexv5\libv5rt.a(vex_triport.cpp.obj)
                0x0380453c                vex::triport::~triport()
 .text._ZN3vex7triport9installedEv
                0x03804558       0x18 C:\Program Files (x86)\VEX Robotics\VEXcode Pro V5\sdk/vexv5\libv5rt.a(vex_triport.cpp.obj)
                0x03804558                vex::triport::installed()
 .text._ZN3vex7triport4portC2ElPS0_
                0x03804570       0x74 C:\Program Files (x86)\VEX Robotics\VEXcode Pro V5\sdk/vexv5\libv5rt.a(vex_triport.cpp.obj)
                0x03804570                vex::triport::port::port(long, vex::triport*)
                0x03804570                vex::triport::port::port(long, vex::triport*)
 .text._ZN3vex7triportC2El
                0x038045e4       0xf0 C:\Program Files (x86)\VEX Robotics\VEXcode Pro V5\sdk/vexv5\libv5rt.a(vex_triport.cpp.obj)
                0x038045e4                vex::triport::triport(long)
                0x038045e4                vex::triport::triport(long)
 .text._ZN3vex7triport4port4typeENS_11triportTypeE
                0x038046d4       0x30 C:\Program Files (x86)\VEX Robotics\VEXcode Pro V5\sdk/vexv5\libv5rt.a(vex_triport.cpp.obj)
                0x038046d4                vex::triport::port::type(vex::triportType)
 .text._ZN3vex7triport4port4typeEv
                0x03804704       0x38 C:\Program Files (x86)\VEX Robotics\VEXcode Pro V5\sdk/vexv5\libv5rt.a(vex_triport.cpp.obj)
                0x03804704                vex::triport::port::type()
 .text._ZN3vex7triport4port5valueEv
                0x0380473c       0x14 C:\Program Files (x86)\VEX Robotics\VEXcode Pro V5\sdk/vexv5\libv5rt.a(vex_triport.cpp.obj)
                0x0380473c                vex::triport::port::value()
 .text._ZN3vex7triport4port5valueEl
                0x03804750       0x18 C:\Program Files (x86)\VEX Robotics\VEXcode Pro V5\sdk/vexv5\libv5rt.a(vex_triport.cpp.obj)
                0x03804750                vex::triport::port::value(long)
 .text._ZN3vex7triport4port11setRotationEdNS_13rotationUnitsE
                0x03804768       0x50 C:\Program Files (x86)\VEX Robotics\VEXcode Pro V5\sdk/vexv5\libv5rt.a(vex_triport.cpp.obj)
                0x03804768                vex::triport::port::setRotation(double, vex::rotationUnits)
 .text._ZN3vex7triport4port13resetRotationEv
                0x038047b8       0x20 C:\Program Files (x86)\VEX Robotics\VEXcode Pro V5\sdk/vexv5\libv5rt.a(vex_triport.cpp.obj)
                0x038047b8                vex::triport::port::resetRotation()
 .text._ZN3vex7triport4port8rotationENS_13rotationUnitsE
                0x038047d8       0x40 C:\Program Files (x86)\VEX Robotics\VEXcode Pro V5\sdk/vexv5\libv5rt.a(vex_triport.cpp.obj)
                0x038047d8                vex::triport::port::rotation(vex::rotationUnits)
 .text._ZN3vex7triport4port14_convertAnalogENS_11analogUnitsE
                0x03804818       0x58 C:\Program Files (x86)\VEX Robotics\VEXcode Pro V5\sdk/vexv5\libv5rt.a(vex_triport.cpp.obj)
                0x03804818                vex::triport::port::_convertAnalog(vex::analogUnits)
 .text._ZN3vex11__trideviceC2ERNS_7triport4portENS_11triportTypeE
                0x03804870       0x5c C:\Program Files (x86)\VEX Robotics\VEXcode Pro V5\sdk/vexv5\libv5rt.a(vex_triport.cpp.obj)
                0x03804870                vex::__tridevice::__tridevice(vex::triport::port&, vex::triportType)
                0x03804870                vex::__tridevice::__tridevice(vex::triport::port&, vex::triportType)
 .text._ZN3vex11__tridevice14_convertAnalogENS_11analogUnitsE
                0x038048cc        0x8 C:\Program Files (x86)\VEX Robotics\VEXcode Pro V5\sdk/vexv5\libv5rt.a(vex_triport.cpp.obj)
                0x038048cc                vex::__tridevice::_convertAnalog(vex::analogUnits)
 .text._ZN3vex5limitC2ERNS_7triport4portE
                0x038048d4       0x28 C:\Program Files (x86)\VEX Robotics\VEXcode Pro V5\sdk/vexv5\libv5rt.a(vex_triport.cpp.obj)
                0x038048d4                vex::limit::limit(vex::triport::port&)
                0x038048d4                vex::limit::limit(vex::triport::port&)
 .text._ZN3vex5limitD2Ev
                0x038048fc        0x4 C:\Program Files (x86)\VEX Robotics\VEXcode Pro V5\sdk/vexv5\libv5rt.a(vex_triport.cpp.obj)
                0x038048fc                vex::limit::~limit()
                0x038048fc                vex::limit::~limit()
 .text._ZN3vex4lineC2ERNS_7triport4portE
                0x03804900       0x20 C:\Program Files (x86)\VEX Robotics\VEXcode Pro V5\sdk/vexv5\libv5rt.a(vex_triport.cpp.obj)
                0x03804900                vex::line::line(vex::triport::port&)
                0x03804900                vex::line::line(vex::triport::port&)
 .text._ZN3vex4lineD2Ev
                0x03804920        0x4 C:\Program Files (x86)\VEX Robotics\VEXcode Pro V5\sdk/vexv5\libv5rt.a(vex_triport.cpp.obj)
                0x03804920                vex::line::~line()
                0x03804920                vex::line::~line()
 .text._ZN3vex4line5valueENS_11analogUnitsE
                0x03804924        0x4 C:\Program Files (x86)\VEX Robotics\VEXcode Pro V5\sdk/vexv5\libv5rt.a(vex_triport.cpp.obj)
                0x03804924                vex::line::value(vex::analogUnits)
 .text._ZN3vex7encoderC2ERNS_7triport4portE
                0x03804928       0x20 C:\Program Files (x86)\VEX Robotics\VEXcode Pro V5\sdk/vexv5\libv5rt.a(vex_triport.cpp.obj)
                0x03804928                vex::encoder::encoder(vex::triport::port&)
                0x03804928                vex::encoder::encoder(vex::triport::port&)
 .text._ZN3vex7encoderD2Ev
                0x03804948        0x4 C:\Program Files (x86)\VEX Robotics\VEXcode Pro V5\sdk/vexv5\libv5rt.a(vex_triport.cpp.obj)
                0x03804948                vex::encoder::~encoder()
                0x03804948                vex::encoder::~encoder()
 .text._ZN3vex7encoder13resetRotationEv
                0x0380494c        0x8 C:\Program Files (x86)\VEX Robotics\VEXcode Pro V5\sdk/vexv5\libv5rt.a(vex_triport.cpp.obj)
                0x0380494c                vex::encoder::resetRotation()
 .text._ZN3vex7encoder8positionENS_13rotationUnitsE
                0x03804954        0x8 C:\Program Files (x86)\VEX Robotics\VEXcode Pro V5\sdk/vexv5\libv5rt.a(vex_triport.cpp.obj)
                0x03804954                vex::encoder::position(vex::rotationUnits)
 .text.startup._GLOBAL__sub_I__ZN3vex7triportC2El
                0x0380495c       0x30 C:\Program Files (x86)\VEX Robotics\VEXcode Pro V5\sdk/vexv5\libv5rt.a(vex_triport.cpp.obj)
 .text._ZN3vex5colorD2Ev
                0x0380498c        0x4 C:\Program Files (x86)\VEX Robotics\VEXcode Pro V5\sdk/vexv5\libv5rt.a(vex_color.cpp.obj)
                0x0380498c                vex::color::~color()
                0x0380498c                vex::color::~color()
 .text._ZNK3vex5colorcvmEv
                0x03804990        0x8 C:\Program Files (x86)\VEX Robotics\VEXcode Pro V5\sdk/vexv5\libv5rt.a(vex_color.cpp.obj)
                0x03804990                vex::color::operator unsigned long() const
 .text.startup._GLOBAL__sub_I__ZN3vex5color5blackE
                0x03804998      0x164 C:\Program Files (x86)\VEX Robotics\VEXcode Pro V5\sdk/vexv5\libv5rt.a(vex_color.cpp.obj)
 .text._ZN3vex5timerD2Ev
                0x03804afc        0x4 C:\Program Files (x86)\VEX Robotics\VEXcode Pro V5\sdk/vexv5\libv5rt.a(vex_timer.cpp.obj)
                0x03804afc                vex::timer::~timer()
                0x03804afc                vex::timer::~timer()
 .text._ZN3vex5timer5clearEv
                0x03804b00       0x1c C:\Program Files (x86)\VEX Robotics\VEXcode Pro V5\sdk/vexv5\libv5rt.a(vex_timer.cpp.obj)
                0x03804b00                vex::timer::clear()
 .text._ZN3vex5timerC2Ev
                0x03804b1c       0x14 C:\Program Files (x86)\VEX Robotics\VEXcode Pro V5\sdk/vexv5\libv5rt.a(vex_timer.cpp.obj)
                0x03804b1c                vex::timer::timer()
                0x03804b1c                vex::timer::timer()
 .text.vexAdiPortConfigSet
                0x03804b30       0x28 C:\Program Files (x86)\VEX Robotics\VEXcode Pro V5\sdk/vexv5\libv5rt.a(v5_apiuser.c.obj)
                0x03804b30                vexAdiPortConfigSet
 .text.vexAdiPortConfigGet
                0x03804b58       0x28 C:\Program Files (x86)\VEX Robotics\VEXcode Pro V5\sdk/vexv5\libv5rt.a(v5_apiuser.c.obj)
                0x03804b58                vexAdiPortConfigGet
 .text.vexAdiValueSet
                0x03804b80       0x28 C:\Program Files (x86)\VEX Robotics\VEXcode Pro V5\sdk/vexv5\libv5rt.a(v5_apiuser.c.obj)
                0x03804b80                vexAdiValueSet
 .text.vexAdiValueGet
                0x03804ba8       0x20 C:\Program Files (x86)\VEX Robotics\VEXcode Pro V5\sdk/vexv5\libv5rt.a(v5_apiuser.c.obj)
                0x03804ba8                vexAdiValueGet
 .text.vexMotorVelocitySet
                0x03804bc8       0x20 C:\Program Files (x86)\VEX Robotics\VEXcode Pro V5\sdk/vexv5\libv5rt.a(v5_apiuser.c.obj)
                0x03804bc8                vexMotorVelocitySet
 .text.vexMotorVoltageSet
                0x03804be8       0x20 C:\Program Files (x86)\VEX Robotics\VEXcode Pro V5\sdk/vexv5\libv5rt.a(v5_apiuser.c.obj)
                0x03804be8                vexMotorVoltageSet
 .text.vexMotorActualVelocityGet
                0x03804c08       0x24 C:\Program Files (x86)\VEX Robotics\VEXcode Pro V5\sdk/vexv5\libv5rt.a(v5_apiuser.c.obj)
                0x03804c08                vexMotorActualVelocityGet
 .text.vexMotorTemperatureGet
                0x03804c2c       0x24 C:\Program Files (x86)\VEX Robotics\VEXcode Pro V5\sdk/vexv5\libv5rt.a(v5_apiuser.c.obj)
                0x03804c2c                vexMotorTemperatureGet
 .text.vexMotorZeroPositionFlagGet
                0x03804c50       0x18 C:\Program Files (x86)\VEX Robotics\VEXcode Pro V5\sdk/vexv5\libv5rt.a(v5_apiuser.c.obj)
                0x03804c50                vexMotorZeroPositionFlagGet
 .text.vexMotorReverseFlagSet
                0x03804c68       0x20 C:\Program Files (x86)\VEX Robotics\VEXcode Pro V5\sdk/vexv5\libv5rt.a(v5_apiuser.c.obj)
                0x03804c68                vexMotorReverseFlagSet
 .text.vexMotorEncoderUnitsSet
                0x03804c88       0x20 C:\Program Files (x86)\VEX Robotics\VEXcode Pro V5\sdk/vexv5\libv5rt.a(v5_apiuser.c.obj)
                0x03804c88                vexMotorEncoderUnitsSet
 .text.vexMotorBrakeModeSet
                0x03804ca8       0x20 C:\Program Files (x86)\VEX Robotics\VEXcode Pro V5\sdk/vexv5\libv5rt.a(v5_apiuser.c.obj)
                0x03804ca8                vexMotorBrakeModeSet
 .text.vexMotorPositionSet
                0x03804cc8       0x28 C:\Program Files (x86)\VEX Robotics\VEXcode Pro V5\sdk/vexv5\libv5rt.a(v5_apiuser.c.obj)
                0x03804cc8                vexMotorPositionSet
 .text.vexMotorRelativeTargetSet
                0x03804cf0       0x30 C:\Program Files (x86)\VEX Robotics\VEXcode Pro V5\sdk/vexv5\libv5rt.a(v5_apiuser.c.obj)
                0x03804cf0                vexMotorRelativeTargetSet
 .text.vexMotorGearingGet
                0x03804d20       0x18 C:\Program Files (x86)\VEX Robotics\VEXcode Pro V5\sdk/vexv5\libv5rt.a(v5_apiuser.c.obj)
                0x03804d20                vexMotorGearingGet
 .text.vexOpticalHueGet
                0x03804d38       0x10 C:\Program Files (x86)\VEX Robotics\VEXcode Pro V5\sdk/vexv5\libv5rt.a(v5_apiuser.c.obj)
                0x03804d38                vexOpticalHueGet
 .text.vexOpticalGestureEnable
                0x03804d48       0x10 C:\Program Files (x86)\VEX Robotics\VEXcode Pro V5\sdk/vexv5\libv5rt.a(v5_apiuser.c.obj)
                0x03804d48                vexOpticalGestureEnable
 .text.vexOpticalGestureDisable
                0x03804d58       0x10 C:\Program Files (x86)\VEX Robotics\VEXcode Pro V5\sdk/vexv5\libv5rt.a(v5_apiuser.c.obj)
                0x03804d58                vexOpticalGestureDisable
 .text.vexOpticalProximityThreshold
                0x03804d68       0x18 C:\Program Files (x86)\VEX Robotics\VEXcode Pro V5\sdk/vexv5\libv5rt.a(v5_apiuser.c.obj)
                0x03804d68                vexOpticalProximityThreshold
 .text.vexDistanceDistanceGet
                0x03804d80       0x10 C:\Program Files (x86)\VEX Robotics\VEXcode Pro V5\sdk/vexv5\libv5rt.a(v5_apiuser.c.obj)
                0x03804d80                vexDistanceDistanceGet
 .text.vexEventMaskSet
                0x03804d90       0x28 C:\Program Files (x86)\VEX Robotics\VEXcode Pro V5\sdk/vexv5\libv5rt.a(v5_apiuser.c.obj)
                0x03804d90                vexEventMaskSet
 .text.vexEventMaskGet
                0x03804db8       0x18 C:\Program Files (x86)\VEX Robotics\VEXcode Pro V5\sdk/vexv5\libv5rt.a(v5_apiuser.c.obj)
                0x03804db8                vexEventMaskGet
 .text._ZN3vex6deviceD2Ev
                0x03804dd0        0x4 C:\Program Files (x86)\VEX Robotics\VEXcode Pro V5\sdk/vexv5\libv5rt.a(vex_device.cpp.obj)
                0x03804dd0                vex::device::~device()
                0x03804dd0                vex::device::~device()
 .text._ZN3vex6device5valueEv
                0x03804dd4        0x8 C:\Program Files (x86)\VEX Robotics\VEXcode Pro V5\sdk/vexv5\libv5rt.a(vex_device.cpp.obj)
                0x03804dd4                vex::device::value()
 .text._ZN3vex6deviceD0Ev
                0x03804ddc       0x14 C:\Program Files (x86)\VEX Robotics\VEXcode Pro V5\sdk/vexv5\libv5rt.a(vex_device.cpp.obj)
                0x03804ddc                vex::device::~device()
 .text._ZN3vex6device4initEl
                0x03804df0       0x30 C:\Program Files (x86)\VEX Robotics\VEXcode Pro V5\sdk/vexv5\libv5rt.a(vex_device.cpp.obj)
                0x03804df0                vex::device::init(long)
 .text._ZN3vex6deviceC2El
                0x03804e20       0x20 C:\Program Files (x86)\VEX Robotics\VEXcode Pro V5\sdk/vexv5\libv5rt.a(vex_device.cpp.obj)
                0x03804e20                vex::device::device(long)
                0x03804e20                vex::device::device(long)
 .text._ZN3vex6device4typeEv
                0x03804e40       0x10 C:\Program Files (x86)\VEX Robotics\VEXcode Pro V5\sdk/vexv5\libv5rt.a(vex_device.cpp.obj)
                0x03804e40                vex::device::type()
 .text._ZN3vex6device9installedEv
                0x03804e50       0x14 C:\Program Files (x86)\VEX Robotics\VEXcode Pro V5\sdk/vexv5\libv5rt.a(vex_device.cpp.obj)
                0x03804e50                vex::device::installed()
 .text._ZN3vex4taskC2EPFivE
                0x03804e64       0x5c C:\Program Files (x86)\VEX Robotics\VEXcode Pro V5\sdk/vexv5\libv5rt.a(vex_task.cpp.obj)
                0x03804e64                vex::task::task(int (*)())
                0x03804e64                vex::task::task(int (*)())
 .text._ZN3vex4taskD2Ev
                0x03804ec0        0x4 C:\Program Files (x86)\VEX Robotics\VEXcode Pro V5\sdk/vexv5\libv5rt.a(vex_task.cpp.obj)
                0x03804ec0                vex::task::~task()
                0x03804ec0                vex::task::~task()
 .text._ZN3vex4task4stopERKS0_
                0x03804ec4       0x18 C:\Program Files (x86)\VEX Robotics\VEXcode Pro V5\sdk/vexv5\libv5rt.a(vex_task.cpp.obj)
                0x03804ec4                vex::task::stop(vex::task const&)
 .text._ZN3vex4task6_indexEPFivE
                0x03804edc       0x14 C:\Program Files (x86)\VEX Robotics\VEXcode Pro V5\sdk/vexv5\libv5rt.a(vex_task.cpp.obj)
                0x03804edc                vex::task::_index(int (*)())
 .text._ZN3vex4task8_stopAllEv
                0x03804ef0       0x3c C:\Program Files (x86)\VEX Robotics\VEXcode Pro V5\sdk/vexv5\libv5rt.a(vex_task.cpp.obj)
                0x03804ef0                vex::task::_stopAll()
 .text.__libc_fini_array
                0x03804f2c       0x30 C:\Program Files (x86)\VEX Robotics\VEXcode Pro V5\sdk/vexv5/gcc/libs\libc.a(lib_a-fini.o)
                0x03804f2c                __libc_fini_array
 .text.__libc_init_array
                0x03804f5c       0x58 C:\Program Files (x86)\VEX Robotics\VEXcode Pro V5\sdk/vexv5/gcc/libs\libc.a(lib_a-init.o)
                0x03804f5c                __libc_init_array
 *fill*         0x03804fb4        0x4 
 .text.__libc_init_array.__stub
                0x03804fb8       0x18 linker stubs
 *(.gnu.linkonce.t.*)
 *(.plt)
 *(.gnu_warning)
 *(.gcc_except_table)
 *(.glue_7)
 .glue_7        0x00000000        0x0 linker stubs
 *(.glue_7t)
 .glue_7t       0x00000000        0x0 linker stubs
 *(.vfp11_veneer)
 .vfp11_veneer  0x00000000        0x0 linker stubs
 *(.ARM.extab)
 *(.gnu.linkonce.armextab.*)

.v4_bx          0x03804fd0        0x0
 .v4_bx         0x00000000        0x0 linker stubs

.iplt           0x03804fd0        0x0
 .iplt          0x00000000        0x0 build/src/intakes.o

.init
 *(.init)

.fini
 *(.fini)

.rodata         0x03804fd0      0x258
                0x03804fd0                __rodata_start = .
 *(.rodata)
 *(.rodata.*)
 .rodata.str1.1
                0x03804fd0       0x52 build/src/progskills.o
 .rodata.str1.1
                0x03805022       0x18 build/src/main.o
 *fill*         0x0380503a        0x6 
 .rodata.PI     0x03805040        0x8 build/src/drive-spline.o
                0x03805040                PI
 .rodata.str1.1
                0x03805048       0x17 build/src/drive-spline.o
 .rodata.str1.1
                0x0380505f       0x6d build/src/motorinfo.o
 .rodata.str1.1
                0x038050cc       0x2e C:\Program Files (x86)\VEX Robotics\VEXcode Pro V5\sdk/vexv5\libv5rt.a(v5_startup.c.obj)
 *fill*         0x038050fa        0x2 
 .rodata._ZN3vex6PORT20E
                0x038050fc        0x4 C:\Program Files (x86)\VEX Robotics\VEXcode Pro V5\sdk/vexv5\libv5rt.a(vex_global.cpp.obj)
                0x038050fc                vex::PORT20
 .rodata._ZN3vex7monoXXLE
                0x03805100        0x4 C:\Program Files (x86)\VEX Robotics\VEXcode Pro V5\sdk/vexv5\libv5rt.a(vex_global.cpp.obj)
                0x03805100                vex::monoXXL
 .rodata._ZN3vex6PORT10E
                0x03805104        0x4 C:\Program Files (x86)\VEX Robotics\VEXcode Pro V5\sdk/vexv5\libv5rt.a(vex_global.cpp.obj)
                0x03805104                vex::PORT10
 .rodata._ZN3vex4msecE
                0x03805108        0x4 C:\Program Files (x86)\VEX Robotics\VEXcode Pro V5\sdk/vexv5\libv5rt.a(vex_global.cpp.obj)
                0x03805108                vex::msec
 .rodata._ZN3vex6PORT18E
                0x0380510c        0x4 C:\Program Files (x86)\VEX Robotics\VEXcode Pro V5\sdk/vexv5\libv5rt.a(vex_global.cpp.obj)
                0x0380510c                vex::PORT18
 .rodata._ZN3vex5PORT9E
                0x03805110        0x4 C:\Program Files (x86)\VEX Robotics\VEXcode Pro V5\sdk/vexv5\libv5rt.a(vex_global.cpp.obj)
                0x03805110                vex::PORT9
 .rodata._ZN3vex6PORT11E
                0x03805114        0x4 C:\Program Files (x86)\VEX Robotics\VEXcode Pro V5\sdk/vexv5\libv5rt.a(vex_global.cpp.obj)
                0x03805114                vex::PORT11
 .rodata._ZN3vex6PORT22E
                0x03805118        0x4 C:\Program Files (x86)\VEX Robotics\VEXcode Pro V5\sdk/vexv5\libv5rt.a(vex_global.cpp.obj)
                0x03805118                vex::PORT22
 .rodata._ZN3vex5PORT7E
                0x0380511c        0x4 C:\Program Files (x86)\VEX Robotics\VEXcode Pro V5\sdk/vexv5\libv5rt.a(vex_global.cpp.obj)
                0x0380511c                vex::PORT7
 .rodata._ZN3vex6PORT16E
                0x03805120        0x4 C:\Program Files (x86)\VEX Robotics\VEXcode Pro V5\sdk/vexv5\libv5rt.a(vex_global.cpp.obj)
                0x03805120                vex::PORT16
 .rodata._ZN3vex5PORT4E
                0x03805124        0x4 C:\Program Files (x86)\VEX Robotics\VEXcode Pro V5\sdk/vexv5\libv5rt.a(vex_global.cpp.obj)
                0x03805124                vex::PORT4
 .rodata._ZN3vex5PORT8E
                0x03805128        0x4 C:\Program Files (x86)\VEX Robotics\VEXcode Pro V5\sdk/vexv5\libv5rt.a(vex_global.cpp.obj)
                0x03805128                vex::PORT8
 .rodata._ZN3vex6PORT17E
                0x0380512c        0x4 C:\Program Files (x86)\VEX Robotics\VEXcode Pro V5\sdk/vexv5\libv5rt.a(vex_global.cpp.obj)
                0x0380512c                vex::PORT17
 .rodata._ZTVN3vex5motorE
                0x03805130       0x18 C:\Program Files (x86)\VEX Robotics\VEXcode Pro V5\sdk/vexv5\libv5rt.a(vex_motor.cpp.obj)
                0x03805130                vtable for vex::motor
 .rodata._ZTVN3vex7opticalE
                0x03805148       0x18 C:\Program Files (x86)\VEX Robotics\VEXcode Pro V5\sdk/vexv5\libv5rt.a(vex_optical.cpp.obj)
                0x03805148                vtable for vex::optical
 .rodata._ZTVN3vex8distanceE
                0x03805160       0x18 C:\Program Files (x86)\VEX Robotics\VEXcode Pro V5\sdk/vexv5\libv5rt.a(vex_distance.cpp.obj)
                0x03805160                vtable for vex::distance
 .rodata.CSWTCH.16
                0x03805178        0xb C:\Program Files (x86)\VEX Robotics\VEXcode Pro V5\sdk/vexv5\libv5rt.a(vex_controller.cpp.obj)
 .rodata.CSWTCH.18
                0x03805183        0xb C:\Program Files (x86)\VEX Robotics\VEXcode Pro V5\sdk/vexv5\libv5rt.a(vex_controller.cpp.obj)
 .rodata.CSWTCH.24
                0x0380518e        0x3 C:\Program Files (x86)\VEX Robotics\VEXcode Pro V5\sdk/vexv5\libv5rt.a(vex_controller.cpp.obj)
 .rodata.str1.1
                0x03805191       0x2d C:\Program Files (x86)\VEX Robotics\VEXcode Pro V5\sdk/vexv5\libv5rt.a(vex_brain.cpp.obj)
 .rodata.CSWTCH.36
                0x038051be       0x10 C:\Program Files (x86)\VEX Robotics\VEXcode Pro V5\sdk/vexv5\libv5rt.a(vex_triport.cpp.obj)
 *fill*         0x038051ce        0x2 
 .rodata._ZTVN3vex7triportE
                0x038051d0       0x18 C:\Program Files (x86)\VEX Robotics\VEXcode Pro V5\sdk/vexv5\libv5rt.a(vex_triport.cpp.obj)
                0x038051d0                vtable for vex::triport
 .rodata.CSWTCH.31
                0x038051e8        0xe C:\Program Files (x86)\VEX Robotics\VEXcode Pro V5\sdk/vexv5\libv5rt.a(vex_triport.cpp.obj)
 *fill*         0x038051f6        0x2 
 .rodata._ZTVN3vex6deviceE
                0x038051f8       0x18 C:\Program Files (x86)\VEX Robotics\VEXcode Pro V5\sdk/vexv5\libv5rt.a(vex_device.cpp.obj)
                0x038051f8                vtable for vex::device
 .rodata.str1.1
                0x03805210       0x14 C:\Program Files (x86)\VEX Robotics\VEXcode Pro V5\sdk/vexv5\libv5rt.a(vex_task.cpp.obj)
 .rodata.str1.4
                0x03805224        0x4 C:\Program Files (x86)\VEX Robotics\VEXcode Pro V5\sdk/vexv5/gcc/libs\libc.a(lib_a-impure.o)
                                  0x2 (size before relaxing)
 *(.gnu.linkonce.r.*)
                0x03805228                __rodata_end = .

.rodata1        0x03805228        0x0
                0x03805228                __rodata1_start = .
 *(.rodata1)
 *(.rodata1.*)
                0x03805228                __rodata1_end = .

.sdata2         0x03805228        0x0
                0x03805228                __sdata2_start = .
 *(.sdata2)
 *(.sdata2.*)
 *(.gnu.linkonce.s2.*)
                0x03805228                __sdata2_end = .

.sbss2          0x03805228        0x0
                0x03805228                __sbss2_start = .
 *(.sbss2)
 *(.sbss2.*)
 *(.gnu.linkonce.sb2.*)
                0x03805228                __sbss2_end = .

.data           0x03805228      0x444
                0x03805228                __data_start = .
 *(.data)
 *(.data.*)
 .data.checkred
                0x03805228        0x1 build/src/matchauton.o
                0x03805228                checkred
 *fill*         0x03805229        0x3 
 .data.appRunning
                0x0380522c        0x4 C:\Program Files (x86)\VEX Robotics\VEXcode Pro V5\sdk/vexv5\libv5rt.a(v5_startup.c.obj)
                0x0380522c                appRunning
 .data.__yoff   0x03805230        0x4 C:\Program Files (x86)\VEX Robotics\VEXcode Pro V5\sdk/vexv5\libv5rt.a(v5_apijump.c.obj)
 .data._ZN3vex24__default_motor_velocityE
                0x03805234        0x4 C:\Program Files (x86)\VEX Robotics\VEXcode Pro V5\sdk/vexv5\libv5rt.a(vex_motor.cpp.obj)
                0x03805234                vex::__default_motor_velocity
 .data._ZN3vex5event12_usereventidE
                0x03805238        0x4 C:\Program Files (x86)\VEX Robotics\VEXcode Pro V5\sdk/vexv5\libv5rt.a(vex_event.cpp.obj)
                0x03805238                vex::event::_usereventid
 *fill*         0x0380523c        0x4 
 .data.impure_data
                0x03805240      0x428 C:\Program Files (x86)\VEX Robotics\VEXcode Pro V5\sdk/vexv5/gcc/libs\libc.a(lib_a-impure.o)
 .data._impure_ptr
                0x03805668        0x4 C:\Program Files (x86)\VEX Robotics\VEXcode Pro V5\sdk/vexv5/gcc/libs\libc.a(lib_a-impure.o)
                0x03805668                _impure_ptr
 *(.gnu.linkonce.d.*)
 *(.jcr)
 *(.got)
 *(.got.plt)
                0x0380566c                __data_end = .

.igot.plt       0x0380566c        0x0
 .igot.plt      0x00000000        0x0 build/src/intakes.o

.data1          0x0380566c        0x0
                0x0380566c                __data1_start = .
 *(.data1)
 *(.data1.*)
                0x0380566c                __data1_end = .

.got
 *(.got)

.ctors          0x0380566c        0x0
                0x0380566c                __CTOR_LIST__ = .
                0x0380566c                ___CTORS_LIST___ = .
 *crtbegin.o(.ctors)
 *(EXCLUDE_FILE(*crtend.o) .ctors)
 *(SORT(.ctors.*))
 *(.ctors)
                0x0380566c                __CTOR_END__ = .
                0x0380566c                ___CTORS_END___ = .

.dtors          0x0380566c        0x0
                0x0380566c                __DTOR_LIST__ = .
                0x0380566c                ___DTORS_LIST___ = .
 *crtbegin.o(.dtors)
 *(EXCLUDE_FILE(*crtend.o) .dtors)
 *(SORT(.dtors.*))
 *(.dtors)
                0x0380566c                __DTOR_END__ = .
                0x0380566c                ___DTORS_END___ = .

.fixup          0x0380566c        0x0
                0x0380566c                __fixup_start = .
 *(.fixup)
                0x0380566c                __fixup_end = .

.eh_frame
 *(.eh_frame)

.eh_framehdr    0x0380566c        0x0
                0x0380566c                __eh_framehdr_start = .
 *(.eh_framehdr)
                0x0380566c                __eh_framehdr_end = .

.gcc_except_table
 *(.gcc_except_table)

.mmu_tbl        0x03808000        0x0
                0x03808000                __mmu_tbl_start = .
 *(.mmu_tbl)
                0x03808000                __mmu_tbl_end = .

.ARM.exidx      0x0380566c        0x8
                0x0380566c                __exidx_start = .
 *(.ARM.exidx*)
 .ARM.exidx.text._Z11intakeDrivev
                0x0380566c        0x8 build/src/intakes.o
 .ARM.exidx.text._Z4moveddb
                0x03805674        0x0 build/src/progskills.o
                                  0x8 (size before relaxing)
 .ARM.exidx.text._Z11strafeRightddb
                0x03805674        0x0 build/src/progskills.o
                                  0x8 (size before relaxing)
 .ARM.exidx.text._Z9spinRobotdbdb
                0x03805674        0x0 build/src/progskills.o
                                  0x8 (size before relaxing)
 .ARM.exidx.text._Z6intakev
                0x03805674        0x0 build/src/progskills.o
                                  0x8 (size before relaxing)
 .ARM.exidx.text._Z7outtakei
                0x03805674        0x0 build/src/progskills.o
                                  0x8 (size before relaxing)
 .ARM.exidx.text._Z10brakeMotorN3vex5motorE
                0x03805674        0x0 build/src/progskills.o
                                  0x8 (size before relaxing)
 .ARM.exidx.text._Z10alignRobotv
                0x03805674        0x0 build/src/progskills.o
                                  0x8 (size before relaxing)
 .ARM.exidx.text._Z9alignBackv
                0x03805674        0x0 build/src/progskills.o
                                  0x8 (size before relaxing)
 .ARM.exidx.text._Z11stopRollersv
                0x03805674        0x0 build/src/progskills.o
                                  0x8 (size before relaxing)
 .ARM.exidx.text._Z6alignLv
                0x03805674        0x0 build/src/progskills.o
                                  0x8 (size before relaxing)
 .ARM.exidx.text._Z9trackTimev
                0x03805674        0x0 build/src/progskills.o
                                  0x8 (size before relaxing)
 .ARM.exidx.text._GLOBAL__sub_I_progskills.cpp
                0x03805674        0x0 build/src/progskills.o
                                  0x8 (size before relaxing)
 .ARM.exidx.text._Z9pre_autonv
                0x03805674        0x0 build/src/main.o
                                  0x8 (size before relaxing)
 .ARM.exidx.text._Z10autonomousv
                0x03805674        0x0 build/src/main.o
                                  0x8 (size before relaxing)
 .ARM.exidx.text._Z11usercontrolv
                0x03805674        0x0 build/src/main.o
                                  0x8 (size before relaxing)
 .ARM.exidx.text.main
                0x03805674        0x0 build/src/main.o
                                  0x8 (size before relaxing)
 .ARM.exidx.text._GLOBAL__sub_I_main.cpp
                0x03805674        0x0 build/src/main.o
                                  0x8 (size before relaxing)
 .ARM.exidx.text._Z7movePiddd
                0x03805674        0x0 build/src/pid.o
                                  0x8 (size before relaxing)
 .ARM.exidx.text._Z11vexcodeInitv
                0x03805674        0x0 build/src/robot-config.o
                                  0x8 (size before relaxing)
 .ARM.exidx.text._GLOBAL__sub_I_robot_config.cpp
                0x03805674        0x0 build/src/robot-config.o
                                  0x8 (size before relaxing)
 .ARM.exidx.text._Z7releasev
                0x03805674        0x0 build/src/autonselect.o
                                  0x8 (size before relaxing)
 .ARM.exidx.text._Z5autonv
                0x03805674        0x0 build/src/autonselect.o
                                  0x8 (size before relaxing)
 .ARM.exidx.text._Z7rollersv
                0x03805674        0x0 build/src/rollers.o
                                  0x8 (size before relaxing)
 .ARM.exidx.text._Z18calcPowerReductiondd
                0x03805674        0x0 build/src/drive-spline.o
                                  0x8 (size before relaxing)
 .ARM.exidx.text._Z5drivev
                0x03805674        0x0 build/src/drive-spline.o
                                  0x8 (size before relaxing)
 .ARM.exidx.text._GLOBAL__sub_I_drive_spline.cpp
                0x03805674        0x0 build/src/drive-spline.o
                                  0x8 (size before relaxing)
 .ARM.exidx.text._Z9motorInfov
                0x03805674        0x0 build/src/motorinfo.o
                                  0x8 (size before relaxing)
 .ARM.exidx.text._Z8keepTimev
                0x03805674        0x0 build/src/matchauton.o
                                  0x8 (size before relaxing)
 .ARM.exidx.text._Z6alignFv
                0x03805674        0x0 build/src/matchauton.o
                                  0x8 (size before relaxing)
 .ARM.exidx.text._Z10alignRightv
                0x03805674        0x0 build/src/matchauton.o
                                  0x8 (size before relaxing)
 .ARM.exidx.text._Z12autonRowBlueb
                0x03805674        0x0 build/src/matchauton.o
                                  0x8 (size before relaxing)
 .ARM.exidx.text._GLOBAL__sub_I_matchauton.cpp
                0x03805674        0x0 build/src/matchauton.o
                                  0x8 (size before relaxing)
 *(.gnu.linkonce.armexidix.*.*)
                0x03805674                __exidx_end = .

.rel.dyn        0x03805674        0x0
 .rel.iplt      0x00000000        0x0 build/src/intakes.o

.preinit_array  0x03805674        0x0
                0x03805674                __preinit_array_start = .
 *(SORT(.preinit_array.*))
 *(.preinit_array)
                0x03805674                __preinit_array_end = .

.init_array     0x03805674       0x1c
                0x03805674                __init_array_start = .
 *(SORT(.init_array.*))
 *(.init_array)
 .init_array    0x03805674        0x4 build/src/progskills.o
 .init_array    0x03805678        0x4 build/src/main.o
 .init_array    0x0380567c        0x4 build/src/robot-config.o
 .init_array    0x03805680        0x4 build/src/drive-spline.o
 .init_array    0x03805684        0x4 build/src/matchauton.o
 .init_array    0x03805688        0x4 C:\Program Files (x86)\VEX Robotics\VEXcode Pro V5\sdk/vexv5\libv5rt.a(vex_triport.cpp.obj)
 .init_array    0x0380568c        0x4 C:\Program Files (x86)\VEX Robotics\VEXcode Pro V5\sdk/vexv5\libv5rt.a(vex_color.cpp.obj)
                0x03805690                __init_array_end = .

.fini_array     0x03805690        0x0
                0x03805690                __fini_array_start = .
 *(SORT(.fini_array.*))
 *(.fini_array)
                0x03805690                __fini_array_end = .

.ARM.attributes
                0x03805690       0x3c
                0x03805690                __ARM.attributes_start = .
 *(.ARM.attributes)
 .ARM.attributes
                0x03805690       0x3a build/src/intakes.o
 .ARM.attributes
                0x038056ca       0x3a build/src/progskills.o
 .ARM.attributes
                0x03805704       0x3a build/src/main.o
 .ARM.attributes
                0x0380573e       0x3a build/src/pid.o
 .ARM.attributes
                0x03805778       0x3a build/src/robot-config.o
 .ARM.attributes
                0x038057b2       0x3a build/src/autonselect.o
 .ARM.attributes
                0x038057ec       0x3a build/src/rollers.o
 .ARM.attributes
                0x03805826       0x3a build/src/drive-spline.o
 .ARM.attributes
                0x03805860       0x3a build/src/motorinfo.o
 .ARM.attributes
                0x0380589a       0x3a build/src/matchauton.o
 .ARM.attributes
                0x038058d4       0x35 C:\Program Files (x86)\VEX Robotics\VEXcode Pro V5\sdk/vexv5\libv5rt.a(v5_startup.c.obj)
 .ARM.attributes
                0x03805909       0x35 C:\Program Files (x86)\VEX Robotics\VEXcode Pro V5\sdk/vexv5\libv5rt.a(v5_util.c.obj)
 .ARM.attributes
                0x0380593e       0x35 C:\Program Files (x86)\VEX Robotics\VEXcode Pro V5\sdk/vexv5\libv5rt.a(v5_apijump.c.obj)
 .ARM.attributes
                0x03805973       0x35 C:\Program Files (x86)\VEX Robotics\VEXcode Pro V5\sdk/vexv5\libv5rt.a(v5_apiversions.c.obj)
 .ARM.attributes
                0x038059a8       0x35 C:\Program Files (x86)\VEX Robotics\VEXcode Pro V5\sdk/vexv5\libv5rt.a(vex_global.cpp.obj)
 .ARM.attributes
                0x038059dd       0x35 C:\Program Files (x86)\VEX Robotics\VEXcode Pro V5\sdk/vexv5\libv5rt.a(vex_motor.cpp.obj)
 .ARM.attributes
                0x03805a12       0x35 C:\Program Files (x86)\VEX Robotics\VEXcode Pro V5\sdk/vexv5\libv5rt.a(vex_optical.cpp.obj)
 .ARM.attributes
                0x03805a47       0x35 C:\Program Files (x86)\VEX Robotics\VEXcode Pro V5\sdk/vexv5\libv5rt.a(vex_distance.cpp.obj)
 .ARM.attributes
                0x03805a7c       0x35 C:\Program Files (x86)\VEX Robotics\VEXcode Pro V5\sdk/vexv5\libv5rt.a(vex_controller.cpp.obj)
 .ARM.attributes
                0x03805ab1       0x35 C:\Program Files (x86)\VEX Robotics\VEXcode Pro V5\sdk/vexv5\libv5rt.a(vex_thread.cpp.obj)
 .ARM.attributes
                0x03805ae6       0x35 C:\Program Files (x86)\VEX Robotics\VEXcode Pro V5\sdk/vexv5\libv5rt.a(vex_event.cpp.obj)
 .ARM.attributes
                0x03805b1b       0x35 C:\Program Files (x86)\VEX Robotics\VEXcode Pro V5\sdk/vexv5\libv5rt.a(vex_mevent.cpp.obj)
 .ARM.attributes
                0x03805b50       0x35 C:\Program Files (x86)\VEX Robotics\VEXcode Pro V5\sdk/vexv5\libv5rt.a(vex_brain.cpp.obj)
 .ARM.attributes
                0x03805b85       0x35 C:\Program Files (x86)\VEX Robotics\VEXcode Pro V5\sdk/vexv5\libv5rt.a(vex_competition.cpp.obj)
 .ARM.attributes
                0x03805bba       0x35 C:\Program Files (x86)\VEX Robotics\VEXcode Pro V5\sdk/vexv5\libv5rt.a(vex_triport.cpp.obj)
 .ARM.attributes
                0x03805bef       0x35 C:\Program Files (x86)\VEX Robotics\VEXcode Pro V5\sdk/vexv5\libv5rt.a(vex_color.cpp.obj)
 .ARM.attributes
                0x03805c24       0x35 C:\Program Files (x86)\VEX Robotics\VEXcode Pro V5\sdk/vexv5\libv5rt.a(vex_timer.cpp.obj)
 .ARM.attributes
                0x03805c59       0x35 C:\Program Files (x86)\VEX Robotics\VEXcode Pro V5\sdk/vexv5\libv5rt.a(v5_apiuser.c.obj)
 .ARM.attributes
                0x03805c8e       0x35 C:\Program Files (x86)\VEX Robotics\VEXcode Pro V5\sdk/vexv5\libv5rt.a(vex_device.cpp.obj)
 .ARM.attributes
                0x03805cc3       0x35 C:\Program Files (x86)\VEX Robotics\VEXcode Pro V5\sdk/vexv5\libv5rt.a(vex_task.cpp.obj)
 .ARM.attributes
                0x03805cf8       0x2b C:\Program Files (x86)\VEX Robotics\VEXcode Pro V5\sdk/vexv5/gcc/libs\libc.a(lib_a-fini.o)
 .ARM.attributes
                0x03805d23       0x2b C:\Program Files (x86)\VEX Robotics\VEXcode Pro V5\sdk/vexv5/gcc/libs\libc.a(lib_a-impure.o)
 .ARM.attributes
                0x03805d4e       0x2b C:\Program Files (x86)\VEX Robotics\VEXcode Pro V5\sdk/vexv5/gcc/libs\libc.a(lib_a-init.o)
                0x03805d79                __ARM.attributes_end = .

.sdata          0x03805690        0x0
                0x03805690                __sdata_start = .
 *(.sdata)
 *(.sdata.*)
 *(.gnu.linkonce.s.*)
                0x03805690                __sdata_end = .

.sbss           0x03805690        0x0
                0x03805690                __sbss_start = .
 *(.sbss)
 *(.sbss.*)
 *(.gnu.linkonce.sb.*)
                0x03805690                __sbss_end = .

.tdata          0x03805690        0x0
                0x03805690                __tdata_start = .
 *(.tdata)
 *(.tdata.*)
 *(.gnu.linkonce.td.*)
                0x03805690                __tdata_end = .

.tbss           0x03805690        0x0
                0x03805690                __tbss_start = .
 *(.tbss)
 *(.tbss.*)
 *(.gnu.linkonce.tb.*)
                0x03805690                __tbss_end = .

.bss            0x03805690      0x78c
                0x03805690                __bss_start = .
 *(.bss)
 *(.bss.*)
 .bss.wheelCirc
                0x03805690        0x8 build/src/progskills.o
                0x03805690                wheelCirc
 .bss.turnCirc  0x03805698        0x8 build/src/progskills.o
                0x03805698                turnCirc
 .bss.align     0x038056a0        0x8 build/src/progskills.o
                0x038056a0                align
 .bss.alignB    0x038056a8        0x8 build/src/progskills.o
                0x038056a8                alignB
 .bss.stopRollersEvent
                0x038056b0        0x8 build/src/progskills.o
                0x038056b0                stopRollersEvent
 .bss.alignLeft
                0x038056b8        0x8 build/src/progskills.o
                0x038056b8                alignLeft
 .bss.startTimeTracker
                0x038056c0        0x8 build/src/progskills.o
                0x038056c0                startTimeTracker
 .bss.Competition
                0x038056c8       0x28 build/src/main.o
                0x038056c8                Competition
 .bss.LeftFront
                0x038056f0       0x24 build/src/main.o
                0x038056f0                LeftFront
 .bss.LeftRear  0x03805714       0x24 build/src/main.o
                0x03805714                LeftRear
 .bss.RightFront
                0x03805738       0x24 build/src/main.o
                0x03805738                RightFront
 .bss.RightRear
                0x0380575c       0x24 build/src/main.o
                0x0380575c                RightRear
 .bss.LeftIntake
                0x03805780       0x24 build/src/main.o
                0x03805780                LeftIntake
 .bss.RightIntake
                0x038057a4       0x24 build/src/main.o
                0x038057a4                RightIntake
 .bss.BottomRoller
                0x038057c8       0x24 build/src/main.o
                0x038057c8                BottomRoller
 .bss.TopRoller
                0x038057ec       0x24 build/src/main.o
                0x038057ec                TopRoller
 .bss.ct        0x03805810      0x1e0 build/src/main.o
                0x03805810                ct
 .bss.topSensorInit
                0x038059f0        0x4 build/src/main.o
                0x038059f0                topSensorInit
 .bss.bottomSensorInit
                0x038059f4        0x4 build/src/main.o
                0x038059f4                bottomSensorInit
 .bss.Brain     0x038059f8      0x2bc build/src/robot-config.o
                0x038059f8                Brain
 .bss.topSensor
                0x03805cb4       0x1c build/src/robot-config.o
                0x03805cb4                topSensor
 .bss.bottomSensor
                0x03805cd0       0x1c build/src/robot-config.o
                0x03805cd0                bottomSensor
 .bss.leftEncoder
                0x03805cec       0x1c build/src/robot-config.o
                0x03805cec                leftEncoder
 .bss.rightEncoder
                0x03805d08       0x1c build/src/robot-config.o
                0x03805d08                rightEncoder
 .bss.middleSensor
                0x03805d24       0x20 build/src/robot-config.o
                0x03805d24                middleSensor
 .bss.topSensorNew
                0x03805d44       0x18 build/src/robot-config.o
                0x03805d44                topSensorNew
 .bss.bottomSensorNew
                0x03805d5c       0x10 build/src/robot-config.o
                0x03805d5c                bottomSensorNew
 *fill*         0x03805d6c        0x4 
 .bss.encoderLeftInit
                0x03805d70        0x8 build/src/drive-spline.o
                0x03805d70                encoderLeftInit
 .bss.encoderRightInit
                0x03805d78        0x8 build/src/drive-spline.o
                0x03805d78                encoderRightInit
 .bss.timermsec
                0x03805d80        0x4 build/src/matchauton.o
                0x03805d80                timermsec
 .bss.startTimer
                0x03805d84        0x8 build/src/matchauton.o
                0x03805d84                startTimer
 .bss.alignFront
                0x03805d8c        0x8 build/src/matchauton.o
                0x03805d8c                alignFront
 .bss.alignRightSide
                0x03805d94        0x8 build/src/matchauton.o
                0x03805d94                alignRightSide
 .bss.__dso_handle
                0x03805d9c        0x4 C:\Program Files (x86)\VEX Robotics\VEXcode Pro V5\sdk/vexv5\libv5rt.a(v5_startup.c.obj)
                0x03805d9c                __dso_handle
 .bss._ZN3vex11competition22bStopTasksBetweenModesE
                0x03805da0        0x1 C:\Program Files (x86)\VEX Robotics\VEXcode Pro V5\sdk/vexv5\libv5rt.a(vex_competition.cpp.obj)
                0x03805da0                vex::competition::bStopTasksBetweenModes
 .bss._ZN3vex11competition15_driver_pendingE
                0x03805da1        0x1 C:\Program Files (x86)\VEX Robotics\VEXcode Pro V5\sdk/vexv5\libv5rt.a(vex_competition.cpp.obj)
                0x03805da1                vex::competition::_driver_pending
 .bss._ZN3vex11competition14_auton_pendingE
                0x03805da2        0x1 C:\Program Files (x86)\VEX Robotics\VEXcode Pro V5\sdk/vexv5\libv5rt.a(vex_competition.cpp.obj)
                0x03805da2                vex::competition::_auton_pending
 *fill*         0x03805da3        0x1 
 .bss._ZN3vex11competition23_drivercontrol_callbackE
                0x03805da4        0x4 C:\Program Files (x86)\VEX Robotics\VEXcode Pro V5\sdk/vexv5\libv5rt.a(vex_competition.cpp.obj)
                0x03805da4                vex::competition::_drivercontrol_callback
 .bss._ZN3vex11competition20_autonomous_callbackE
                0x03805da8        0x4 C:\Program Files (x86)\VEX Robotics\VEXcode Pro V5\sdk/vexv5\libv5rt.a(vex_competition.cpp.obj)
                0x03805da8                vex::competition::_autonomous_callback
 .bss._ZN3vex11competition25bStopAllTasksBetweenModesE
                0x03805dac        0x1 C:\Program Files (x86)\VEX Robotics\VEXcode Pro V5\sdk/vexv5\libv5rt.a(vex_competition.cpp.obj)
                0x03805dac                vex::competition::bStopAllTasksBetweenModes
 .bss._ZStL8__ioinit
                0x03805dad        0x1 C:\Program Files (x86)\VEX Robotics\VEXcode Pro V5\sdk/vexv5\libv5rt.a(vex_triport.cpp.obj)
 *fill*         0x03805dae        0x2 
 .bss._ZN3vex5color6orangeE
                0x03805db0        0x8 C:\Program Files (x86)\VEX Robotics\VEXcode Pro V5\sdk/vexv5\libv5rt.a(vex_color.cpp.obj)
                0x03805db0                vex::color::orange
 .bss._ZN3vex5color5blackE
                0x03805db8        0x8 C:\Program Files (x86)\VEX Robotics\VEXcode Pro V5\sdk/vexv5\libv5rt.a(vex_color.cpp.obj)
                0x03805db8                vex::color::black
 .bss._ZN3vex5color6yellowE
                0x03805dc0        0x8 C:\Program Files (x86)\VEX Robotics\VEXcode Pro V5\sdk/vexv5\libv5rt.a(vex_color.cpp.obj)
                0x03805dc0                vex::color::yellow
 .bss._ZN3vex5color5greenE
                0x03805dc8        0x8 C:\Program Files (x86)\VEX Robotics\VEXcode Pro V5\sdk/vexv5\libv5rt.a(vex_color.cpp.obj)
                0x03805dc8                vex::color::green
 .bss._ZN3vex5color6purpleE
                0x03805dd0        0x8 C:\Program Files (x86)\VEX Robotics\VEXcode Pro V5\sdk/vexv5\libv5rt.a(vex_color.cpp.obj)
                0x03805dd0                vex::color::purple
 .bss._ZN3vex5color4cyanE
                0x03805dd8        0x8 C:\Program Files (x86)\VEX Robotics\VEXcode Pro V5\sdk/vexv5\libv5rt.a(vex_color.cpp.obj)
                0x03805dd8                vex::color::cyan
 .bss._ZN3vex5color4blueE
                0x03805de0        0x8 C:\Program Files (x86)\VEX Robotics\VEXcode Pro V5\sdk/vexv5\libv5rt.a(vex_color.cpp.obj)
                0x03805de0                vex::color::blue
 .bss._ZN3vex5color3redE
                0x03805de8        0x8 C:\Program Files (x86)\VEX Robotics\VEXcode Pro V5\sdk/vexv5\libv5rt.a(vex_color.cpp.obj)
                0x03805de8                vex::color::red
 .bss._ZN3vex5color11transparentE
                0x03805df0        0x8 C:\Program Files (x86)\VEX Robotics\VEXcode Pro V5\sdk/vexv5\libv5rt.a(vex_color.cpp.obj)
                0x03805df0                vex::color::transparent
 .bss._ZN3vex5color5whiteE
                0x03805df8        0x8 C:\Program Files (x86)\VEX Robotics\VEXcode Pro V5\sdk/vexv5\libv5rt.a(vex_color.cpp.obj)
                0x03805df8                vex::color::white
 .bss._ZN3vex4task8_labelIdE
                0x03805e00        0x4 C:\Program Files (x86)\VEX Robotics\VEXcode Pro V5\sdk/vexv5\libv5rt.a(vex_task.cpp.obj)
                0x03805e00                vex::task::_labelId
 *(.gnu.linkonce.b.*)
 *(COMMON)
 COMMON         0x03805e04       0x18 C:\Program Files (x86)\VEX Robotics\VEXcode Pro V5\sdk/vexv5\libv5rt.a(v5_startup.c.obj)
                0x03805e08                __vex_critical_section
                0x03805e1c                __bss_end = .
                0x03805690                _SDA_BASE_ = (__sdata_start + ((__sbss_end - __sdata_start) / 0x2))
                0x03805228                _SDA2_BASE_ = (__sdata2_start + ((__sbss2_end - __sdata2_start) / 0x2))

.heap           0x03805e1c   0x100004
                0x03805e20                . = ALIGN (0x10)
 *fill*         0x03805e1c        0x4 
                0x03805e20                _heap = .
                0x03805e20                HeapBase = .
                0x03805e20                _heap_start = .
                0x03905e20                . = (. + _HEAP_SIZE)
 *fill*         0x03805e20   0x100000 
                0x03905e20                _heap_end = .
                0x03905e20                HeapLimit = .

.stack          0x03905e20     0x3800
                0x03905e20                . = ALIGN (0x10)
                0x03905e20                _stack_end = .
                0x03907e20                . = (. + _STACK_SIZE)
 *fill*         0x03905e20     0x2000 
                0x03907e20                . = ALIGN (0x10)
                0x03907e20                _stack = .
                0x03907e20                __stack = _stack
                0x03907e20                . = ALIGN (0x10)
                0x03907e20                _irq_stack_end = .
                0x03908220                . = (. + _IRQ_STACK_SIZE)
 *fill*         0x03907e20      0x400 
                0x03908220                . = ALIGN (0x10)
                0x03908220                __irq_stack = .
                0x03908220                _supervisor_stack_end = .
                0x03908a20                . = (. + _SUPERVISOR_STACK_SIZE)
 *fill*         0x03908220      0x800 
                0x03908a20                . = ALIGN (0x10)
                0x03908a20                __supervisor_stack = .
                0x03908a20                _abort_stack_end = .
                0x03908e20                . = (. + _ABORT_STACK_SIZE)
 *fill*         0x03908a20      0x400 
                0x03908e20                . = ALIGN (0x10)
                0x03908e20                __abort_stack = .
                0x03908e20                _fiq_stack_end = .
                0x03909220                . = (. + _FIQ_STACK_SIZE)
 *fill*         0x03908e20      0x400 
                0x03909220                . = ALIGN (0x10)
                0x03909220                __fiq_stack = .
                0x03909220                _undef_stack_end = .
                0x03909620                . = (. + _UNDEF_STACK_SIZE)
 *fill*         0x03909220      0x400 
                0x03909620                . = ALIGN (0x10)
                0x03909620                __undef_stack = .
                0x03909620                _end = .
LOAD C:\Program Files (x86)\VEX Robotics\VEXcode Pro V5\sdk/vexv5/stdlib_0.lib
LOAD build/src/intakes.o
LOAD build/src/progskills.o
LOAD build/src/main.o
LOAD build/src/pid.o
LOAD build/src/robot-config.o
LOAD build/src/autonselect.o
LOAD build/src/autonremake.o
LOAD build/src/rollers.o
LOAD build/src/drive-spline.o
LOAD build/src/motorinfo.o
LOAD build/src/matchauton.o
LOAD build/src/testing.o
START GROUP
LOAD C:\Program Files (x86)\VEX Robotics\VEXcode Pro V5\sdk/vexv5\libv5rt.a
LOAD C:\Program Files (x86)\VEX Robotics\VEXcode Pro V5\sdk/vexv5/gcc/libs\libstdc++.a
LOAD C:\Program Files (x86)\VEX Robotics\VEXcode Pro V5\sdk/vexv5/gcc/libs\libc.a
LOAD C:\Program Files (x86)\VEX Robotics\VEXcode Pro V5\sdk/vexv5/gcc/libs\libm.a
LOAD C:\Program Files (x86)\VEX Robotics\VEXcode Pro V5\sdk/vexv5/gcc/libs\libgcc.a
END GROUP
OUTPUT(build/XDriveBotCodeH.elf elf32-littlearm)

.comment        0x00000000       0x9d
 .comment       0x00000000       0x2d build/src/intakes.o
                                 0x2e (size before relaxing)
 .comment       0x00000000       0x2e build/src/progskills.o
 .comment       0x00000000       0x2e build/src/main.o
 .comment       0x00000000       0x2e build/src/pid.o
 .comment       0x00000000       0x2e build/src/robot-config.o
 .comment       0x00000000       0x2e build/src/autonselect.o
 .comment       0x00000000       0x2e build/src/rollers.o
 .comment       0x00000000       0x2e build/src/drive-spline.o
 .comment       0x00000000       0x2e build/src/motorinfo.o
 .comment       0x00000000       0x2e build/src/matchauton.o
 .comment       0x0000002d       0x70 C:\Program Files (x86)\VEX Robotics\VEXcode Pro V5\sdk/vexv5\libv5rt.a(v5_startup.c.obj)
                                 0x71 (size before relaxing)
 .comment       0x00000000       0x71 C:\Program Files (x86)\VEX Robotics\VEXcode Pro V5\sdk/vexv5\libv5rt.a(v5_util.c.obj)
 .comment       0x00000000       0x71 C:\Program Files (x86)\VEX Robotics\VEXcode Pro V5\sdk/vexv5\libv5rt.a(v5_apijump.c.obj)
 .comment       0x00000000       0x71 C:\Program Files (x86)\VEX Robotics\VEXcode Pro V5\sdk/vexv5\libv5rt.a(v5_apiversions.c.obj)
 .comment       0x00000000       0x71 C:\Program Files (x86)\VEX Robotics\VEXcode Pro V5\sdk/vexv5\libv5rt.a(vex_global.cpp.obj)
 .comment       0x00000000       0x71 C:\Program Files (x86)\VEX Robotics\VEXcode Pro V5\sdk/vexv5\libv5rt.a(vex_motor.cpp.obj)
 .comment       0x00000000       0x71 C:\Program Files (x86)\VEX Robotics\VEXcode Pro V5\sdk/vexv5\libv5rt.a(vex_optical.cpp.obj)
 .comment       0x00000000       0x71 C:\Program Files (x86)\VEX Robotics\VEXcode Pro V5\sdk/vexv5\libv5rt.a(vex_distance.cpp.obj)
 .comment       0x00000000       0x71 C:\Program Files (x86)\VEX Robotics\VEXcode Pro V5\sdk/vexv5\libv5rt.a(vex_controller.cpp.obj)
 .comment       0x00000000       0x71 C:\Program Files (x86)\VEX Robotics\VEXcode Pro V5\sdk/vexv5\libv5rt.a(vex_thread.cpp.obj)
 .comment       0x00000000       0x71 C:\Program Files (x86)\VEX Robotics\VEXcode Pro V5\sdk/vexv5\libv5rt.a(vex_event.cpp.obj)
 .comment       0x00000000       0x71 C:\Program Files (x86)\VEX Robotics\VEXcode Pro V5\sdk/vexv5\libv5rt.a(vex_mevent.cpp.obj)
 .comment       0x00000000       0x71 C:\Program Files (x86)\VEX Robotics\VEXcode Pro V5\sdk/vexv5\libv5rt.a(vex_brain.cpp.obj)
 .comment       0x00000000       0x71 C:\Program Files (x86)\VEX Robotics\VEXcode Pro V5\sdk/vexv5\libv5rt.a(vex_competition.cpp.obj)
 .comment       0x00000000       0x71 C:\Program Files (x86)\VEX Robotics\VEXcode Pro V5\sdk/vexv5\libv5rt.a(vex_triport.cpp.obj)