Archive member included because of file (symbol)

C:\Program Files (x86)\VEX Robotics\VEXcode Pro V5\sdk/vexv5\libv5rt.a(v5_startup.c.obj)
                              (vexStartup)
C:\Program Files (x86)\VEX Robotics\VEXcode Pro V5\sdk/vexv5\libv5rt.a(v5_util.c.obj)
                              C:\Program Files (x86)\VEX Robotics\VEXcode Pro V5\sdk/vexv5\libv5rt.a(v5_startup.c.obj) (vexStdlibVersionLinked)
C:\Program Files (x86)\VEX Robotics\VEXcode Pro V5\sdk/vexv5\libv5rt.a(v5_apijump.c.obj)
                              C:\Program Files (x86)\VEX Robotics\VEXcode Pro V5\sdk/vexv5\libv5rt.a(v5_startup.c.obj) (vexPrivateApiEnable)
C:\Program Files (x86)\VEX Robotics\VEXcode Pro V5\sdk/vexv5\libv5rt.a(v5_apiversions.c.obj)
                              C:\Program Files (x86)\VEX Robotics\VEXcode Pro V5\sdk/vexv5\libv5rt.a(v5_apijump.c.obj) (vexSystemVersion)
C:\Program Files (x86)\VEX Robotics\VEXcode Pro V5\sdk/vexv5\libv5rt.a(vex_global.cpp.obj)
                              build/src/progskills.o (vex::wait(double, vex::timeUnits))
C:\Program Files (x86)\VEX Robotics\VEXcode Pro V5\sdk/vexv5\libv5rt.a(vex_motor.cpp.obj)
                              build/src/progskills.o (vex::motor::~motor())
C:\Program Files (x86)\VEX Robotics\VEXcode Pro V5\sdk/vexv5\libv5rt.a(vex_optical.cpp.obj)
                              build/src/robot-config.o (vex::optical::~optical())
C:\Program Files (x86)\VEX Robotics\VEXcode Pro V5\sdk/vexv5\libv5rt.a(vex_distance.cpp.obj)
                              build/src/robot-config.o (vex::distance::~distance())
C:\Program Files (x86)\VEX Robotics\VEXcode Pro V5\sdk/vexv5\libv5rt.a(vex_controller.cpp.obj)
                              build/src/main.o (vex::controller::~controller())
C:\Program Files (x86)\VEX Robotics\VEXcode Pro V5\sdk/vexv5\libv5rt.a(vex_thread.cpp.obj)
                              C:\Program Files (x86)\VEX Robotics\VEXcode Pro V5\sdk/vexv5\libv5rt.a(vex_global.cpp.obj) (vex::this_thread::sleep_for(unsigned long))
C:\Program Files (x86)\VEX Robotics\VEXcode Pro V5\sdk/vexv5\libv5rt.a(vex_event.cpp.obj)
                              build/src/progskills.o (vex::event::event(void (*)()))
C:\Program Files (x86)\VEX Robotics\VEXcode Pro V5\sdk/vexv5\libv5rt.a(vex_mevent.cpp.obj)
                              C:\Program Files (x86)\VEX Robotics\VEXcode Pro V5\sdk/vexv5\libv5rt.a(vex_controller.cpp.obj) (vex::mevent::mevent(unsigned long, unsigned long))
C:\Program Files (x86)\VEX Robotics\VEXcode Pro V5\sdk/vexv5\libv5rt.a(vex_brain.cpp.obj)
                              build/src/progskills.o (vex::brain::lcd::setFont(vex::fontType))
C:\Program Files (x86)\VEX Robotics\VEXcode Pro V5\sdk/vexv5\libv5rt.a(vex_competition.cpp.obj)
                              build/src/main.o (vex::competition::competition())
C:\Program Files (x86)\VEX Robotics\VEXcode Pro V5\sdk/vexv5\libv5rt.a(vex_triport.cpp.obj)
                              C:\Program Files (x86)\VEX Robotics\VEXcode Pro V5\sdk/vexv5\libv5rt.a(vex_brain.cpp.obj) (vex::triport::~triport())
C:\Program Files (x86)\VEX Robotics\VEXcode Pro V5\sdk/vexv5\libv5rt.a(vex_color.cpp.obj)
                              C:\Program Files (x86)\VEX Robotics\VEXcode Pro V5\sdk/vexv5\libv5rt.a(vex_optical.cpp.obj) (vex::color::~color())
C:\Program Files (x86)\VEX Robotics\VEXcode Pro V5\sdk/vexv5\libv5rt.a(vex_timer.cpp.obj)
                              C:\Program Files (x86)\VEX Robotics\VEXcode Pro V5\sdk/vexv5\libv5rt.a(vex_brain.cpp.obj) (vex::timer::~timer())
C:\Program Files (x86)\VEX Robotics\VEXcode Pro V5\sdk/vexv5\libv5rt.a(v5_apiuser.c.obj)
                              C:\Program Files (x86)\VEX Robotics\VEXcode Pro V5\sdk/vexv5\libv5rt.a(vex_triport.cpp.obj) (vexAdiPortConfigSet)
C:\Program Files (x86)\VEX Robotics\VEXcode Pro V5\sdk/vexv5\libv5rt.a(vex_device.cpp.obj)
                              C:\Program Files (x86)\VEX Robotics\VEXcode Pro V5\sdk/vexv5\libv5rt.a(vex_motor.cpp.obj) (vex::device::~device())
C:\Program Files (x86)\VEX Robotics\VEXcode Pro V5\sdk/vexv5\libv5rt.a(vex_task.cpp.obj)
                              C:\Program Files (x86)\VEX Robotics\VEXcode Pro V5\sdk/vexv5\libv5rt.a(vex_competition.cpp.obj) (vex::task::task(int (*)()))
C:\Program Files (x86)\VEX Robotics\VEXcode Pro V5\sdk/vexv5/gcc/libs\libc.a(lib_a-fini.o)
                              C:\Program Files (x86)\VEX Robotics\VEXcode Pro V5\sdk/vexv5\libv5rt.a(v5_startup.c.obj) (__libc_fini_array)
C:\Program Files (x86)\VEX Robotics\VEXcode Pro V5\sdk/vexv5/gcc/libs\libc.a(lib_a-impure.o)
                              C:\Program Files (x86)\VEX Robotics\VEXcode Pro V5\sdk/vexv5\libv5rt.a(v5_startup.c.obj) (_impure_ptr)
C:\Program Files (x86)\VEX Robotics\VEXcode Pro V5\sdk/vexv5/gcc/libs\libc.a(lib_a-init.o)
                              C:\Program Files (x86)\VEX Robotics\VEXcode Pro V5\sdk/vexv5\libv5rt.a(v5_startup.c.obj) (__libc_init_array)
[...]
Memory Configuration

Name             Origin             Length             Attributes
ps7_ddr_0_S_AXI_BASEADDR 0x03800000         0x04800000
*default*        0x00000000         0xffffffff

Linker script and memory map

                0x00002000                _STACK_SIZE = DEFINED (_STACK_SIZE)?_STACK_SIZE:0x2000
                0x00100000                _HEAP_SIZE = DEFINED (_HEAP_SIZE)?_HEAP_SIZE:0x100000
                0x00000400                _ABORT_STACK_SIZE = DEFINED (_ABORT_STACK_SIZE)?_ABORT_STACK_SIZE:0x400
                0x00000800                _SUPERVISOR_STACK_SIZE = DEFINED (_SUPERVISOR_STACK_SIZE)?_SUPERVISOR_STACK_SIZE:0x800
                0x00000400                _IRQ_STACK_SIZE = DEFINED (_IRQ_STACK_SIZE)?_IRQ_STACK_SIZE:0x400
                0x00000400                _FIQ_STACK_SIZE = DEFINED (_FIQ_STACK_SIZE)?_FIQ_STACK_SIZE:0x400
                0x00000400                _UNDEF_STACK_SIZE = DEFINED (_UNDEF_STACK_SIZE)?_UNDEF_STACK_SIZE:0x400

.text           0x03800000     0x50f8
 *(.vectors)
 *(.boot_data)
 .boot_data     0x03800000       0x20 C:\Program Files (x86)\VEX Robotics\VEXcode Pro V5\sdk/vexv5\libv5rt.a(v5_startup.c.obj)
                0x03800000                vexCodeSig
                0x00000020                . = 0x20
 *(.boot)
 .boot          0x03800020       0xbc C:\Program Files (x86)\VEX Robotics\VEXcode Pro V5\sdk/vexv5\libv5rt.a(v5_startup.c.obj)
                0x03800020                vexStartup
                0x03800100                . = ALIGN (0x40)
 *fill*         0x038000dc       0x24 
 *(.freertos_vectors)
 *(.text)
 *(.text.*)
 .text._Z11intakeDrivev
                0x03800100      0x100 build/src/intakes.o
                0x03800100                intakeDrive()
 .text._Z4moveddb
                0x03800200       0xd8 build/src/progskills.o
                0x03800200                move(double, double, bool)
 .text._Z11strafeRightddb
                0x038002d8       0xe8 build/src/progskills.o
                0x038002d8                strafeRight(double, double, bool)
 .text._Z9spinRobotdbdb
                0x038003c0      0x108 build/src/progskills.o
                0x038003c0                spinRobot(double, bool, double, bool)
 .text._Z6intakev
                0x038004c8       0x60 build/src/progskills.o
                0x038004c8                intake()
 .text._Z7outtakei
                0x03800528       0x5c build/src/progskills.o
                0x03800528                outtake(int)
 .text._Z10brakeMotorN3vex5motorE
                0x03800584        0x8 build/src/progskills.o
                0x03800584                brakeMotor(vex::motor)
 .text._Z10alignRobotv
                0x0380058c       0x30 build/src/progskills.o
                0x0380058c                alignRobot()
 .text._Z9alignBackv
                0x038005bc       0x30 build/src/progskills.o
                0x038005bc                alignBack()
 *fill*         0x038005ec        0x4 
 .text._Z11stopRollersv
                0x038005f0       0xa8 build/src/progskills.o
                0x038005f0                stopRollers()
 .text._Z6alignLv
                0x03800698       0x30 build/src/progskills.o
                0x03800698                alignL()
 .text._Z9trackTimev
                0x038006c8       0x90 build/src/progskills.o
                0x038006c8                trackTime()
 .text._GLOBAL__sub_I_progskills.cpp
                0x03800758      0x118 build/src/progskills.o
 .text._Z9pre_autonv
                0x03800870       0xc0 build/src/main.o
                0x03800870                pre_auton()
 .text._Z10autonomousv
                0x03800930        0x4 build/src/main.o
                0x03800930                autonomous()
 .text._Z11usercontrolv
                0x03800934       0x5c build/src/main.o
                0x03800934                usercontrol()
 .text.main     0x03800990       0x68 build/src/main.o
                0x03800990                main
 .text._GLOBAL__sub_I_main.cpp
                0x038009f8      0x1d8 build/src/main.o
 .text._Z7movePiddd
                0x03800bd0      0x348 build/src/pid.o
                0x03800bd0                movePid(double, double)
 .text._Z11vexcodeInitv
                0x03800f18        0x4 build/src/robot-config.o
                0x03800f18                vexcodeInit()
 .text._GLOBAL__sub_I_robot_config.cpp
                0x03800f1c      0x164 build/src/robot-config.o
 .text._Z7releasev
                0x03801080       0xc0 build/src/autonselect.o
                0x03801080                release()
 .text._Z5autonv
                0x03801140        0x8 build/src/autonselect.o
                0x03801140                auton()
 .text._Z7rollersv
                0x03801148      0x188 build/src/rollers.o
                0x03801148                rollers()
 .text._Z18calcPowerReductiondd
                0x038012d0      0x128 build/src/drive-spline.o
                0x038012d0                calcPowerReduction(double, double)
 .text._Z5drivev
                0x038013f8      0x8f0 build/src/drive-spline.o
                0x038013f8                drive()
 .text._GLOBAL__sub_I_drive_spline.cpp
                0x03801ce8       0x44 build/src/drive-spline.o
 .text._Z9motorInfov
                0x03801d2c       0xf0 build/src/motorinfo.o
                0x03801d2c                motorInfo()
 .text._Z8keepTimev
                0x03801e1c       0x44 build/src/matchauton.o
                0x03801e1c                keepTime()
 .text._Z6alignFv
                0x03801e60       0x38 build/src/matchauton.o
                0x03801e60                alignF()
 .text._Z10alignRightv
                0x03801e98       0x98 build/src/matchauton.o
                0x03801e98                alignRight()
 .text._Z12autonRowBlueb
                0x03801f30      0x708 build/src/matchauton.o
                0x03801f30                autonRowBlue(bool)
 .text._GLOBAL__sub_I_matchauton.cpp
                0x03802638       0x94 build/src/matchauton.o
 .text.vexMain  0x038026cc       0xb0 C:\Program Files (x86)\VEX Robotics\VEXcode Pro V5\sdk/vexv5\libv5rt.a(v5_startup.c.obj)
                0x038026cc                vexMain
 .text.__vex_function_prolog
                0x0380277c       0x18 C:\Program Files (x86)\VEX Robotics\VEXcode Pro V5\sdk/vexv5\libv5rt.a(v5_startup.c.obj)
                0x0380277c                __vex_function_prolog
 .text._init    0x03802794        0x4 C:\Program Files (x86)\VEX Robotics\VEXcode Pro V5\sdk/vexv5\libv5rt.a(v5_startup.c.obj)
                0x03802794                _init
 .text._fini    0x03802798        0x4 C:\Program Files (x86)\VEX Robotics\VEXcode Pro V5\sdk/vexv5\libv5rt.a(v5_startup.c.obj)
                0x03802798                _fini
 .text.vexStdlibVersionLinked
                0x0380279c        0xc C:\Program Files (x86)\VEX Robotics\VEXcode Pro V5\sdk/vexv5\libv5rt.a(v5_util.c.obj)
                0x0380279c                vexStdlibVersionLinked
 .text.vexStdlibVersionVerify
                0x038027a8       0x30 C:\Program Files (x86)\VEX Robotics\VEXcode Pro V5\sdk/vexv5\libv5rt.a(v5_util.c.obj)
                0x038027a8                vexStdlibVersionVerify
 .text.vexPrivateApiEnable
                0x038027d8       0x10 C:\Program Files (x86)\VEX Robotics\VEXcode Pro V5\sdk/vexv5\libv5rt.a(v5_apijump.c.obj)
                0x038027d8                vexPrivateApiEnable
 .text.vexStdlibMismatchError
                0x038027e8       0x3c C:\Program Files (x86)\VEX Robotics\VEXcode Pro V5\sdk/vexv5\libv5rt.a(v5_apijump.c.obj)
                0x038027e8                vexStdlibMismatchError
 .text.vexTaskAdd
                0x03802824       0x10 C:\Program Files (x86)\VEX Robotics\VEXcode Pro V5\sdk/vexv5\libv5rt.a(v5_apijump.c.obj)
                0x03802824                vexTaskAdd
 .text.vexTasksRun
                0x03802834       0x10 C:\Program Files (x86)\VEX Robotics\VEXcode Pro V5\sdk/vexv5\libv5rt.a(v5_apijump.c.obj)
                0x03802834                vexTasksRun
 .text.vexTaskYield
                0x03802844       0x10 C:\Program Files (x86)\VEX Robotics\VEXcode Pro V5\sdk/vexv5\libv5rt.a(v5_apijump.c.obj)
                0x03802844                vexTaskYield
 .text.vexTaskCheckTimeslice
                0x03802854       0x10 C:\Program Files (x86)\VEX Robotics\VEXcode Pro V5\sdk/vexv5\libv5rt.a(v5_apijump.c.obj)
                0x03802854                vexTaskCheckTimeslice
 .text.vexTaskSleep
                0x03802864       0x10 C:\Program Files (x86)\VEX Robotics\VEXcode Pro V5\sdk/vexv5\libv5rt.a(v5_apijump.c.obj)
                0x03802864                vexTaskSleep
 .text.vexTasksDump
                0x03802874       0x1c C:\Program Files (x86)\VEX Robotics\VEXcode Pro V5\sdk/vexv5\libv5rt.a(v5_apijump.c.obj)
                0x03802874                vexTasksDump
 .text.vexTaskGetTaskIndex
                0x03802890       0x10 C:\Program Files (x86)\VEX Robotics\VEXcode Pro V5\sdk/vexv5\libv5rt.a(v5_apijump.c.obj)
                0x03802890                vexTaskGetTaskIndex
 .text.vexTaskStopAll
                0x038028a0       0x10 C:\Program Files (x86)\VEX Robotics\VEXcode Pro V5\sdk/vexv5\libv5rt.a(v5_apijump.c.obj)
                0x038028a0                vexTaskStopAll
 .text.vexTaskRemoveAllUser
                0x038028b0       0x34 C:\Program Files (x86)\VEX Robotics\VEXcode Pro V5\sdk/vexv5\libv5rt.a(v5_apijump.c.obj)
                0x038028b0                vexTaskRemoveAllUser
 .text.vexTaskCompletionIdSet
                0x038028e4       0x10 C:\Program Files (x86)\VEX Robotics\VEXcode Pro V5\sdk/vexv5\libv5rt.a(v5_apijump.c.obj)
                0x038028e4                vexTaskCompletionIdSet
 .text.vexTaskStopWithId
                0x038028f4       0x10 C:\Program Files (x86)\VEX Robotics\VEXcode Pro V5\sdk/vexv5\libv5rt.a(v5_apijump.c.obj)
                0x038028f4                vexTaskStopWithId
 .text.vexCriticalSection
                0x03802904       0x2c C:\Program Files (x86)\VEX Robotics\VEXcode Pro V5\sdk/vexv5\libv5rt.a(v5_apijump.c.obj)
                0x03802904                vexCriticalSection
 .text.vexEventBroadcast
                0x03802930       0x24 C:\Program Files (x86)\VEX Robotics\VEXcode Pro V5\sdk/vexv5\libv5rt.a(v5_apijump.c.obj)
                0x03802930                vexEventBroadcast
 .text.vexEventAdd
                0x03802954       0x34 C:\Program Files (x86)\VEX Robotics\VEXcode Pro V5\sdk/vexv5\libv5rt.a(v5_apijump.c.obj)
                0x03802954                vexEventAdd
 .text.vexEventUserIndexGet
                0x03802988       0x1c C:\Program Files (x86)\VEX Robotics\VEXcode Pro V5\sdk/vexv5\libv5rt.a(v5_apijump.c.obj)
                0x03802988                vexEventUserIndexGet
 .text.vexEventAddWithArg
                0x038029a4       0x3c C:\Program Files (x86)\VEX Robotics\VEXcode Pro V5\sdk/vexv5\libv5rt.a(v5_apijump.c.obj)
                0x038029a4                vexEventAddWithArg
 .text.vexEventsCleanup
                0x038029e0       0x2c C:\Program Files (x86)\VEX Robotics\VEXcode Pro V5\sdk/vexv5\libv5rt.a(v5_apijump.c.obj)
                0x038029e0                vexEventsCleanup
 .text.vexDebug
                0x03802a0c       0x38 C:\Program Files (x86)\VEX Robotics\VEXcode Pro V5\sdk/vexv5\libv5rt.a(v5_apijump.c.obj)
                0x03802a0c                vexDebug
 .text.vex_sprintf
                0x03802a44       0x40 C:\Program Files (x86)\VEX Robotics\VEXcode Pro V5\sdk/vexv5\libv5rt.a(v5_apijump.c.obj)
                0x03802a44                vex_sprintf
 .text.vex_vsnprintf
                0x03802a84       0x3c C:\Program Files (x86)\VEX Robotics\VEXcode Pro V5\sdk/vexv5\libv5rt.a(v5_apijump.c.obj)
                0x03802a84                vex_vsnprintf
 .text.vexSystemTimeGet
                0x03802ac0       0x1c C:\Program Files (x86)\VEX Robotics\VEXcode Pro V5\sdk/vexv5\libv5rt.a(v5_apijump.c.obj)
                0x03802ac0                vexSystemTimeGet
 .text.vexSystemExitRequest
                0x03802adc       0x1c C:\Program Files (x86)\VEX Robotics\VEXcode Pro V5\sdk/vexv5\libv5rt.a(v5_apijump.c.obj)
                0x03802adc                vexSystemExitRequest
 .text.vexDeviceGetByIndex
                0x03802af8       0x24 C:\Program Files (x86)\VEX Robotics\VEXcode Pro V5\sdk/vexv5\libv5rt.a(v5_apijump.c.obj)
                0x03802af8                vexDeviceGetByIndex
 .text.vexControllerGet
                0x03802b1c       0x2c C:\Program Files (x86)\VEX Robotics\VEXcode Pro V5\sdk/vexv5\libv5rt.a(v5_apijump.c.obj)
                0x03802b1c                vexControllerGet
 .text.vexDeviceAdiPortConfigSet
                0x03802b48       0x34 C:\Program Files (x86)\VEX Robotics\VEXcode Pro V5\sdk/vexv5\libv5rt.a(v5_apijump.c.obj)
                0x03802b48                vexDeviceAdiPortConfigSet
 .text.vexDeviceAdiPortConfigGet
                0x03802b7c       0x2c C:\Program Files (x86)\VEX Robotics\VEXcode Pro V5\sdk/vexv5\libv5rt.a(v5_apijump.c.obj)
                0x03802b7c                vexDeviceAdiPortConfigGet
 .text.vexDeviceAdiValueSet
                0x03802ba8       0x34 C:\Program Files (x86)\VEX Robotics\VEXcode Pro V5\sdk/vexv5\libv5rt.a(v5_apijump.c.obj)
                0x03802ba8                vexDeviceAdiValueSet
 .text.vexDeviceAdiValueGet
                0x03802bdc       0x2c C:\Program Files (x86)\VEX Robotics\VEXcode Pro V5\sdk/vexv5\libv5rt.a(v5_apijump.c.obj)
                0x03802bdc                vexDeviceAdiValueGet
 .text.vexDeviceMotorVelocitySet
                0x03802c08       0x2c C:\Program Files (x86)\VEX Robotics\VEXcode Pro V5\sdk/vexv5\libv5rt.a(v5_apijump.c.obj)
                0x03802c08                vexDeviceMotorVelocitySet
 .text.vexDeviceMotorVoltageSet
                0x03802c34       0x2c C:\Program Files (x86)\VEX Robotics\VEXcode Pro V5\sdk/vexv5\libv5rt.a(v5_apijump.c.obj)
                0x03802c34                vexDeviceMotorVoltageSet
 .text.vexDeviceMotorActualVelocityGet
                0x03802c60       0x24 C:\Program Files (x86)\VEX Robotics\VEXcode Pro V5\sdk/vexv5\libv5rt.a(v5_apijump.c.obj)
                0x03802c60                vexDeviceMotorActualVelocityGet
 .text.vexDeviceMotorTemperatureGet
                0x03802c84       0x24 C:\Program Files (x86)\VEX Robotics\VEXcode Pro V5\sdk/vexv5\libv5rt.a(v5_apijump.c.obj)
                0x03802c84                vexDeviceMotorTemperatureGet
 .text.vexDeviceMotorZeroPositionFlagGet
                0x03802ca8       0x24 C:\Program Files (x86)\VEX Robotics\VEXcode Pro V5\sdk/vexv5\libv5rt.a(v5_apijump.c.obj)
                0x03802ca8                vexDeviceMotorZeroPositionFlagGet
 .text.vexDeviceMotorReverseFlagSet
                0x03802ccc       0x2c C:\Program Files (x86)\VEX Robotics\VEXcode Pro V5\sdk/vexv5\libv5rt.a(v5_apijump.c.obj)
                0x03802ccc                vexDeviceMotorReverseFlagSet
 .text.vexDeviceMotorEncoderUnitsSet
                0x03802cf8       0x2c C:\Program Files (x86)\VEX Robotics\VEXcode Pro V5\sdk/vexv5\libv5rt.a(v5_apijump.c.obj)
                0x03802cf8                vexDeviceMotorEncoderUnitsSet
 .text.vexDeviceMotorBrakeModeSet
                0x03802d24       0x2c C:\Program Files (x86)\VEX Robotics\VEXcode Pro V5\sdk/vexv5\libv5rt.a(v5_apijump.c.obj)
                0x03802d24                vexDeviceMotorBrakeModeSet
 .text.vexDeviceMotorPositionSet
                0x03802d50       0x34 C:\Program Files (x86)\VEX Robotics\VEXcode Pro V5\sdk/vexv5\libv5rt.a(v5_apijump.c.obj)
                0x03802d50                vexDeviceMotorPositionSet
 .text.vexDeviceMotorRelativeTargetSet
                0x03802d84       0x3c C:\Program Files (x86)\VEX Robotics\VEXcode Pro V5\sdk/vexv5\libv5rt.a(v5_apijump.c.obj)
                0x03802d84                vexDeviceMotorRelativeTargetSet
 .text.vexDeviceMotorGearingGet
                0x03802dc0       0x24 C:\Program Files (x86)\VEX Robotics\VEXcode Pro V5\sdk/vexv5\libv5rt.a(v5_apijump.c.obj)
                0x03802dc0                vexDeviceMotorGearingGet
 .text.vexDeviceOpticalHueGet
                0x03802de4       0x24 C:\Program Files (x86)\VEX Robotics\VEXcode Pro V5\sdk/vexv5\libv5rt.a(v5_apijump.c.obj)
                0x03802de4                vexDeviceOpticalHueGet
 .text.vexDeviceOpticalProximityGet
                0x03802e08       0x24 C:\Program Files (x86)\VEX Robotics\VEXcode Pro V5\sdk/vexv5\libv5rt.a(v5_apijump.c.obj)
                0x03802e08                vexDeviceOpticalProximityGet
 .text.vexDeviceOpticalGestureEnable
                0x03802e2c       0x24 C:\Program Files (x86)\VEX Robotics\VEXcode Pro V5\sdk/vexv5\libv5rt.a(v5_apijump.c.obj)
                0x03802e2c                vexDeviceOpticalGestureEnable
 .text.vexDeviceOpticalGestureDisable
                0x03802e50       0x24 C:\Program Files (x86)\VEX Robotics\VEXcode Pro V5\sdk/vexv5\libv5rt.a(v5_apijump.c.obj)
                0x03802e50                vexDeviceOpticalGestureDisable
 .text.vexDeviceOpticalProximityThreshold
                0x03802e74       0x2c C:\Program Files (x86)\VEX Robotics\VEXcode Pro V5\sdk/vexv5\libv5rt.a(v5_apijump.c.obj)
                0x03802e74                vexDeviceOpticalProximityThreshold
 .text.vexDeviceDistanceDistanceGet
                0x03802ea0       0x24 C:\Program Files (x86)\VEX Robotics\VEXcode Pro V5\sdk/vexv5\libv5rt.a(v5_apijump.c.obj)
                0x03802ea0                vexDeviceDistanceDistanceGet
 .text.vexDisplayForegroundColor
                0x03802ec4       0x24 C:\Program Files (x86)\VEX Robotics\VEXcode Pro V5\sdk/vexv5\libv5rt.a(v5_apijump.c.obj)
                0x03802ec4                vexDisplayForegroundColor
 .text.vexDisplayBackgroundColor
                0x03802ee8       0x24 C:\Program Files (x86)\VEX Robotics\VEXcode Pro V5\sdk/vexv5\libv5rt.a(v5_apijump.c.obj)
                0x03802ee8                vexDisplayBackgroundColor
 .text.vexDisplayBackgroundColorGet
                0x03802f0c       0x1c C:\Program Files (x86)\VEX Robotics\VEXcode Pro V5\sdk/vexv5\libv5rt.a(v5_apijump.c.obj)
                0x03802f0c                vexDisplayBackgroundColorGet
 .text.vexDisplayRectClear
                0x03802f28       0x4c C:\Program Files (x86)\VEX Robotics\VEXcode Pro V5\sdk/vexv5\libv5rt.a(v5_apijump.c.obj)
                0x03802f28                vexDisplayRectClear
 .text.vexDisplayPrintf
                0x03802f74       0x68 C:\Program Files (x86)\VEX Robotics\VEXcode Pro V5\sdk/vexv5\libv5rt.a(v5_apijump.c.obj)
                0x03802f74                vexDisplayPrintf
 .text.vexDisplayTextReference
                0x03802fdc       0x24 C:\Program Files (x86)\VEX Robotics\VEXcode Pro V5\sdk/vexv5\libv5rt.a(v5_apijump.c.obj)
                0x03802fdc                vexDisplayTextReference
 .text.vexDisplayTextSize
                0x03803000       0x2c C:\Program Files (x86)\VEX Robotics\VEXcode Pro V5\sdk/vexv5\libv5rt.a(v5_apijump.c.obj)
                0x03803000                vexDisplayTextSize
 .text.vexDisplayFontNamedSet
                0x0380302c       0x24 C:\Program Files (x86)\VEX Robotics\VEXcode Pro V5\sdk/vexv5\libv5rt.a(v5_apijump.c.obj)
                0x0380302c                vexDisplayFontNamedSet
 .text.vexSystemStdlibImpureDataAddr
                0x03803050       0x28 C:\Program Files (x86)\VEX Robotics\VEXcode Pro V5\sdk/vexv5\libv5rt.a(v5_apijump.c.obj)
                0x03803050                vexSystemStdlibImpureDataAddr
 .text.vexSystemStdlibImpureDataSize
                0x03803078       0x28 C:\Program Files (x86)\VEX Robotics\VEXcode Pro V5\sdk/vexv5\libv5rt.a(v5_apijump.c.obj)
                0x03803078                vexSystemStdlibImpureDataSize
 .text.vexSystemSaveUserData
                0x038030a0       0x3c C:\Program Files (x86)\VEX Robotics\VEXcode Pro V5\sdk/vexv5\libv5rt.a(v5_apijump.c.obj)
                0x038030a0                vexSystemSaveUserData
 .text.vexDisplayThemeIdGet
                0x038030dc       0x38 C:\Program Files (x86)\VEX Robotics\VEXcode Pro V5\sdk/vexv5\libv5rt.a(v5_apijump.c.obj)
                0x038030dc                vexDisplayThemeIdGet
 .text.vexDeviceEventMaskSet
                0x03803114       0x48 C:\Program Files (x86)\VEX Robotics\VEXcode Pro V5\sdk/vexv5\libv5rt.a(v5_apijump.c.obj)
                0x03803114                vexDeviceEventMaskSet
 .text.vexDeviceEventMaskGet
                0x0380315c       0x3c C:\Program Files (x86)\VEX Robotics\VEXcode Pro V5\sdk/vexv5\libv5rt.a(v5_apijump.c.obj)
                0x0380315c                vexDeviceEventMaskGet
 .text.vexSystemVersion
                0x03803198       0x10 C:\Program Files (x86)\VEX Robotics\VEXcode Pro V5\sdk/vexv5\libv5rt.a(v5_apiversions.c.obj)
                0x03803198                vexSystemVersion
 .text.vexStdlibVersion
                0x038031a8       0x10 C:\Program Files (x86)\VEX Robotics\VEXcode Pro V5\sdk/vexv5\libv5rt.a(v5_apiversions.c.obj)
                0x038031a8                vexStdlibVersion
 .text._ZN3vex4waitEdNS_9timeUnitsE
                0x038031b8       0x30 C:\Program Files (x86)\VEX Robotics\VEXcode Pro V5\sdk/vexv5\libv5rt.a(vex_global.cpp.obj)
                0x038031b8                vex::wait(double, vex::timeUnits)
 .text._ZN3vex5motorD2Ev
                0x038031e8       0x20 C:\Program Files (x86)\VEX Robotics\VEXcode Pro V5\sdk/vexv5\libv5rt.a(vex_motor.cpp.obj)
                0x038031e8                vex::motor::~motor()
                0x038031e8                vex::motor::~motor()
 .text._ZN3vex5motorD0Ev
                0x03803208       0x1c C:\Program Files (x86)\VEX Robotics\VEXcode Pro V5\sdk/vexv5\libv5rt.a(vex_motor.cpp.obj)
                0x03803208                vex::motor::~motor()
 .text._ZN3vex5motor9installedEv
                0x03803224       0x18 C:\Program Files (x86)\VEX Robotics\VEXcode Pro V5\sdk/vexv5\libv5rt.a(vex_motor.cpp.obj)
                0x03803224                vex::motor::installed()
 .text._ZN3vex5motor15defaultStoppingENS_9brakeTypeE
                0x0380323c       0x30 C:\Program Files (x86)\VEX Robotics\VEXcode Pro V5\sdk/vexv5\libv5rt.a(vex_motor.cpp.obj)
                0x0380323c                vex::motor::defaultStopping(vex::brakeType)
 .text._ZN3vex5motor8setBrakeENS_9brakeTypeE
                0x0380326c        0x4 C:\Program Files (x86)\VEX Robotics\VEXcode Pro V5\sdk/vexv5\libv5rt.a(vex_motor.cpp.obj)
                0x0380326c                vex::motor::setBrake(vex::brakeType)
 .text._ZN3vex5motorC2El
                0x03803270       0x78 C:\Program Files (x86)\VEX Robotics\VEXcode Pro V5\sdk/vexv5\libv5rt.a(vex_motor.cpp.obj)
                0x03803270                vex::motor::motor(long)
                0x03803270                vex::motor::motor(long)
 .text._ZN3vex5motorC2Elb
                0x038032e8       0x24 C:\Program Files (x86)\VEX Robotics\VEXcode Pro V5\sdk/vexv5\libv5rt.a(vex_motor.cpp.obj)
                0x038032e8                vex::motor::motor(long, bool)
                0x038032e8                vex::motor::motor(long, bool)
 *fill*         0x0380330c        0x4 
 .text._ZN3vex5motor4spinENS_13directionTypeEdNS_12voltageUnitsE
                0x03803310       0x50 C:\Program Files (x86)\VEX Robotics\VEXcode Pro V5\sdk/vexv5\libv5rt.a(vex_motor.cpp.obj)
                0x03803310                vex::motor::spin(vex::directionType, double, vex::voltageUnits)
 .text._ZN3vex5motor4stopENS_9brakeTypeE
                0x03803360       0x30 C:\Program Files (x86)\VEX Robotics\VEXcode Pro V5\sdk/vexv5\libv5rt.a(vex_motor.cpp.obj)
                0x03803360                vex::motor::stop(vex::brakeType)
 .text._ZN3vex5motor4stopEv
                0x03803390        0x8 C:\Program Files (x86)\VEX Robotics\VEXcode Pro V5\sdk/vexv5\libv5rt.a(vex_motor.cpp.obj)
                0x03803390                vex::motor::stop()
 .text._ZN3vex5motor11temperatureENS_16temperatureUnitsE
                0x03803398       0x40 C:\Program Files (x86)\VEX Robotics\VEXcode Pro V5\sdk/vexv5\libv5rt.a(vex_motor.cpp.obj)
                0x03803398                vex::motor::temperature(vex::temperatureUnits)
 .text._ZN3vex5motor16velocityToScaledEdNS_13velocityUnitsE
                0x038033d8       0x5c C:\Program Files (x86)\VEX Robotics\VEXcode Pro V5\sdk/vexv5\libv5rt.a(vex_motor.cpp.obj)
                0x038033d8                vex::motor::velocityToScaled(double, vex::velocityUnits)
 .text._ZN3vex5motor8velocityENS_13velocityUnitsE
                0x03803434       0x30 C:\Program Files (x86)\VEX Robotics\VEXcode Pro V5\sdk/vexv5\libv5rt.a(vex_motor.cpp.obj)
                0x03803434                vex::motor::velocity(vex::velocityUnits)
 .text._ZN3vex5motor5valueEv
                0x03803464       0x1c C:\Program Files (x86)\VEX Robotics\VEXcode Pro V5\sdk/vexv5\libv5rt.a(vex_motor.cpp.obj)
                0x03803464                vex::motor::value()
 .text._ZN3vex5motor16scaledToVelocityEdNS_13velocityUnitsE
                0x03803480       0xa4 C:\Program Files (x86)\VEX Robotics\VEXcode Pro V5\sdk/vexv5\libv5rt.a(vex_motor.cpp.obj)
                0x03803480                vex::motor::scaledToVelocity(double, vex::velocityUnits)
 .text._ZN3vex5motor4spinENS_13directionTypeEdNS_13velocityUnitsE
                0x03803524       0x5c C:\Program Files (x86)\VEX Robotics\VEXcode Pro V5\sdk/vexv5\libv5rt.a(vex_motor.cpp.obj)
                0x03803524                vex::motor::spin(vex::directionType, double, vex::velocityUnits)
 .text._ZN3vex5motor9rotateForEdNS_9timeUnitsEdNS_13velocityUnitsE
                0x03803580       0x78 C:\Program Files (x86)\VEX Robotics\VEXcode Pro V5\sdk/vexv5\libv5rt.a(vex_motor.cpp.obj)
                0x03803580                vex::motor::rotateFor(double, vex::timeUnits, double, vex::velocityUnits)
 .text._ZN3vex5motor7spinForEdNS_9timeUnitsEdNS_13velocityUnitsE
                0x038035f8        0xc C:\Program Files (x86)\VEX Robotics\VEXcode Pro V5\sdk/vexv5\libv5rt.a(vex_motor.cpp.obj)
                0x038035f8                vex::motor::spinFor(double, vex::timeUnits, double, vex::velocityUnits)
 .text._ZN3vex5motor16setRotationUnitsENS_13rotationUnitsE
                0x03803604       0x1c C:\Program Files (x86)\VEX Robotics\VEXcode Pro V5\sdk/vexv5\libv5rt.a(vex_motor.cpp.obj)
                0x03803604                vex::motor::setRotationUnits(vex::rotationUnits)
 .text._ZN3vex5motor9rotateForEdNS_13rotationUnitsEdNS_13velocityUnitsEb
                0x03803620       0xe0 C:\Program Files (x86)\VEX Robotics\VEXcode Pro V5\sdk/vexv5\libv5rt.a(vex_motor.cpp.obj)
                0x03803620                vex::motor::rotateFor(double, vex::rotationUnits, double, vex::velocityUnits, bool)
 .text._ZN3vex5motor7spinForEdNS_13rotationUnitsEdNS_13velocityUnitsEb
                0x03803700       0x14 C:\Program Files (x86)\VEX Robotics\VEXcode Pro V5\sdk/vexv5\libv5rt.a(vex_motor.cpp.obj)
                0x03803700                vex::motor::spinFor(double, vex::rotationUnits, double, vex::velocityUnits, bool)
 .text._ZN3vex5motor7spinForEdNS_13rotationUnitsEb
                0x03803714       0x34 C:\Program Files (x86)\VEX Robotics\VEXcode Pro V5\sdk/vexv5\libv5rt.a(vex_motor.cpp.obj)
                0x03803714                vex::motor::spinFor(double, vex::rotationUnits, bool)
 .text._ZN3vex7opticalD2Ev
                0x03803748       0x20 C:\Program Files (x86)\VEX Robotics\VEXcode Pro V5\sdk/vexv5\libv5rt.a(vex_optical.cpp.obj)
                0x03803748                vex::optical::~optical()
                0x03803748                vex::optical::~optical()
 .text._ZN3vex7opticalD0Ev
                0x03803768       0x1c C:\Program Files (x86)\VEX Robotics\VEXcode Pro V5\sdk/vexv5\libv5rt.a(vex_optical.cpp.obj)
                0x03803768                vex::optical::~optical()
 .text._ZN3vex7optical9installedEv
                0x03803784       0x18 C:\Program Files (x86)\VEX Robotics\VEXcode Pro V5\sdk/vexv5\libv5rt.a(vex_optical.cpp.obj)
                0x03803784                vex::optical::installed()
 .text._ZN3vex7optical3hueEv
                0x0380379c        0x8 C:\Program Files (x86)\VEX Robotics\VEXcode Pro V5\sdk/vexv5\libv5rt.a(vex_optical.cpp.obj)
                0x0380379c                vex::optical::hue()
 .text._ZN3vex7optical5valueEv
                0x038037a4       0x18 C:\Program Files (x86)\VEX Robotics\VEXcode Pro V5\sdk/vexv5\libv5rt.a(vex_optical.cpp.obj)
                0x038037a4                vex::optical::value()
 .text._ZN3vex7optical12isNearObjectEv
                0x038037bc       0x24 C:\Program Files (x86)\VEX Robotics\VEXcode Pro V5\sdk/vexv5\libv5rt.a(vex_optical.cpp.obj)
                0x038037bc                vex::optical::isNearObject()
 .text._ZN3vex7optical13gestureEnableEv
                0x038037e0        0x8 C:\Program Files (x86)\VEX Robotics\VEXcode Pro V5\sdk/vexv5\libv5rt.a(vex_optical.cpp.obj)
                0x038037e0                vex::optical::gestureEnable()
 .text._ZN3vex7optical14gestureDisableEv
                0x038037e8        0x8 C:\Program Files (x86)\VEX Robotics\VEXcode Pro V5\sdk/vexv5\libv5rt.a(vex_optical.cpp.obj)
                0x038037e8                vex::optical::gestureDisable()
 .text._ZN3vex7opticalC2Elb
                0x038037f0       0x54 C:\Program Files (x86)\VEX Robotics\VEXcode Pro V5\sdk/vexv5\libv5rt.a(vex_optical.cpp.obj)
                0x038037f0                vex::optical::optical(long, bool)
                0x038037f0                vex::optical::optical(long, bool)
 .text._ZN3vex8distanceD2Ev
                0x03803844       0x20 C:\Program Files (x86)\VEX Robotics\VEXcode Pro V5\sdk/vexv5\libv5rt.a(vex_distance.cpp.obj)
                0x03803844                vex::distance::~distance()
                0x03803844                vex::distance::~distance()
 .text._ZN3vex8distanceD0Ev
                0x03803864       0x1c C:\Program Files (x86)\VEX Robotics\VEXcode Pro V5\sdk/vexv5\libv5rt.a(vex_distance.cpp.obj)
                0x03803864                vex::distance::~distance()
 .text._ZN3vex8distance9installedEv
                0x03803880       0x18 C:\Program Files (x86)\VEX Robotics\VEXcode Pro V5\sdk/vexv5\libv5rt.a(vex_distance.cpp.obj)
                0x03803880                vex::distance::installed()
 .text._ZN3vex8distance5valueEv
                0x03803898        0x8 C:\Program Files (x86)\VEX Robotics\VEXcode Pro V5\sdk/vexv5\libv5rt.a(vex_distance.cpp.obj)
                0x03803898                vex::distance::value()
 .text._ZN3vex8distanceC2El
                0x038038a0       0x20 C:\Program Files (x86)\VEX Robotics\VEXcode Pro V5\sdk/vexv5\libv5rt.a(vex_distance.cpp.obj)
                0x038038a0                vex::distance::distance(long)
                0x038038a0                vex::distance::distance(long)
 .text._ZN3vex8distance14objectDistanceENS_13distanceUnitsE
                0x038038c0       0x48 C:\Program Files (x86)\VEX Robotics\VEXcode Pro V5\sdk/vexv5\libv5rt.a(vex_distance.cpp.obj)
                0x038038c0                vex::distance::objectDistance(vex::distanceUnits)
 .text._ZN3vex10controllerD2Ev
                0x03803908        0x4 C:\Program Files (x86)\VEX Robotics\VEXcode Pro V5\sdk/vexv5\libv5rt.a(vex_controller.cpp.obj)
                0x03803908                vex::controller::~controller()
                0x03803908                vex::controller::~controller()
 .text._ZN3vex10controller5valueE19_V5_ControllerIndex
                0x0380390c        0x8 C:\Program Files (x86)\VEX Robotics\VEXcode Pro V5\sdk/vexv5\libv5rt.a(vex_controller.cpp.obj)
                0x0380390c                vex::controller::value(_V5_ControllerIndex)
 .text._ZN3vex10controller6button8pressingEv
                0x03803914       0xc8 C:\Program Files (x86)\VEX Robotics\VEXcode Pro V5\sdk/vexv5\libv5rt.a(vex_controller.cpp.obj)
                0x03803914                vex::controller::button::pressing()
 .text._ZN3vex10controller6button21_buttonToPressedEventEv
                0x038039dc       0x20 C:\Program Files (x86)\VEX Robotics\VEXcode Pro V5\sdk/vexv5\libv5rt.a(vex_controller.cpp.obj)
                0x038039dc                vex::controller::button::_buttonToPressedEvent()
 .text._ZN3vex10controller6button22_buttonToReleasedEventEv
                0x038039fc       0x20 C:\Program Files (x86)\VEX Robotics\VEXcode Pro V5\sdk/vexv5\libv5rt.a(vex_controller.cpp.obj)
                0x038039fc                vex::controller::button::_buttonToReleasedEvent()
 .text._ZN3vex10controller6buttonC2ENS0_11tButtonTypeEPS0_
                0x03803a1c       0x48 C:\Program Files (x86)\VEX Robotics\VEXcode Pro V5\sdk/vexv5\libv5rt.a(vex_controller.cpp.obj)
                0x03803a1c                vex::controller::button::button(vex::controller::tButtonType, vex::controller*)
                0x03803a1c                vex::controller::button::button(vex::controller::tButtonType, vex::controller*)
 .text._ZN3vex10controller4axis5valueEv
                0x03803a64       0x58 C:\Program Files (x86)\VEX Robotics\VEXcode Pro V5\sdk/vexv5\libv5rt.a(vex_controller.cpp.obj)
                0x03803a64                vex::controller::axis::value()
 .text._ZN3vex10controller4axis8positionENS_12percentUnitsE
                0x03803abc       0x1c C:\Program Files (x86)\VEX Robotics\VEXcode Pro V5\sdk/vexv5\libv5rt.a(vex_controller.cpp.obj)
                0x03803abc                vex::controller::axis::position(vex::percentUnits)
 .text._ZN3vex10controller4axis23_joystickToChangedEventEv
                0x03803ad8       0x20 C:\Program Files (x86)\VEX Robotics\VEXcode Pro V5\sdk/vexv5\libv5rt.a(vex_controller.cpp.obj)
                0x03803ad8                vex::controller::axis::_joystickToChangedEvent()
 .text._ZN3vex10controller4axisC2ENS0_9tAxisTypeEPS0_
                0x03803af8       0x2c C:\Program Files (x86)\VEX Robotics\VEXcode Pro V5\sdk/vexv5\libv5rt.a(vex_controller.cpp.obj)
                0x03803af8                vex::controller::axis::axis(vex::controller::tAxisType, vex::controller*)
                0x03803af8                vex::controller::axis::axis(vex::controller::tAxisType, vex::controller*)
 .text._ZN3vex10controllerC2Ev
                0x03803b24      0x204 C:\Program Files (x86)\VEX Robotics\VEXcode Pro V5\sdk/vexv5\libv5rt.a(vex_controller.cpp.obj)
                0x03803b24                vex::controller::controller()
                0x03803b24                vex::controller::controller()
 .text._ZN3vex11this_thread9sleep_forEm
                0x03803d28        0x4 C:\Program Files (x86)\VEX Robotics\VEXcode Pro V5\sdk/vexv5\libv5rt.a(vex_thread.cpp.obj)
                0x03803d28                vex::this_thread::sleep_for(unsigned long)
 .text._ZN3vex5eventC2EPFvvE
                0x03803d2c       0x3c C:\Program Files (x86)\VEX Robotics\VEXcode Pro V5\sdk/vexv5\libv5rt.a(vex_event.cpp.obj)
                0x03803d2c                vex::event::event(void (*)())
                0x03803d2c                vex::event::event(void (*)())
 .text._ZN3vex5eventD2Ev
                0x03803d68        0x4 C:\Program Files (x86)\VEX Robotics\VEXcode Pro V5\sdk/vexv5\libv5rt.a(vex_event.cpp.obj)
                0x03803d68                vex::event::~event()
                0x03803d68                vex::event::~event()
 .text._ZN3vex5event4initEmmPFvvE
                0x03803d6c        0x4 C:\Program Files (x86)\VEX Robotics\VEXcode Pro V5\sdk/vexv5\libv5rt.a(vex_event.cpp.obj)
                0x03803d6c                vex::event::init(unsigned long, unsigned long, void (*)())
 .text._ZN3vex5event4initEmmPFvPvES1_
                0x03803d70        0x4 C:\Program Files (x86)\VEX Robotics\VEXcode Pro V5\sdk/vexv5\libv5rt.a(vex_event.cpp.obj)
                0x03803d70                vex::event::init(unsigned long, unsigned long, void (*)(void*), void*)
 .text._ZN3vex5event9userindexEv
                0x03803d74        0x4 C:\Program Files (x86)\VEX Robotics\VEXcode Pro V5\sdk/vexv5\libv5rt.a(vex_event.cpp.obj)
                0x03803d74                vex::event::userindex()
 .text._ZN3vex5event9broadcastEv
                0x03803d78       0x10 C:\Program Files (x86)\VEX Robotics\VEXcode Pro V5\sdk/vexv5\libv5rt.a(vex_event.cpp.obj)
                0x03803d78                vex::event::broadcast()
 .text._ZZN3vex6meventC4EmmENUlvE_4_FUNEv
                0x03803d88        0x4 C:\Program Files (x86)\VEX Robotics\VEXcode Pro V5\sdk/vexv5\libv5rt.a(vex_mevent.cpp.obj)
 .text._ZN3vex6meventC2Emm
                0x03803d8c       0x70 C:\Program Files (x86)\VEX Robotics\VEXcode Pro V5\sdk/vexv5\libv5rt.a(vex_mevent.cpp.obj)
                0x03803d8c                vex::mevent::mevent(unsigned long, unsigned long)
                0x03803d8c                vex::mevent::mevent(unsigned long, unsigned long)
 .text._ZN3vex5brain9_getIndexEv
                0x03803dfc       0x10 C:\Program Files (x86)\VEX Robotics\VEXcode Pro V5\sdk/vexv5\libv5rt.a(vex_brain.cpp.obj)
                0x03803dfc                vex::brain::_getIndex()
 .text._ZN3vex5brain3lcd9setCursorEll
                0x03803e0c       0x44 C:\Program Files (x86)\VEX Robotics\VEXcode Pro V5\sdk/vexv5\libv5rt.a(vex_brain.cpp.obj)
                0x03803e0c                vex::brain::lcd::setCursor(long, long)
 .text._ZN3vex5brain3lcd7setFontENS_8fontTypeE
                0x03803e50      0x23c C:\Program Files (x86)\VEX Robotics\VEXcode Pro V5\sdk/vexv5\libv5rt.a(vex_brain.cpp.obj)
                0x03803e50                vex::brain::lcd::setFont(vex::fontType)
 .text._ZN3vex5brain3lcdC2Ev
                0x0380408c       0x94 C:\Program Files (x86)\VEX Robotics\VEXcode Pro V5\sdk/vexv5\libv5rt.a(vex_brain.cpp.obj)
                0x0380408c                vex::brain::lcd::lcd()
                0x0380408c                vex::brain::lcd::lcd()
 .text._ZN3vex5brainC2Ev
                0x03804120       0x38 C:\Program Files (x86)\VEX Robotics\VEXcode Pro V5\sdk/vexv5\libv5rt.a(vex_brain.cpp.obj)
                0x03804120                vex::brain::brain()
                0x03804120                vex::brain::brain()
 .text._ZN3vex5brain3lcd7printAtEllPKcz
                0x03804158       0x6c C:\Program Files (x86)\VEX Robotics\VEXcode Pro V5\sdk/vexv5\libv5rt.a(vex_brain.cpp.obj)
                0x03804158                vex::brain::lcd::printAt(long, long, char const*, ...)
 .text._ZN3vex5brain3lcd12_clearScreenEm
                0x038041c4       0x38 C:\Program Files (x86)\VEX Robotics\VEXcode Pro V5\sdk/vexv5\libv5rt.a(vex_brain.cpp.obj)
                0x038041c4                vex::brain::lcd::_clearScreen(unsigned long)
 .text._ZN3vex5brain3lcd11clearScreenERKNS_5colorE
                0x038041fc       0x20 C:\Program Files (x86)\VEX Robotics\VEXcode Pro V5\sdk/vexv5\libv5rt.a(vex_brain.cpp.obj)
                0x038041fc                vex::brain::lcd::clearScreen(vex::color const&)
 .text._ZN3vex5brain3lcd11clearScreenEv
                0x0380421c       0x2c C:\Program Files (x86)\VEX Robotics\VEXcode Pro V5\sdk/vexv5\libv5rt.a(vex_brain.cpp.obj)
                0x0380421c                vex::brain::lcd::clearScreen()
 .text._ZN3vex5brainD2Ev
                0x03804248       0x20 C:\Program Files (x86)\VEX Robotics\VEXcode Pro V5\sdk/vexv5\libv5rt.a(vex_brain.cpp.obj)
                0x03804248                vex::brain::~brain()
                0x03804248                vex::brain::~brain()
 .text._ZN3vex11competition11_autonomousEv
                0x03804268       0x90 C:\Program Files (x86)\VEX Robotics\VEXcode Pro V5\sdk/vexv5\libv5rt.a(vex_competition.cpp.obj)
                0x03804268                vex::competition::_autonomous()
 .text._ZN3vex11competition14_drivercontrolEv
                0x038042f8       0x90 C:\Program Files (x86)\VEX Robotics\VEXcode Pro V5\sdk/vexv5\libv5rt.a(vex_competition.cpp.obj)
                0x038042f8                vex::competition::_drivercontrol()
 .text._ZN3vex11competition8_disableEPv
                0x03804388       0xc8 C:\Program Files (x86)\VEX Robotics\VEXcode Pro V5\sdk/vexv5\libv5rt.a(vex_competition.cpp.obj)
                0x03804388                vex::competition::_disable(void*)
 .text._ZN3vex11competitionC2Ev
                0x03804450      0x13c C:\Program Files (x86)\VEX Robotics\VEXcode Pro V5\sdk/vexv5\libv5rt.a(vex_competition.cpp.obj)
                0x03804450                vex::competition::competition()
                0x03804450                vex::competition::competition()
 .text._ZN3vex11competitionD2Ev
                0x0380458c        0x4 C:\Program Files (x86)\VEX Robotics\VEXcode Pro V5\sdk/vexv5\libv5rt.a(vex_competition.cpp.obj)
                0x0380458c                vex::competition::~competition()
                0x0380458c                vex::competition::~competition()
 .text._ZN3vex11competition10autonomousEPFvvE
                0x03804590       0x44 C:\Program Files (x86)\VEX Robotics\VEXcode Pro V5\sdk/vexv5\libv5rt.a(vex_competition.cpp.obj)
                0x03804590                vex::competition::autonomous(void (*)())
 .text._ZN3vex11competition13drivercontrolEPFvvE
                0x038045d4       0x44 C:\Program Files (x86)\VEX Robotics\VEXcode Pro V5\sdk/vexv5\libv5rt.a(vex_competition.cpp.obj)
                0x038045d4                vex::competition::drivercontrol(void (*)())
 .text._ZN3vex7triportD2Ev
                0x03804618       0x38 C:\Program Files (x86)\VEX Robotics\VEXcode Pro V5\sdk/vexv5\libv5rt.a(vex_triport.cpp.obj)
                0x03804618                vex::triport::~triport()
                0x03804618                vex::triport::~triport()
 .text._ZN3vex7triportD0Ev
                0x03804650       0x1c C:\Program Files (x86)\VEX Robotics\VEXcode Pro V5\sdk/vexv5\libv5rt.a(vex_triport.cpp.obj)
                0x03804650                vex::triport::~triport()
 .text._ZN3vex7triport9installedEv
                0x0380466c       0x18 C:\Program Files (x86)\VEX Robotics\VEXcode Pro V5\sdk/vexv5\libv5rt.a(vex_triport.cpp.obj)
                0x0380466c                vex::triport::installed()
 .text._ZN3vex7triport4portC2ElPS0_
                0x03804684       0x74 C:\Program Files (x86)\VEX Robotics\VEXcode Pro V5\sdk/vexv5\libv5rt.a(vex_triport.cpp.obj)
                0x03804684                vex::triport::port::port(long, vex::triport*)
                0x03804684                vex::triport::port::port(long, vex::triport*)
 .text._ZN3vex7triportC2El
                0x038046f8       0xf0 C:\Program Files (x86)\VEX Robotics\VEXcode Pro V5\sdk/vexv5\libv5rt.a(vex_triport.cpp.obj)
                0x038046f8                vex::triport::triport(long)
                0x038046f8                vex::triport::triport(long)
 .text._ZN3vex7triport4port4typeENS_11triportTypeE
                0x038047e8       0x30 C:\Program Files (x86)\VEX Robotics\VEXcode Pro V5\sdk/vexv5\libv5rt.a(vex_triport.cpp.obj)
                0x038047e8                vex::triport::port::type(vex::triportType)
 .text._ZN3vex7triport4port4typeEv
                0x03804818       0x38 C:\Program Files (x86)\VEX Robotics\VEXcode Pro V5\sdk/vexv5\libv5rt.a(vex_triport.cpp.obj)
                0x03804818                vex::triport::port::type()
 .text._ZN3vex7triport4port5valueEv
                0x03804850       0x14 C:\Program Files (x86)\VEX Robotics\VEXcode Pro V5\sdk/vexv5\libv5rt.a(vex_triport.cpp.obj)
                0x03804850                vex::triport::port::value()
 .text._ZN3vex7triport4port5valueEl
                0x03804864       0x18 C:\Program Files (x86)\VEX Robotics\VEXcode Pro V5\sdk/vexv5\libv5rt.a(vex_triport.cpp.obj)
                0x03804864                vex::triport::port::value(long)
 *fill*         0x0380487c        0x4 
 .text._ZN3vex7triport4port11setRotationEdNS_13rotationUnitsE
                0x03804880       0x50 C:\Program Files (x86)\VEX Robotics\VEXcode Pro V5\sdk/vexv5\libv5rt.a(vex_triport.cpp.obj)
                0x03804880                vex::triport::port::setRotation(double, vex::rotationUnits)
 .text._ZN3vex7triport4port13resetRotationEv
                0x038048d0       0x20 C:\Program Files (x86)\VEX Robotics\VEXcode Pro V5\sdk/vexv5\libv5rt.a(vex_triport.cpp.obj)
                0x038048d0                vex::triport::port::resetRotation()
 .text._ZN3vex7triport4port8rotationENS_13rotationUnitsE
                0x038048f0       0x40 C:\Program Files (x86)\VEX Robotics\VEXcode Pro V5\sdk/vexv5\libv5rt.a(vex_triport.cpp.obj)
                0x038048f0                vex::triport::port::rotation(vex::rotationUnits)
 .text._ZN3vex7triport4port14_convertAnalogENS_11analogUnitsE
                0x03804930       0x58 C:\Program Files (x86)\VEX Robotics\VEXcode Pro V5\sdk/vexv5\libv5rt.a(vex_triport.cpp.obj)
                0x03804930                vex::triport::port::_convertAnalog(vex::analogUnits)
 .text._ZN3vex11__trideviceC2ERNS_7triport4portENS_11triportTypeE
                0x03804988       0x5c C:\Program Files (x86)\VEX Robotics\VEXcode Pro V5\sdk/vexv5\libv5rt.a(vex_triport.cpp.obj)
                0x03804988                vex::__tridevice::__tridevice(vex::triport::port&, vex::triportType)
                0x03804988                vex::__tridevice::__tridevice(vex::triport::port&, vex::triportType)
 .text._ZN3vex11__tridevice14_convertAnalogENS_11analogUnitsE
                0x038049e4        0x8 C:\Program Files (x86)\VEX Robotics\VEXcode Pro V5\sdk/vexv5\libv5rt.a(vex_triport.cpp.obj)
                0x038049e4                vex::__tridevice::_convertAnalog(vex::analogUnits)
 .text._ZN3vex5limitC2ERNS_7triport4portE
                0x038049ec       0x28 C:\Program Files (x86)\VEX Robotics\VEXcode Pro V5\sdk/vexv5\libv5rt.a(vex_triport.cpp.obj)
                0x038049ec                vex::limit::limit(vex::triport::port&)
                0x038049ec                vex::limit::limit(vex::triport::port&)
 .text._ZN3vex5limitD2Ev
                0x03804a14        0x4 C:\Program Files (x86)\VEX Robotics\VEXcode Pro V5\sdk/vexv5\libv5rt.a(vex_triport.cpp.obj)
                0x03804a14                vex::limit::~limit()
                0x03804a14                vex::limit::~limit()
 .text._ZN3vex4lineC2ERNS_7triport4portE
                0x03804a18       0x20 C:\Program Files (x86)\VEX Robotics\VEXcode Pro V5\sdk/vexv5\libv5rt.a(vex_triport.cpp.obj)
                0x03804a18                vex::line::line(vex::triport::port&)
                0x03804a18                vex::line::line(vex::triport::port&)
 .text._ZN3vex4lineD2Ev
                0x03804a38        0x4 C:\Program Files (x86)\VEX Robotics\VEXcode Pro V5\sdk/vexv5\libv5rt.a(vex_triport.cpp.obj)
                0x03804a38                vex::line::~line()
                0x03804a38                vex::line::~line()
 .text._ZN3vex4line5valueENS_11analogUnitsE
                0x03804a3c        0x4 C:\Program Files (x86)\VEX Robotics\VEXcode Pro V5\sdk/vexv5\libv5rt.a(vex_triport.cpp.obj)
                0x03804a3c                vex::line::value(vex::analogUnits)
 .text._ZN3vex7encoderC2ERNS_7triport4portE
                0x03804a40       0x20 C:\Program Files (x86)\VEX Robotics\VEXcode Pro V5\sdk/vexv5\libv5rt.a(vex_triport.cpp.obj)
                0x03804a40                vex::encoder::encoder(vex::triport::port&)
                0x03804a40                vex::encoder::encoder(vex::triport::port&)
 .text._ZN3vex7encoderD2Ev
                0x03804a60        0x4 C:\Program Files (x86)\VEX Robotics\VEXcode Pro V5\sdk/vexv5\libv5rt.a(vex_triport.cpp.obj)
                0x03804a60                vex::encoder::~encoder()
                0x03804a60                vex::encoder::~encoder()
 .text._ZN3vex7encoder13resetRotationEv
                0x03804a64        0x8 C:\Program Files (x86)\VEX Robotics\VEXcode Pro V5\sdk/vexv5\libv5rt.a(vex_triport.cpp.obj)
                0x03804a64                vex::encoder::resetRotation()
 .text._ZN3vex7encoder8positionENS_13rotationUnitsE
                0x03804a6c        0x8 C:\Program Files (x86)\VEX Robotics\VEXcode Pro V5\sdk/vexv5\libv5rt.a(vex_triport.cpp.obj)
                0x03804a6c                vex::encoder::position(vex::rotationUnits)
 .text.startup._GLOBAL__sub_I__ZN3vex7triportC2El
                0x03804a74       0x30 C:\Program Files (x86)\VEX Robotics\VEXcode Pro V5\sdk/vexv5\libv5rt.a(vex_triport.cpp.obj)
 .text._ZN3vex5colorD2Ev
                0x03804aa4        0x4 C:\Program Files (x86)\VEX Robotics\VEXcode Pro V5\sdk/vexv5\libv5rt.a(vex_color.cpp.obj)
                0x03804aa4                vex::color::~color()
                0x03804aa4                vex::color::~color()
 .text._ZNK3vex5colorcvmEv
                0x03804aa8        0x8 C:\Program Files (x86)\VEX Robotics\VEXcode Pro V5\sdk/vexv5\libv5rt.a(vex_color.cpp.obj)
                0x03804aa8                vex::color::operator unsigned long() const
 .text.startup._GLOBAL__sub_I__ZN3vex5color5blackE
                0x03804ab0      0x164 C:\Program Files (x86)\VEX Robotics\VEXcode Pro V5\sdk/vexv5\libv5rt.a(vex_color.cpp.obj)
 .text._ZN3vex5timerD2Ev
                0x03804c14        0x4 C:\Program Files (x86)\VEX Robotics\VEXcode Pro V5\sdk/vexv5\libv5rt.a(vex_timer.cpp.obj)
                0x03804c14                vex::timer::~timer()
                0x03804c14                vex::timer::~timer()
 .text._ZN3vex5timer5clearEv
                0x03804c18       0x1c C:\Program Files (x86)\VEX Robotics\VEXcode Pro V5\sdk/vexv5\libv5rt.a(vex_timer.cpp.obj)
                0x03804c18                vex::timer::clear()
 .text._ZN3vex5timerC2Ev
                0x03804c34       0x14 C:\Program Files (x86)\VEX Robotics\VEXcode Pro V5\sdk/vexv5\libv5rt.a(vex_timer.cpp.obj)
                0x03804c34                vex::timer::timer()
                0x03804c34                vex::timer::timer()
 .text.vexAdiPortConfigSet
                0x03804c48       0x28 C:\Program Files (x86)\VEX Robotics\VEXcode Pro V5\sdk/vexv5\libv5rt.a(v5_apiuser.c.obj)
                0x03804c48                vexAdiPortConfigSet
 .text.vexAdiPortConfigGet
                0x03804c70       0x28 C:\Program Files (x86)\VEX Robotics\VEXcode Pro V5\sdk/vexv5\libv5rt.a(v5_apiuser.c.obj)
                0x03804c70                vexAdiPortConfigGet
 .text.vexAdiValueSet
                0x03804c98       0x28 C:\Program Files (x86)\VEX Robotics\VEXcode Pro V5\sdk/vexv5\libv5rt.a(v5_apiuser.c.obj)
                0x03804c98                vexAdiValueSet
 .text.vexAdiValueGet
                0x03804cc0       0x20 C:\Program Files (x86)\VEX Robotics\VEXcode Pro V5\sdk/vexv5\libv5rt.a(v5_apiuser.c.obj)
                0x03804cc0                vexAdiValueGet
 .text.vexMotorVelocitySet
                0x03804ce0       0x20 C:\Program Files (x86)\VEX Robotics\VEXcode Pro V5\sdk/vexv5\libv5rt.a(v5_apiuser.c.obj)
                0x03804ce0                vexMotorVelocitySet
 .text.vexMotorVoltageSet
                0x03804d00       0x20 C:\Program Files (x86)\VEX Robotics\VEXcode Pro V5\sdk/vexv5\libv5rt.a(v5_apiuser.c.obj)
                0x03804d00                vexMotorVoltageSet
 .text.vexMotorActualVelocityGet
                0x03804d20       0x24 C:\Program Files (x86)\VEX Robotics\VEXcode Pro V5\sdk/vexv5\libv5rt.a(v5_apiuser.c.obj)
                0x03804d20                vexMotorActualVelocityGet
 .text.vexMotorTemperatureGet
                0x03804d44       0x24 C:\Program Files (x86)\VEX Robotics\VEXcode Pro V5\sdk/vexv5\libv5rt.a(v5_apiuser.c.obj)
                0x03804d44                vexMotorTemperatureGet
 .text.vexMotorZeroPositionFlagGet
                0x03804d68       0x18 C:\Program Files (x86)\VEX Robotics\VEXcode Pro V5\sdk/vexv5\libv5rt.a(v5_apiuser.c.obj)
                0x03804d68                vexMotorZeroPositionFlagGet
 .text.vexMotorReverseFlagSet
                0x03804d80       0x20 C:\Program Files (x86)\VEX Robotics\VEXcode Pro V5\sdk/vexv5\libv5rt.a(v5_apiuser.c.obj)
                0x03804d80                vexMotorReverseFlagSet
 .text.vexMotorEncoderUnitsSet
                0x03804da0       0x20 C:\Program Files (x86)\VEX Robotics\VEXcode Pro V5\sdk/vexv5\libv5rt.a(v5_apiuser.c.obj)
                0x03804da0                vexMotorEncoderUnitsSet
 .text.vexMotorBrakeModeSet
                0x03804dc0       0x20 C:\Program Files (x86)\VEX Robotics\VEXcode Pro V5\sdk/vexv5\libv5rt.a(v5_apiuser.c.obj)
                0x03804dc0                vexMotorBrakeModeSet
 .text.vexMotorPositionSet
                0x03804de0       0x28 C:\Program Files (x86)\VEX Robotics\VEXcode Pro V5\sdk/vexv5\libv5rt.a(v5_apiuser.c.obj)
                0x03804de0                vexMotorPositionSet
 .text.vexMotorRelativeTargetSet
                0x03804e08       0x30 C:\Program Files (x86)\VEX Robotics\VEXcode Pro V5\sdk/vexv5\libv5rt.a(v5_apiuser.c.obj)
                0x03804e08                vexMotorRelativeTargetSet
 .text.vexMotorGearingGet
                0x03804e38       0x18 C:\Program Files (x86)\VEX Robotics\VEXcode Pro V5\sdk/vexv5\libv5rt.a(v5_apiuser.c.obj)
                0x03804e38                vexMotorGearingGet
 .text.vexOpticalHueGet
                0x03804e50       0x10 C:\Program Files (x86)\VEX Robotics\VEXcode Pro V5\sdk/vexv5\libv5rt.a(v5_apiuser.c.obj)
                0x03804e50                vexOpticalHueGet
 .text.vexOpticalProximityGet
                0x03804e60       0x10 C:\Program Files (x86)\VEX Robotics\VEXcode Pro V5\sdk/vexv5\libv5rt.a(v5_apiuser.c.obj)
                0x03804e60                vexOpticalProximityGet
 .text.vexOpticalGestureEnable
                0x03804e70       0x10 C:\Program Files (x86)\VEX Robotics\VEXcode Pro V5\sdk/vexv5\libv5rt.a(v5_apiuser.c.obj)
                0x03804e70                vexOpticalGestureEnable
 .text.vexOpticalGestureDisable
                0x03804e80       0x10 C:\Program Files (x86)\VEX Robotics\VEXcode Pro V5\sdk/vexv5\libv5rt.a(v5_apiuser.c.obj)
                0x03804e80                vexOpticalGestureDisable
 .text.vexOpticalProximityThreshold
                0x03804e90       0x18 C:\Program Files (x86)\VEX Robotics\VEXcode Pro V5\sdk/vexv5\libv5rt.a(v5_apiuser.c.obj)
                0x03804e90                vexOpticalProximityThreshold
 .text.vexDistanceDistanceGet
                0x03804ea8       0x10 C:\Program Files (x86)\VEX Robotics\VEXcode Pro V5\sdk/vexv5\libv5rt.a(v5_apiuser.c.obj)
                0x03804ea8                vexDistanceDistanceGet
 .text.vexEventMaskSet
                0x03804eb8       0x28 C:\Program Files (x86)\VEX Robotics\VEXcode Pro V5\sdk/vexv5\libv5rt.a(v5_apiuser.c.obj)
                0x03804eb8                vexEventMaskSet
 .text.vexEventMaskGet
                0x03804ee0       0x18 C:\Program Files (x86)\VEX Robotics\VEXcode Pro V5\sdk/vexv5\libv5rt.a(v5_apiuser.c.obj)
                0x03804ee0                vexEventMaskGet
 .text._ZN3vex6deviceD2Ev
                0x03804ef8        0x4 C:\Program Files (x86)\VEX Robotics\VEXcode Pro V5\sdk/vexv5\libv5rt.a(vex_device.cpp.obj)
                0x03804ef8                vex::device::~device()
                0x03804ef8                vex::device::~device()
 .text._ZN3vex6device5valueEv
                0x03804efc        0x8 C:\Program Files (x86)\VEX Robotics\VEXcode Pro V5\sdk/vexv5\libv5rt.a(vex_device.cpp.obj)
                0x03804efc                vex::device::value()
 .text._ZN3vex6deviceD0Ev
                0x03804f04       0x14 C:\Program Files (x86)\VEX Robotics\VEXcode Pro V5\sdk/vexv5\libv5rt.a(vex_device.cpp.obj)
                0x03804f04                vex::device::~device()
 .text._ZN3vex6device4initEl
                0x03804f18       0x30 C:\Program Files (x86)\VEX Robotics\VEXcode Pro V5\sdk/vexv5\libv5rt.a(vex_device.cpp.obj)
                0x03804f18                vex::device::init(long)
 .text._ZN3vex6deviceC2El
                0x03804f48       0x20 C:\Program Files (x86)\VEX Robotics\VEXcode Pro V5\sdk/vexv5\libv5rt.a(vex_device.cpp.obj)
                0x03804f48                vex::device::device(long)
                0x03804f48                vex::device::device(long)
 .text._ZN3vex6device4typeEv
                0x03804f68       0x10 C:\Program Files (x86)\VEX Robotics\VEXcode Pro V5\sdk/vexv5\libv5rt.a(vex_device.cpp.obj)
                0x03804f68                vex::device::type()
 .text._ZN3vex6device9installedEv
                0x03804f78       0x14 C:\Program Files (x86)\VEX Robotics\VEXcode Pro V5\sdk/vexv5\libv5rt.a(vex_device.cpp.obj)
                0x03804f78                vex::device::installed()
 .text._ZN3vex4taskC2EPFivE
                0x03804f8c       0x5c C:\Program Files (x86)\VEX Robotics\VEXcode Pro V5\sdk/vexv5\libv5rt.a(vex_task.cpp.obj)
                0x03804f8c                vex::task::task(int (*)())
                0x03804f8c                vex::task::task(int (*)())
 .text._ZN3vex4taskD2Ev
                0x03804fe8        0x4 C:\Program Files (x86)\VEX Robotics\VEXcode Pro V5\sdk/vexv5\libv5rt.a(vex_task.cpp.obj)
                0x03804fe8                vex::task::~task()
                0x03804fe8                vex::task::~task()
 .text._ZN3vex4task4stopERKS0_
                0x03804fec       0x18 C:\Program Files (x86)\VEX Robotics\VEXcode Pro V5\sdk/vexv5\libv5rt.a(vex_task.cpp.obj)
                0x03804fec                vex::task::stop(vex::task const&)
 .text._ZN3vex4task6_indexEPFivE
                0x03805004       0x14 C:\Program Files (x86)\VEX Robotics\VEXcode Pro V5\sdk/vexv5\libv5rt.a(vex_task.cpp.obj)
                0x03805004                vex::task::_index(int (*)())
 .text._ZN3vex4task8_stopAllEv
                0x03805018       0x3c C:\Program Files (x86)\VEX Robotics\VEXcode Pro V5\sdk/vexv5\libv5rt.a(vex_task.cpp.obj)
                0x03805018                vex::task::_stopAll()
 .text.__libc_fini_array
                0x03805054       0x30 C:\Program Files (x86)\VEX Robotics\VEXcode Pro V5\sdk/vexv5/gcc/libs\libc.a(lib_a-fini.o)
                0x03805054                __libc_fini_array
 .text.__libc_init_array
                0x03805084       0x58 C:\Program Files (x86)\VEX Robotics\VEXcode Pro V5\sdk/vexv5/gcc/libs\libc.a(lib_a-init.o)
                0x03805084                __libc_init_array
 *fill*         0x038050dc        0x4 
 .text.__libc_init_array.__stub
                0x038050e0       0x18 linker stubs
 *(.gnu.linkonce.t.*)
 *(.plt)
 *(.gnu_warning)
 *(.gcc_except_table)
 *(.glue_7)
 .glue_7        0x00000000        0x0 linker stubs
 *(.glue_7t)
 .glue_7t       0x00000000        0x0 linker stubs
 *(.vfp11_veneer)
 .vfp11_veneer  0x00000000        0x0 linker stubs
 *(.ARM.extab)
 *(.gnu.linkonce.armextab.*)

.v4_bx          0x038050f8        0x0
 .v4_bx         0x00000000        0x0 linker stubs

.iplt           0x038050f8        0x0
 .iplt          0x00000000        0x0 build/src/intakes.o

.init
 *(.init)

.fini
 *(.fini)

.rodata         0x038050f8      0x258
                0x038050f8                __rodata_start = .
 *(.rodata)
 *(.rodata.*)
 .rodata.str1.1
                0x038050f8       0x52 build/src/progskills.o
 .rodata.str1.1
                0x0380514a       0x18 build/src/main.o
 *fill*         0x03805162        0x6 
 .rodata.PI     0x03805168        0x8 build/src/drive-spline.o
                0x03805168                PI
 .rodata.str1.1
                0x03805170       0x17 build/src/drive-spline.o
 .rodata.str1.1
                0x03805187       0x6d build/src/motorinfo.o
 .rodata.str1.1
                0x038051f4       0x2e C:\Program Files (x86)\VEX Robotics\VEXcode Pro V5\sdk/vexv5\libv5rt.a(v5_startup.c.obj)
 *fill*         0x03805222        0x2 
 .rodata._ZN3vex6PORT20E
                0x03805224        0x4 C:\Program Files (x86)\VEX Robotics\VEXcode Pro V5\sdk/vexv5\libv5rt.a(vex_global.cpp.obj)
                0x03805224                vex::PORT20
 .rodata._ZN3vex7monoXXLE
                0x03805228        0x4 C:\Program Files (x86)\VEX Robotics\VEXcode Pro V5\sdk/vexv5\libv5rt.a(vex_global.cpp.obj)
                0x03805228                vex::monoXXL
 .rodata._ZN3vex6PORT10E
                0x0380522c        0x4 C:\Program Files (x86)\VEX Robotics\VEXcode Pro V5\sdk/vexv5\libv5rt.a(vex_global.cpp.obj)
                0x0380522c                vex::PORT10
 .rodata._ZN3vex4msecE
                0x03805230        0x4 C:\Program Files (x86)\VEX Robotics\VEXcode Pro V5\sdk/vexv5\libv5rt.a(vex_global.cpp.obj)
                0x03805230                vex::msec
 .rodata._ZN3vex6PORT18E
                0x03805234        0x4 C:\Program Files (x86)\VEX Robotics\VEXcode Pro V5\sdk/vexv5\libv5rt.a(vex_global.cpp.obj)
                0x03805234                vex::PORT18
 .rodata._ZN3vex5PORT9E
                0x03805238        0x4 C:\Program Files (x86)\VEX Robotics\VEXcode Pro V5\sdk/vexv5\libv5rt.a(vex_global.cpp.obj)
                0x03805238                vex::PORT9
 .rodata._ZN3vex6PORT11E
                0x0380523c        0x4 C:\Program Files (x86)\VEX Robotics\VEXcode Pro V5\sdk/vexv5\libv5rt.a(vex_global.cpp.obj)
                0x0380523c                vex::PORT11
 .rodata._ZN3vex6PORT22E
                0x03805240        0x4 C:\Program Files (x86)\VEX Robotics\VEXcode Pro V5\sdk/vexv5\libv5rt.a(vex_global.cpp.obj)
                0x03805240                vex::PORT22
 .rodata._ZN3vex5PORT7E
                0x03805244        0x4 C:\Program Files (x86)\VEX Robotics\VEXcode Pro V5\sdk/vexv5\libv5rt.a(vex_global.cpp.obj)
                0x03805244                vex::PORT7
 .rodata._ZN3vex6PORT16E
                0x03805248        0x4 C:\Program Files (x86)\VEX Robotics\VEXcode Pro V5\sdk/vexv5\libv5rt.a(vex_global.cpp.obj)
                0x03805248                vex::PORT16
 .rodata._ZN3vex5PORT4E
                0x0380524c        0x4 C:\Program Files (x86)\VEX Robotics\VEXcode Pro V5\sdk/vexv5\libv5rt.a(vex_global.cpp.obj)
                0x0380524c                vex::PORT4
 .rodata._ZN3vex5PORT8E
                0x03805250        0x4 C:\Program Files (x86)\VEX Robotics\VEXcode Pro V5\sdk/vexv5\libv5rt.a(vex_global.cpp.obj)
                0x03805250                vex::PORT8
 .rodata._ZN3vex6PORT17E
                0x03805254        0x4 C:\Program Files (x86)\VEX Robotics\VEXcode Pro V5\sdk/vexv5\libv5rt.a(vex_global.cpp.obj)
                0x03805254                vex::PORT17
 .rodata._ZTVN3vex5motorE
                0x03805258       0x18 C:\Program Files (x86)\VEX Robotics\VEXcode Pro V5\sdk/vexv5\libv5rt.a(vex_motor.cpp.obj)
                0x03805258                vtable for vex::motor
 .rodata._ZTVN3vex7opticalE
                0x03805270       0x18 C:\Program Files (x86)\VEX Robotics\VEXcode Pro V5\sdk/vexv5\libv5rt.a(vex_optical.cpp.obj)
                0x03805270                vtable for vex::optical
 .rodata._ZTVN3vex8distanceE
                0x03805288       0x18 C:\Program Files (x86)\VEX Robotics\VEXcode Pro V5\sdk/vexv5\libv5rt.a(vex_distance.cpp.obj)
                0x03805288                vtable for vex::distance
 .rodata.CSWTCH.16
                0x038052a0        0xb C:\Program Files (x86)\VEX Robotics\VEXcode Pro V5\sdk/vexv5\libv5rt.a(vex_controller.cpp.obj)
 .rodata.CSWTCH.18
                0x038052ab        0xb C:\Program Files (x86)\VEX Robotics\VEXcode Pro V5\sdk/vexv5\libv5rt.a(vex_controller.cpp.obj)
 .rodata.CSWTCH.24
                0x038052b6        0x3 C:\Program Files (x86)\VEX Robotics\VEXcode Pro V5\sdk/vexv5\libv5rt.a(vex_controller.cpp.obj)
 .rodata.str1.1
                0x038052b9       0x2d C:\Program Files (x86)\VEX Robotics\VEXcode Pro V5\sdk/vexv5\libv5rt.a(vex_brain.cpp.obj)
 .rodata.CSWTCH.36
                0x038052e6       0x10 C:\Program Files (x86)\VEX Robotics\VEXcode Pro V5\sdk/vexv5\libv5rt.a(vex_triport.cpp.obj)
 *fill*         0x038052f6        0x2 
 .rodata._ZTVN3vex7triportE
                0x038052f8       0x18 C:\Program Files (x86)\VEX Robotics\VEXcode Pro V5\sdk/vexv5\libv5rt.a(vex_triport.cpp.obj)
                0x038052f8                vtable for vex::triport
 .rodata.CSWTCH.31
                0x03805310        0xe C:\Program Files (x86)\VEX Robotics\VEXcode Pro V5\sdk/vexv5\libv5rt.a(vex_triport.cpp.obj)
 *fill*         0x0380531e        0x2 
 .rodata._ZTVN3vex6deviceE
                0x03805320       0x18 C:\Program Files (x86)\VEX Robotics\VEXcode Pro V5\sdk/vexv5\libv5rt.a(vex_device.cpp.obj)
                0x03805320                vtable for vex::device
 .rodata.str1.1
                0x03805338       0x14 C:\Program Files (x86)\VEX Robotics\VEXcode Pro V5\sdk/vexv5\libv5rt.a(vex_task.cpp.obj)
 .rodata.str1.4
                0x0380534c        0x4 C:\Program Files (x86)\VEX Robotics\VEXcode Pro V5\sdk/vexv5/gcc/libs\libc.a(lib_a-impure.o)
                                  0x2 (size before relaxing)
 *(.gnu.linkonce.r.*)
                0x03805350                __rodata_end = .

.rodata1        0x03805350        0x0
                0x03805350                __rodata1_start = .
 *(.rodata1)
 *(.rodata1.*)
                0x03805350                __rodata1_end = .

.sdata2         0x03805350        0x0
                0x03805350                __sdata2_start = .
 *(.sdata2)
 *(.sdata2.*)
 *(.gnu.linkonce.s2.*)
                0x03805350                __sdata2_end = .

.sbss2          0x03805350        0x0
                0x03805350                __sbss2_start = .
 *(.sbss2)
 *(.sbss2.*)
 *(.gnu.linkonce.sb2.*)
                0x03805350                __sbss2_end = .

.data           0x03805350      0x444
                0x03805350                __data_start = .
 *(.data)
 *(.data.*)
 .data.checkred
                0x03805350        0x1 build/src/matchauton.o
                0x03805350                checkred
 *fill*         0x03805351        0x3 
 .data.appRunning
                0x03805354        0x4 C:\Program Files (x86)\VEX Robotics\VEXcode Pro V5\sdk/vexv5\libv5rt.a(v5_startup.c.obj)
                0x03805354                appRunning
 .data.__yoff   0x03805358        0x4 C:\Program Files (x86)\VEX Robotics\VEXcode Pro V5\sdk/vexv5\libv5rt.a(v5_apijump.c.obj)
 .data._ZN3vex24__default_motor_velocityE
                0x0380535c        0x4 C:\Program Files (x86)\VEX Robotics\VEXcode Pro V5\sdk/vexv5\libv5rt.a(vex_motor.cpp.obj)
                0x0380535c                vex::__default_motor_velocity
 .data._ZN3vex5event12_usereventidE
                0x03805360        0x4 C:\Program Files (x86)\VEX Robotics\VEXcode Pro V5\sdk/vexv5\libv5rt.a(vex_event.cpp.obj)
                0x03805360                vex::event::_usereventid
 *fill*         0x03805364        0x4 
 .data.impure_data
                0x03805368      0x428 C:\Program Files (x86)\VEX Robotics\VEXcode Pro V5\sdk/vexv5/gcc/libs\libc.a(lib_a-impure.o)
 .data._impure_ptr
                0x03805790        0x4 C:\Program Files (x86)\VEX Robotics\VEXcode Pro V5\sdk/vexv5/gcc/libs\libc.a(lib_a-impure.o)
                0x03805790                _impure_ptr
 *(.gnu.linkonce.d.*)
 *(.jcr)
 *(.got)
 *(.got.plt)
                0x03805794                __data_end = .

.igot.plt       0x03805794        0x0
 .igot.plt      0x00000000        0x0 build/src/intakes.o

.data1          0x03805794        0x0
                0x03805794                __data1_start = .
 *(.data1)
 *(.data1.*)
                0x03805794                __data1_end = .

.got
 *(.got)

.ctors          0x03805794        0x0
                0x03805794                __CTOR_LIST__ = .
                0x03805794                ___CTORS_LIST___ = .
 *crtbegin.o(.ctors)
 *(EXCLUDE_FILE(*crtend.o) .ctors)
 *(SORT(.ctors.*))
 *(.ctors)
                0x03805794                __CTOR_END__ = .
                0x03805794                ___CTORS_END___ = .

.dtors          0x03805794        0x0
                0x03805794                __DTOR_LIST__ = .
                0x03805794                ___DTORS_LIST___ = .
 *crtbegin.o(.dtors)
 *(EXCLUDE_FILE(*crtend.o) .dtors)
 *(SORT(.dtors.*))
 *(.dtors)
                0x03805794                __DTOR_END__ = .
                0x03805794                ___DTORS_END___ = .

.fixup          0x03805794        0x0
                0x03805794                __fixup_start = .
 *(.fixup)
                0x03805794                __fixup_end = .

.eh_frame
 *(.eh_frame)

.eh_framehdr    0x03805794        0x0
                0x03805794                __eh_framehdr_start = .
 *(.eh_framehdr)
                0x03805794                __eh_framehdr_end = .

.gcc_except_table
 *(.gcc_except_table)

.mmu_tbl        0x03808000        0x0
                0x03808000                __mmu_tbl_start = .
 *(.mmu_tbl)
                0x03808000                __mmu_tbl_end = .

.ARM.exidx      0x03805794        0x8
                0x03805794                __exidx_start = .
 *(.ARM.exidx*)
 .ARM.exidx.text._Z11intakeDrivev
                0x03805794        0x8 build/src/intakes.o
 .ARM.exidx.text._Z4moveddb
                0x0380579c        0x0 build/src/progskills.o
                                  0x8 (size before relaxing)
 .ARM.exidx.text._Z11strafeRightddb
                0x0380579c        0x0 build/src/progskills.o
                                  0x8 (size before relaxing)
 .ARM.exidx.text._Z9spinRobotdbdb
                0x0380579c        0x0 build/src/progskills.o
                                  0x8 (size before relaxing)
 .ARM.exidx.text._Z6intakev
                0x0380579c        0x0 build/src/progskills.o
                                  0x8 (size before relaxing)
 .ARM.exidx.text._Z7outtakei
                0x0380579c        0x0 build/src/progskills.o
                                  0x8 (size before relaxing)
 .ARM.exidx.text._Z10brakeMotorN3vex5motorE
                0x0380579c        0x0 build/src/progskills.o
                                  0x8 (size before relaxing)
 .ARM.exidx.text._Z10alignRobotv
                0x0380579c        0x0 build/src/progskills.o
                                  0x8 (size before relaxing)
 .ARM.exidx.text._Z9alignBackv
                0x0380579c        0x0 build/src/progskills.o
                                  0x8 (size before relaxing)
 .ARM.exidx.text._Z11stopRollersv
                0x0380579c        0x0 build/src/progskills.o
                                  0x8 (size before relaxing)
 .ARM.exidx.text._Z6alignLv
                0x0380579c        0x0 build/src/progskills.o
                                  0x8 (size before relaxing)
 .ARM.exidx.text._Z9trackTimev
                0x0380579c        0x0 build/src/progskills.o
                                  0x8 (size before relaxing)
 .ARM.exidx.text._GLOBAL__sub_I_progskills.cpp
                0x0380579c        0x0 build/src/progskills.o
                                  0x8 (size before relaxing)
 .ARM.exidx.text._Z9pre_autonv
                0x0380579c        0x0 build/src/main.o
                                  0x8 (size before relaxing)
 .ARM.exidx.text._Z10autonomousv
                0x0380579c        0x0 build/src/main.o
                                  0x8 (size before relaxing)
 .ARM.exidx.text._Z11usercontrolv
                0x0380579c        0x0 build/src/main.o
                                  0x8 (size before relaxing)
 .ARM.exidx.text.main
                0x0380579c        0x0 build/src/main.o
                                  0x8 (size before relaxing)
 .ARM.exidx.text._GLOBAL__sub_I_main.cpp
                0x0380579c        0x0 build/src/main.o
                                  0x8 (size before relaxing)
 .ARM.exidx.text._Z7movePiddd
                0x0380579c        0x0 build/src/pid.o
                                  0x8 (size before relaxing)
 .ARM.exidx.text._Z11vexcodeInitv
                0x0380579c        0x0 build/src/robot-config.o
                                  0x8 (size before relaxing)
 .ARM.exidx.text._GLOBAL__sub_I_robot_config.cpp
                0x0380579c        0x0 build/src/robot-config.o
                                  0x8 (size before relaxing)
 .ARM.exidx.text._Z7releasev
                0x0380579c        0x0 build/src/autonselect.o
                                  0x8 (size before relaxing)
 .ARM.exidx.text._Z5autonv
                0x0380579c        0x0 build/src/autonselect.o
                                  0x8 (size before relaxing)
 .ARM.exidx.text._Z7rollersv
                0x0380579c        0x0 build/src/rollers.o
                                  0x8 (size before relaxing)
 .ARM.exidx.text._Z18calcPowerReductiondd
                0x0380579c        0x0 build/src/drive-spline.o
                                  0x8 (size before relaxing)
 .ARM.exidx.text._Z5drivev
                0x0380579c        0x0 build/src/drive-spline.o
                                  0x8 (size before relaxing)
 .ARM.exidx.text._GLOBAL__sub_I_drive_spline.cpp
                0x0380579c        0x0 build/src/drive-spline.o
                                  0x8 (size before relaxing)
 .ARM.exidx.text._Z9motorInfov
                0x0380579c        0x0 build/src/motorinfo.o
                                  0x8 (size before relaxing)
 .ARM.exidx.text._Z8keepTimev
                0x0380579c        0x0 build/src/matchauton.o
                                  0x8 (size before relaxing)
 .ARM.exidx.text._Z6alignFv
                0x0380579c        0x0 build/src/matchauton.o
                                  0x8 (size before relaxing)
 .ARM.exidx.text._Z10alignRightv
                0x0380579c        0x0 build/src/matchauton.o
                                  0x8 (size before relaxing)
 .ARM.exidx.text._Z12autonRowBlueb
                0x0380579c        0x0 build/src/matchauton.o
                                  0x8 (size before relaxing)
 .ARM.exidx.text._GLOBAL__sub_I_matchauton.cpp
                0x0380579c        0x0 build/src/matchauton.o
                                  0x8 (size before relaxing)
 *(.gnu.linkonce.armexidix.*.*)
                0x0380579c                __exidx_end = .

.rel.dyn        0x0380579c        0x0
 .rel.iplt      0x00000000        0x0 build/src/intakes.o

.preinit_array  0x0380579c        0x0
                0x0380579c                __preinit_array_start = .
 *(SORT(.preinit_array.*))
 *(.preinit_array)
                0x0380579c                __preinit_array_end = .

.init_array     0x0380579c       0x1c
                0x0380579c                __init_array_start = .
 *(SORT(.init_array.*))
 *(.init_array)
 .init_array    0x0380579c        0x4 build/src/progskills.o
 .init_array    0x038057a0        0x4 build/src/main.o
 .init_array    0x038057a4        0x4 build/src/robot-config.o
 .init_array    0x038057a8        0x4 build/src/drive-spline.o
 .init_array    0x038057ac        0x4 build/src/matchauton.o
 .init_array    0x038057b0        0x4 C:\Program Files (x86)\VEX Robotics\VEXcode Pro V5\sdk/vexv5\libv5rt.a(vex_triport.cpp.obj)
 .init_array    0x038057b4        0x4 C:\Program Files (x86)\VEX Robotics\VEXcode Pro V5\sdk/vexv5\libv5rt.a(vex_color.cpp.obj)
                0x038057b8                __init_array_end = .

.fini_array     0x038057b8        0x0
                0x038057b8                __fini_array_start = .
 *(SORT(.fini_array.*))
 *(.fini_array)
                0x038057b8                __fini_array_end = .

.ARM.attributes
                0x038057b8       0x3c
                0x038057b8                __ARM.attributes_start = .
 *(.ARM.attributes)
 .ARM.attributes
                0x038057b8       0x3a build/src/intakes.o
 .ARM.attributes
                0x038057f2       0x3a build/src/progskills.o
 .ARM.attributes
                0x0380582c       0x3a build/src/main.o
 .ARM.attributes
                0x03805866       0x3a build/src/pid.o
 .ARM.attributes
                0x038058a0       0x3a build/src/robot-config.o
 .ARM.attributes
                0x038058da       0x3a build/src/autonselect.o
 .ARM.attributes
                0x03805914       0x3a build/src/rollers.o
 .ARM.attributes
                0x0380594e       0x3a build/src/drive-spline.o
 .ARM.attributes
                0x03805988       0x3a build/src/motorinfo.o
 .ARM.attributes
                0x038059c2       0x3a build/src/matchauton.o
 .ARM.attributes
                0x038059fc       0x35 C:\Program Files (x86)\VEX Robotics\VEXcode Pro V5\sdk/vexv5\libv5rt.a(v5_startup.c.obj)
 .ARM.attributes
                0x03805a31       0x35 C:\Program Files (x86)\VEX Robotics\VEXcode Pro V5\sdk/vexv5\libv5rt.a(v5_util.c.obj)
 .ARM.attributes
                0x03805a66       0x35 C:\Program Files (x86)\VEX Robotics\VEXcode Pro V5\sdk/vexv5\libv5rt.a(v5_apijump.c.obj)
 .ARM.attributes
                0x03805a9b       0x35 C:\Program Files (x86)\VEX Robotics\VEXcode Pro V5\sdk/vexv5\libv5rt.a(v5_apiversions.c.obj)
 .ARM.attributes
                0x03805ad0       0x35 C:\Program Files (x86)\VEX Robotics\VEXcode Pro V5\sdk/vexv5\libv5rt.a(vex_global.cpp.obj)
 .ARM.attributes
                0x03805b05       0x35 C:\Program Files (x86)\VEX Robotics\VEXcode Pro V5\sdk/vexv5\libv5rt.a(vex_motor.cpp.obj)
 .ARM.attributes
                0x03805b3a       0x35 C:\Program Files (x86)\VEX Robotics\VEXcode Pro V5\sdk/vexv5\libv5rt.a(vex_optical.cpp.obj)
 .ARM.attributes
                0x03805b6f       0x35 C:\Program Files (x86)\VEX Robotics\VEXcode Pro V5\sdk/vexv5\libv5rt.a(vex_distance.cpp.obj)
 .ARM.attributes
                0x03805ba4       0x35 C:\Program Files (x86)\VEX Robotics\VEXcode Pro V5\sdk/vexv5\libv5rt.a(vex_controller.cpp.obj)
 .ARM.attributes
                0x03805bd9       0x35 C:\Program Files (x86)\VEX Robotics\VEXcode Pro V5\sdk/vexv5\libv5rt.a(vex_thread.cpp.obj)
 .ARM.attributes
                0x03805c0e       0x35 C:\Program Files (x86)\VEX Robotics\VEXcode Pro V5\sdk/vexv5\libv5rt.a(vex_event.cpp.obj)
 .ARM.attributes
                0x03805c43       0x35 C:\Program Files (x86)\VEX Robotics\VEXcode Pro V5\sdk/vexv5\libv5rt.a(vex_mevent.cpp.obj)
 .ARM.attributes
                0x03805c78       0x35 C:\Program Files (x86)\VEX Robotics\VEXcode Pro V5\sdk/vexv5\libv5rt.a(vex_brain.cpp.obj)
 .ARM.attributes
                0x03805cad       0x35 C:\Program Files (x86)\VEX Robotics\VEXcode Pro V5\sdk/vexv5\libv5rt.a(vex_competition.cpp.obj)
 .ARM.attributes
                0x03805ce2       0x35 C:\Program Files (x86)\VEX Robotics\VEXcode Pro V5\sdk/vexv5\libv5rt.a(vex_triport.cpp.obj)
 .ARM.attributes
                0x03805d17       0x35 C:\Program Files (x86)\VEX Robotics\VEXcode Pro V5\sdk/vexv5\libv5rt.a(vex_color.cpp.obj)
 .ARM.attributes
                0x03805d4c       0x35 C:\Program Files (x86)\VEX Robotics\VEXcode Pro V5\sdk/vexv5\libv5rt.a(vex_timer.cpp.obj)
 .ARM.attributes
                0x03805d81       0x35 C:\Program Files (x86)\VEX Robotics\VEXcode Pro V5\sdk/vexv5\libv5rt.a(v5_apiuser.c.obj)
 .ARM.attributes
                0x03805db6       0x35 C:\Program Files (x86)\VEX Robotics\VEXcode Pro V5\sdk/vexv5\libv5rt.a(vex_device.cpp.obj)
 .ARM.attributes
                0x03805deb       0x35 C:\Program Files (x86)\VEX Robotics\VEXcode Pro V5\sdk/vexv5\libv5rt.a(vex_task.cpp.obj)
 .ARM.attributes
                0x03805e20       0x2b C:\Program Files (x86)\VEX Robotics\VEXcode Pro V5\sdk/vexv5/gcc/libs\libc.a(lib_a-fini.o)
 .ARM.attributes
                0x03805e4b       0x2b C:\Program Files (x86)\VEX Robotics\VEXcode Pro V5\sdk/vexv5/gcc/libs\libc.a(lib_a-impure.o)
 .ARM.attributes
                0x03805e76       0x2b C:\Program Files (x86)\VEX Robotics\VEXcode Pro V5\sdk/vexv5/gcc/libs\libc.a(lib_a-init.o)
                0x03805ea1                __ARM.attributes_end = .

.sdata          0x038057b8        0x0
                0x038057b8                __sdata_start = .
 *(.sdata)
 *(.sdata.*)
 *(.gnu.linkonce.s.*)
                0x038057b8                __sdata_end = .

.sbss           0x038057b8        0x0
                0x038057b8                __sbss_start = .
 *(.sbss)
 *(.sbss.*)
 *(.gnu.linkonce.sb.*)
                0x038057b8                __sbss_end = .

.tdata          0x038057b8        0x0
                0x038057b8                __tdata_start = .
 *(.tdata)
 *(.tdata.*)
 *(.gnu.linkonce.td.*)
                0x038057b8                __tdata_end = .

.tbss           0x038057b8        0x0
                0x038057b8                __tbss_start = .
 *(.tbss)
 *(.tbss.*)
 *(.gnu.linkonce.tb.*)
                0x038057b8                __tbss_end = .

.bss            0x038057b8      0x78c
                0x038057b8                __bss_start = .
 *(.bss)
 *(.bss.*)
 .bss.wheelCirc
                0x038057b8        0x8 build/src/progskills.o
                0x038057b8                wheelCirc
 .bss.turnCirc  0x038057c0        0x8 build/src/progskills.o
                0x038057c0                turnCirc
 .bss.align     0x038057c8        0x8 build/src/progskills.o
                0x038057c8                align
 .bss.alignB    0x038057d0        0x8 build/src/progskills.o
                0x038057d0                alignB
 .bss.stopRollersEvent
                0x038057d8        0x8 build/src/progskills.o
                0x038057d8                stopRollersEvent
 .bss.alignLeft
                0x038057e0        0x8 build/src/progskills.o
                0x038057e0                alignLeft
 .bss.startTimeTracker
                0x038057e8        0x8 build/src/progskills.o
                0x038057e8                startTimeTracker
 .bss.Competition
                0x038057f0       0x28 build/src/main.o
                0x038057f0                Competition
 .bss.LeftFront
                0x03805818       0x24 build/src/main.o
                0x03805818                LeftFront
 .bss.LeftRear  0x0380583c       0x24 build/src/main.o
                0x0380583c                LeftRear
 .bss.RightFront
                0x03805860       0x24 build/src/main.o
                0x03805860                RightFront
 .bss.RightRear
                0x03805884       0x24 build/src/main.o
                0x03805884                RightRear
 .bss.LeftIntake
                0x038058a8       0x24 build/src/main.o
                0x038058a8                LeftIntake
 .bss.RightIntake
                0x038058cc       0x24 build/src/main.o
                0x038058cc                RightIntake
 .bss.BottomRoller
                0x038058f0       0x24 build/src/main.o
                0x038058f0                BottomRoller
 .bss.TopRoller
                0x03805914       0x24 build/src/main.o
                0x03805914                TopRoller
 .bss.ct        0x03805938      0x1e0 build/src/main.o
                0x03805938                ct
 .bss.topSensorInit
                0x03805b18        0x4 build/src/main.o
                0x03805b18                topSensorInit
 .bss.bottomSensorInit
                0x03805b1c        0x4 build/src/main.o
                0x03805b1c                bottomSensorInit
 .bss.Brain     0x03805b20      0x2bc build/src/robot-config.o
                0x03805b20                Brain
 .bss.topSensor
                0x03805ddc       0x1c build/src/robot-config.o
                0x03805ddc                topSensor
 .bss.bottomSensor
                0x03805df8       0x1c build/src/robot-config.o
                0x03805df8                bottomSensor
 .bss.leftEncoder
                0x03805e14       0x1c build/src/robot-config.o
                0x03805e14                leftEncoder
 .bss.rightEncoder
                0x03805e30       0x1c build/src/robot-config.o
                0x03805e30                rightEncoder
 .bss.middleSensor
                0x03805e4c       0x20 build/src/robot-config.o
                0x03805e4c                middleSensor
 .bss.topSensorNew
                0x03805e6c       0x18 build/src/robot-config.o
                0x03805e6c                topSensorNew
 .bss.bottomSensorNew
                0x03805e84       0x10 build/src/robot-config.o
                0x03805e84                bottomSensorNew
 *fill*         0x03805e94        0x4 
 .bss.encoderLeftInit
                0x03805e98        0x8 build/src/drive-spline.o
                0x03805e98                encoderLeftInit
 .bss.encoderRightInit
                0x03805ea0        0x8 build/src/drive-spline.o
                0x03805ea0                encoderRightInit
 .bss.timermsec
                0x03805ea8        0x4 build/src/matchauton.o
                0x03805ea8                timermsec
 .bss.startTimer
                0x03805eac        0x8 build/src/matchauton.o
                0x03805eac                startTimer
 .bss.alignFront
                0x03805eb4        0x8 build/src/matchauton.o
                0x03805eb4                alignFront
 .bss.alignRightSide
                0x03805ebc        0x8 build/src/matchauton.o
                0x03805ebc                alignRightSide
 .bss.__dso_handle
                0x03805ec4        0x4 C:\Program Files (x86)\VEX Robotics\VEXcode Pro V5\sdk/vexv5\libv5rt.a(v5_startup.c.obj)
                0x03805ec4                __dso_handle
 .bss._ZN3vex11competition22bStopTasksBetweenModesE
                0x03805ec8        0x1 C:\Program Files (x86)\VEX Robotics\VEXcode Pro V5\sdk/vexv5\libv5rt.a(vex_competition.cpp.obj)
                0x03805ec8                vex::competition::bStopTasksBetweenModes
 .bss._ZN3vex11competition15_driver_pendingE
                0x03805ec9        0x1 C:\Program Files (x86)\VEX Robotics\VEXcode Pro V5\sdk/vexv5\libv5rt.a(vex_competition.cpp.obj)
                0x03805ec9                vex::competition::_driver_pending
 .bss._ZN3vex11competition14_auton_pendingE
                0x03805eca        0x1 C:\Program Files (x86)\VEX Robotics\VEXcode Pro V5\sdk/vexv5\libv5rt.a(vex_competition.cpp.obj)
                0x03805eca                vex::competition::_auton_pending
 *fill*         0x03805ecb        0x1 
 .bss._ZN3vex11competition23_drivercontrol_callbackE
                0x03805ecc        0x4 C:\Program Files (x86)\VEX Robotics\VEXcode Pro V5\sdk/vexv5\libv5rt.a(vex_competition.cpp.obj)
                0x03805ecc                vex::competition::_drivercontrol_callback
 .bss._ZN3vex11competition20_autonomous_callbackE
                0x03805ed0        0x4 C:\Program Files (x86)\VEX Robotics\VEXcode Pro V5\sdk/vexv5\libv5rt.a(vex_competition.cpp.obj)
                0x03805ed0                vex::competition::_autonomous_callback
 .bss._ZN3vex11competition25bStopAllTasksBetweenModesE
                0x03805ed4        0x1 C:\Program Files (x86)\VEX Robotics\VEXcode Pro V5\sdk/vexv5\libv5rt.a(vex_competition.cpp.obj)
                0x03805ed4                vex::competition::bStopAllTasksBetweenModes
 .bss._ZStL8__ioinit
                0x03805ed5        0x1 C:\Program Files (x86)\VEX Robotics\VEXcode Pro V5\sdk/vexv5\libv5rt.a(vex_triport.cpp.obj)
 *fill*         0x03805ed6        0x2 
 .bss._ZN3vex5color6orangeE
                0x03805ed8        0x8 C:\Program Files (x86)\VEX Robotics\VEXcode Pro V5\sdk/vexv5\libv5rt.a(vex_color.cpp.obj)
                0x03805ed8                vex::color::orange
 .bss._ZN3vex5color5blackE
                0x03805ee0        0x8 C:\Program Files (x86)\VEX Robotics\VEXcode Pro V5\sdk/vexv5\libv5rt.a(vex_color.cpp.obj)
                0x03805ee0                vex::color::black
 .bss._ZN3vex5color6yellowE
                0x03805ee8        0x8 C:\Program Files (x86)\VEX Robotics\VEXcode Pro V5\sdk/vexv5\libv5rt.a(vex_color.cpp.obj)
                0x03805ee8                vex::color::yellow
 .bss._ZN3vex5color5greenE
                0x03805ef0        0x8 C:\Program Files (x86)\VEX Robotics\VEXcode Pro V5\sdk/vexv5\libv5rt.a(vex_color.cpp.obj)
                0x03805ef0                vex::color::green
 .bss._ZN3vex5color6purpleE
                0x03805ef8        0x8 C:\Program Files (x86)\VEX Robotics\VEXcode Pro V5\sdk/vexv5\libv5rt.a(vex_color.cpp.obj)
                0x03805ef8                vex::color::purple
 .bss._ZN3vex5color4cyanE
                0x03805f00        0x8 C:\Program Files (x86)\VEX Robotics\VEXcode Pro V5\sdk/vexv5\libv5rt.a(vex_color.cpp.obj)
                0x03805f00                vex::color::cyan
 .bss._ZN3vex5color4blueE
                0x03805f08        0x8 C:\Program Files (x86)\VEX Robotics\VEXcode Pro V5\sdk/vexv5\libv5rt.a(vex_color.cpp.obj)
                0x03805f08                vex::color::blue
 .bss._ZN3vex5color3redE
                0x03805f10        0x8 C:\Program Files (x86)\VEX Robotics\VEXcode Pro V5\sdk/vexv5\libv5rt.a(vex_color.cpp.obj)
                0x03805f10                vex::color::red
 .bss._ZN3vex5color11transparentE
                0x03805f18        0x8 C:\Program Files (x86)\VEX Robotics\VEXcode Pro V5\sdk/vexv5\libv5rt.a(vex_color.cpp.obj)
                0x03805f18                vex::color::transparent
 .bss._ZN3vex5color5whiteE
                0x03805f20        0x8 C:\Program Files (x86)\VEX Robotics\VEXcode Pro V5\sdk/vexv5\libv5rt.a(vex_color.cpp.obj)
                0x03805f20                vex::color::white
 .bss._ZN3vex4task8_labelIdE
                0x03805f28        0x4 C:\Program Files (x86)\VEX Robotics\VEXcode Pro V5\sdk/vexv5\libv5rt.a(vex_task.cpp.obj)
                0x03805f28                vex::task::_labelId
 *(.gnu.linkonce.b.*)
 *(COMMON)
 COMMON         0x03805f2c       0x18 C:\Program Files (x86)\VEX Robotics\VEXcode Pro V5\sdk/vexv5\libv5rt.a(v5_startup.c.obj)
                0x03805f30                __vex_critical_section
                0x03805f44                __bss_end = .
                0x038057b8                _SDA_BASE_ = (__sdata_start + ((__sbss_end - __sdata_start) / 0x2))
                0x03805350                _SDA2_BASE_ = (__sdata2_start + ((__sbss2_end - __sdata2_start) / 0x2))

.heap           0x03805f44   0x10000c
                0x03805f50                . = ALIGN (0x10)
 *fill*         0x03805f44        0xc 
                0x03805f50                _heap = .
                0x03805f50                HeapBase = .
                0x03805f50                _heap_start = .
                0x03905f50                . = (. + _HEAP_SIZE)
 *fill*         0x03805f50   0x100000 
                0x03905f50                _heap_end = .
                0x03905f50                HeapLimit = .

.stack          0x03905f50     0x3800
                0x03905f50                . = ALIGN (0x10)
                0x03905f50                _stack_end = .
                0x03907f50                . = (. + _STACK_SIZE)
 *fill*         0x03905f50     0x2000 
                0x03907f50                . = ALIGN (0x10)
                0x03907f50                _stack = .
                0x03907f50                __stack = _stack
                0x03907f50                . = ALIGN (0x10)
                0x03907f50                _irq_stack_end = .
                0x03908350                . = (. + _IRQ_STACK_SIZE)
 *fill*         0x03907f50      0x400 
                0x03908350                . = ALIGN (0x10)
                0x03908350                __irq_stack = .
                0x03908350                _supervisor_stack_end = .
                0x03908b50                . = (. + _SUPERVISOR_STACK_SIZE)
 *fill*         0x03908350      0x800 
                0x03908b50                . = ALIGN (0x10)
                0x03908b50                __supervisor_stack = .
                0x03908b50                _abort_stack_end = .
                0x03908f50                . = (. + _ABORT_STACK_SIZE)
 *fill*         0x03908b50      0x400 
                0x03908f50                . = ALIGN (0x10)
                0x03908f50                __abort_stack = .
                0x03908f50                _fiq_stack_end = .
                0x03909350                . = (. + _FIQ_STACK_SIZE)
 *fill*         0x03908f50      0x400 
                0x03909350                . = ALIGN (0x10)
                0x03909350                __fiq_stack = .
                0x03909350                _undef_stack_end = .
                0x03909750                . = (. + _UNDEF_STACK_SIZE)
 *fill*         0x03909350      0x400 
                0x03909750                . = ALIGN (0x10)
                0x03909750                __undef_stack = .
                0x03909750                _end = .
LOAD C:\Program Files (x86)\VEX Robotics\VEXcode Pro V5\sdk/vexv5/stdlib_0.lib
LOAD build/src/intakes.o
LOAD build/src/progskills.o
LOAD build/src/main.o
LOAD build/src/pid.o
LOAD build/src/robot-config.o
LOAD build/src/autonselect.o
LOAD build/src/autonremake.o
LOAD build/src/rollers.o
LOAD build/src/drive-spline.o
LOAD build/src/motorinfo.o
LOAD build/src/matchauton.o
LOAD build/src/testing.o
START GROUP
LOAD C:\Program Files (x86)\VEX Robotics\VEXcode Pro V5\sdk/vexv5\libv5rt.a
LOAD C:\Program Files (x86)\VEX Robotics\VEXcode Pro V5\sdk/vexv5/gcc/libs\libstdc++.a
LOAD C:\Program Files (x86)\VEX Robotics\VEXcode Pro V5\sdk/vexv5/gcc/libs\libc.a
LOAD C:\Program Files (x86)\VEX Robotics\VEXcode Pro V5\sdk/vexv5/gcc/libs\libm.a
LOAD C:\Program Files (x86)\VEX Robotics\VEXcode Pro V5\sdk/vexv5/gcc/libs\libgcc.a
END GROUP
OUTPUT(build/XDriveBotCodeR.elf elf32-littlearm)

.comment        0x00000000       0x9d
 .comment       0x00000000       0x2d build/src/intakes.o
                                 0x2e (size before relaxing)
 .comment       0x00000000       0x2e build/src/progskills.o
 .comment       0x00000000       0x2e build/src/main.o
 .comment       0x00000000       0x2e build/src/pid.o
 .comment       0x00000000       0x2e build/src/robot-config.o
 .comment       0x00000000       0x2e build/src/autonselect.o
 .comment       0x00000000       0x2e build/src/rollers.o
 .comment       0x00000000       0x2e build/src/drive-spline.o
 .comment       0x00000000       0x2e build/src/motorinfo.o
 .comment       0x00000000       0x2e build/src/matchauton.o
 .comment       0x0000002d       0x70 C:\Program Files (x86)\VEX Robotics\VEXcode Pro V5\sdk/vexv5\libv5rt.a(v5_startup.c.obj)
                                 0x71 (size before relaxing)
 .comment       0x00000000       0x71 C:\Program Files (x86)\VEX Robotics\VEXcode Pro V5\sdk/vexv5\libv5rt.a(v5_util.c.obj)
 .comment       0x00000000       0x71 C:\Program Files (x86)\VEX Robotics\VEXcode Pro V5\sdk/vexv5\libv5rt.a(v5_apijump.c.obj)
 .comment       0x00000000       0x71 C:\Program Files (x86)\VEX Robotics\VEXcode Pro V5\sdk/vexv5\libv5rt.a(v5_apiversions.c.obj)
 .comment       0x00000000       0x71 C:\Program Files (x86)\VEX Robotics\VEXcode Pro V5\sdk/vexv5\libv5rt.a(vex_global.cpp.obj)
 .comment       0x00000000       0x71 C:\Program Files (x86)\VEX Robotics\VEXcode Pro V5\sdk/vexv5\libv5rt.a(vex_motor.cpp.obj)
 .comment       0x00000000       0x71 C:\Program Files (x86)\VEX Robotics\VEXcode Pro V5\sdk/vexv5\libv5rt.a(vex_optical.cpp.obj)
 .comment       0x00000000       0x71 C:\Program Files (x86)\VEX Robotics\VEXcode Pro V5\sdk/vexv5\libv5rt.a(vex_distance.cpp.obj)